DS8_early_4_s200 fit northwest 0
DS8_early_4_s200 fit nested 0
DS8_early_8_s200 fit origin 0
DS8_early_8_s200 fit southeast 0
DS8_early_8_s200 fit northwest 0
DS8_early_8_s200 fit nested 0
DS8_middle_4_s200 fit origin 0
DS8_middle_4_s200 fit southeast 0
DS8_middle_4_s200 fit northwest 0
DS8_middle_4_s200 fit nested 0
DS8_middle_8_s200 fit origin 0
DS8_middle_8_s200 fit southeast 0
DS8_middle_8_s200 fit northwest 0
DS8_middle_8_s200 fit nested 0
DS8_late_4_s200 fit origin 0
DS8_late_4_s200 fit southeast 0
DS8_late_4_s200 fit northwest 0
DS8_late_4_s200 fit nested 0
DS8_late_8_s200 fit origin 0
DS8_late_8_s200 fit southeast 0
DS8_late_8_s200 fit northwest 0
DS8_late_8_s200 fit nested 0
DS9_early_4_s200 fit origin 0
DS9_early_4_s200 fit southeast 0
DS9_early_4_s200 fit northwest 0
DS9_early_4_s200 fit nested 0
DS9_early_8_s200 fit origin 0
DS9_early_8_s200 fit southeast 0
DS9_early_8_s200 fit northwest 0
DS9_early_8_s200 fit nested 0
DS9_middle_4_s200 fit origin 0
DS9_middle_4_s200 fit southeast 0
DS9_middle_4_s200 fit northwest 0
DS9_middle_4_s200 fit nested 0
DS9_middle_8_s200 fit origin 0
DS9_middle_8_s200 fit southeast 0
DS9_middle_8_s200 fit northwest 0
DS9_middle_8_s200 fit nested 0
Traceback (most recent call last):
  File "/home/mouse9911/gits/leo-tracker-reduxredux/reports/2026_09_29_partial_receiver_timing/continue_s200.py", line 77, in <module>
    assert available >= 5 * 1024**3, "Insufficient headroom; process not launched"
           ^^^^^^^^^^^^^^^^^^^^^^^^
AssertionError: Insufficient headroom; process not launched
