[
  {
    "dataset": "DS7",
    "manifest_path": "reports/2026_09_27_ds7_post_ds6/manifest.json",
    "manifest_sha256": "47007b1c18e8182f6a005dfd05c237cb3edb9bf85ae6376c99ccf29d54434109",
    "total_records": 88,
    "full_start_span_hours": 10.249456448056112,
    "first_eight_start_span_hours": 0.8253757116663889,
    "records_with_bank_matches": 8
  },
  {
    "dataset": "DS8",
    "manifest_path": "reports/2026_09_28_ds8_post_ds7/manifest.json",
    "manifest_sha256": "33689ed731c176bff865d703ea0aaa2e5f2ef60168f3f150276ffc125fbbbc9b",
    "total_records": 65,
    "full_start_span_hours": 8.014098476209444,
    "first_eight_start_span_hours": 0.943291499605,
    "records_with_bank_matches": 1
  },
  {
    "dataset": "DS9",
    "manifest_path": "reports/2026_09_28_ds9_post_ds8/manifest.json",
    "manifest_sha256": "ac208acf413462178e88073857ced0de4cae49ebde35a7338781459865c97f0d",
    "total_records": 105,
    "full_start_span_hours": 12.607706804981389,
    "first_eight_start_span_hours": 0.824421956295,
    "records_with_bank_matches": 1
  }
]
