{
  "selections": [
    {
      "dataset": "DS7",
      "selection": "within_dataset",
      "training_datasets": [
        "DS7"
      ],
      "selected": {
        "iid": {
          "family": "iid",
          "scale": 100,
          "decay_s": 0,
          "id": "iid_s100_t0",
          "train": -95020.46249311544,
          "held": -59779.20390555362
        },
        "shared_scale": {
          "family": "mvt",
          "scale": 100,
          "decay_s": 0,
          "id": "mvt_s100_t0",
          "train": -92085.09647518936,
          "held": -57105.09675563111
        },
        "correlated": {
          "family": "mvt",
          "scale": 100,
          "decay_s": 10,
          "id": "mvt_s100_t10",
          "train": -87007.26539099177,
          "held": -51888.70923617367
        }
      },
      "correlated_vs_original": 7890.49466937995,
      "correlated_vs_selected_shared_scale": 5216.387519457436,
      "correlated_vs_same_scale": 5216.387519457436,
      "paired_records": [
        {
          "session_id": "scan-fw-1a8fada20483c159",
          "vs_original": 474.8427767470612,
          "vs_shared_scale": 345.96902398013754,
          "vs_same_scale": 345.96902398013754
        },
        {
          "session_id": "scan-fw-319730ab74ce43e7",
          "vs_original": 877.2421441359957,
          "vs_shared_scale": 517.9949023422014,
          "vs_same_scale": 517.9949023422014
        },
        {
          "session_id": "scan-fw-3b5aa99026fbf2cc",
          "vs_original": 1135.5312944369525,
          "vs_shared_scale": 677.8552501821832,
          "vs_same_scale": 677.8552501821832
        },
        {
          "session_id": "scan-fw-4461e9a2d9d598cb",
          "vs_original": 2307.5553459164703,
          "vs_shared_scale": 1236.3664446245511,
          "vs_same_scale": 1236.3664446245511
        },
        {
          "session_id": "scan-fw-534e7fb34771526d",
          "vs_original": 1037.4065639530036,
          "vs_shared_scale": 825.810040686416,
          "vs_same_scale": 825.810040686416
        },
        {
          "session_id": "scan-fw-5f7bf896e4552887",
          "vs_original": 655.6936173639087,
          "vs_shared_scale": 511.10583607096487,
          "vs_same_scale": 511.10583607096487
        },
        {
          "session_id": "scan-fw-a40658642d9ade6a",
          "vs_original": 585.7152594845056,
          "vs_shared_scale": 442.1839012951932,
          "vs_same_scale": 442.1839012951932
        },
        {
          "session_id": "scan-fw-c8c8eac794484395",
          "vs_original": 816.5076673420517,
          "vs_shared_scale": 659.1021202757838,
          "vs_same_scale": 659.1021202757838
        }
      ]
    },
    {
      "dataset": "DS7",
      "selection": "donor_datasets",
      "training_datasets": [
        "DS8",
        "DS9"
      ],
      "selected": {
        "iid": {
          "family": "iid",
          "scale": 100,
          "decay_s": 0,
          "id": "iid_s100_t0",
          "train": -95020.46249311544,
          "held": -59779.20390555362
        },
        "shared_scale": {
          "family": "mvt",
          "scale": 100,
          "decay_s": 0,
          "id": "mvt_s100_t0",
          "train": -92085.09647518936,
          "held": -57105.09675563111
        },
        "correlated": {
          "family": "mvt",
          "scale": 100,
          "decay_s": 10,
          "id": "mvt_s100_t10",
          "train": -87007.26539099177,
          "held": -51888.70923617367
        }
      },
      "correlated_vs_original": 7890.49466937995,
      "correlated_vs_selected_shared_scale": 5216.387519457436,
      "correlated_vs_same_scale": 5216.387519457436,
      "paired_records": [
        {
          "session_id": "scan-fw-1a8fada20483c159",
          "vs_original": 474.8427767470612,
          "vs_shared_scale": 345.96902398013754,
          "vs_same_scale": 345.96902398013754
        },
        {
          "session_id": "scan-fw-319730ab74ce43e7",
          "vs_original": 877.2421441359957,
          "vs_shared_scale": 517.9949023422014,
          "vs_same_scale": 517.9949023422014
        },
        {
          "session_id": "scan-fw-3b5aa99026fbf2cc",
          "vs_original": 1135.5312944369525,
          "vs_shared_scale": 677.8552501821832,
          "vs_same_scale": 677.8552501821832
        },
        {
          "session_id": "scan-fw-4461e9a2d9d598cb",
          "vs_original": 2307.5553459164703,
          "vs_shared_scale": 1236.3664446245511,
          "vs_same_scale": 1236.3664446245511
        },
        {
          "session_id": "scan-fw-534e7fb34771526d",
          "vs_original": 1037.4065639530036,
          "vs_shared_scale": 825.810040686416,
          "vs_same_scale": 825.810040686416
        },
        {
          "session_id": "scan-fw-5f7bf896e4552887",
          "vs_original": 655.6936173639087,
          "vs_shared_scale": 511.10583607096487,
          "vs_same_scale": 511.10583607096487
        },
        {
          "session_id": "scan-fw-a40658642d9ade6a",
          "vs_original": 585.7152594845056,
          "vs_shared_scale": 442.1839012951932,
          "vs_same_scale": 442.1839012951932
        },
        {
          "session_id": "scan-fw-c8c8eac794484395",
          "vs_original": 816.5076673420517,
          "vs_shared_scale": 659.1021202757838,
          "vs_same_scale": 659.1021202757838
        }
      ]
    },
    {
      "dataset": "DS8",
      "selection": "within_dataset",
      "training_datasets": [
        "DS8"
      ],
      "selected": {
        "iid": {
          "family": "iid",
          "scale": 100,
          "decay_s": 0,
          "id": "iid_s100_t0",
          "train": -100715.2599402514,
          "held": -62052.62996060636
        },
        "shared_scale": {
          "family": "mvt",
          "scale": 100,
          "decay_s": 0,
          "id": "mvt_s100_t0",
          "train": -97838.91794054628,
          "held": -59446.027203743426
        },
        "correlated": {
          "family": "mvt",
          "scale": 100,
          "decay_s": 10,
          "id": "mvt_s100_t10",
          "train": -91352.00288142997,
          "held": -53111.27759700359
        }
      },
      "correlated_vs_original": 8941.352363602775,
      "correlated_vs_selected_shared_scale": 6334.749606739839,
      "correlated_vs_same_scale": 6334.749606739839,
      "paired_records": [
        {
          "session_id": "scan-fw-226485b45dd0d0cf",
          "vs_original": 824.5882068422316,
          "vs_shared_scale": 559.4994031257947,
          "vs_same_scale": 559.4994031257947
        },
        {
          "session_id": "scan-fw-23ca8538647774b2",
          "vs_original": 1917.0479806905032,
          "vs_shared_scale": 1261.139546147363,
          "vs_same_scale": 1261.139546147363
        },
        {
          "session_id": "scan-fw-5579ea7efd8c20da",
          "vs_original": 962.8966298457299,
          "vs_shared_scale": 730.8739729898207,
          "vs_same_scale": 730.8739729898207
        },
        {
          "session_id": "scan-fw-6234d5440f90806e",
          "vs_original": 1183.0817282375829,
          "vs_shared_scale": 990.3837837501933,
          "vs_same_scale": 990.3837837501933
        },
        {
          "session_id": "scan-fw-9c5f3143152db63d",
          "vs_original": 1359.8643469860372,
          "vs_shared_scale": 963.2743044913686,
          "vs_same_scale": 963.2743044913686
        },
        {
          "session_id": "scan-fw-aadcd44b66085469",
          "vs_original": 1267.6787559112963,
          "vs_shared_scale": 837.355355676932,
          "vs_same_scale": 837.355355676932
        },
        {
          "session_id": "scan-fw-ac05824a99b22ffd",
          "vs_original": 980.8469605936862,
          "vs_shared_scale": 687.4336759930156,
          "vs_same_scale": 687.4336759930156
        },
        {
          "session_id": "scan-fw-ae6175dd0600ae77",
          "vs_original": 445.3477544957095,
          "vs_shared_scale": 304.78956456534524,
          "vs_same_scale": 304.78956456534524
        }
      ]
    },
    {
      "dataset": "DS8",
      "selection": "donor_datasets",
      "training_datasets": [
        "DS7",
        "DS9"
      ],
      "selected": {
        "iid": {
          "family": "iid",
          "scale": 100,
          "decay_s": 0,
          "id": "iid_s100_t0",
          "train": -100715.2599402514,
          "held": -62052.62996060636
        },
        "shared_scale": {
          "family": "mvt",
          "scale": 100,
          "decay_s": 0,
          "id": "mvt_s100_t0",
          "train": -97838.91794054628,
          "held": -59446.027203743426
        },
        "correlated": {
          "family": "mvt",
          "scale": 100,
          "decay_s": 10,
          "id": "mvt_s100_t10",
          "train": -91352.00288142997,
          "held": -53111.27759700359
        }
      },
      "correlated_vs_original": 8941.352363602775,
      "correlated_vs_selected_shared_scale": 6334.749606739839,
      "correlated_vs_same_scale": 6334.749606739839,
      "paired_records": [
        {
          "session_id": "scan-fw-226485b45dd0d0cf",
          "vs_original": 824.5882068422316,
          "vs_shared_scale": 559.4994031257947,
          "vs_same_scale": 559.4994031257947
        },
        {
          "session_id": "scan-fw-23ca8538647774b2",
          "vs_original": 1917.0479806905032,
          "vs_shared_scale": 1261.139546147363,
          "vs_same_scale": 1261.139546147363
        },
        {
          "session_id": "scan-fw-5579ea7efd8c20da",
          "vs_original": 962.8966298457299,
          "vs_shared_scale": 730.8739729898207,
          "vs_same_scale": 730.8739729898207
        },
        {
          "session_id": "scan-fw-6234d5440f90806e",
          "vs_original": 1183.0817282375829,
          "vs_shared_scale": 990.3837837501933,
          "vs_same_scale": 990.3837837501933
        },
        {
          "session_id": "scan-fw-9c5f3143152db63d",
          "vs_original": 1359.8643469860372,
          "vs_shared_scale": 963.2743044913686,
          "vs_same_scale": 963.2743044913686
        },
        {
          "session_id": "scan-fw-aadcd44b66085469",
          "vs_original": 1267.6787559112963,
          "vs_shared_scale": 837.355355676932,
          "vs_same_scale": 837.355355676932
        },
        {
          "session_id": "scan-fw-ac05824a99b22ffd",
          "vs_original": 980.8469605936862,
          "vs_shared_scale": 687.4336759930156,
          "vs_same_scale": 687.4336759930156
        },
        {
          "session_id": "scan-fw-ae6175dd0600ae77",
          "vs_original": 445.3477544957095,
          "vs_shared_scale": 304.78956456534524,
          "vs_same_scale": 304.78956456534524
        }
      ]
    },
    {
      "dataset": "DS9",
      "selection": "within_dataset",
      "training_datasets": [
        "DS9"
      ],
      "selected": {
        "iid": {
          "family": "iid",
          "scale": 100,
          "decay_s": 0,
          "id": "iid_s100_t0",
          "train": -92851.50525015991,
          "held": -60721.13947851084
        },
        "shared_scale": {
          "family": "mvt",
          "scale": 100,
          "decay_s": 0,
          "id": "mvt_s100_t0",
          "train": -88796.34995324277,
          "held": -57150.40473607027
        },
        "correlated": {
          "family": "mvt",
          "scale": 100,
          "decay_s": 10,
          "id": "mvt_s100_t10",
          "train": -82733.81057788867,
          "held": -50669.62929758015
        }
      },
      "correlated_vs_original": 10051.510180930694,
      "correlated_vs_selected_shared_scale": 6480.77543849012,
      "correlated_vs_same_scale": 6480.77543849012,
      "paired_records": [
        {
          "session_id": "scan-fw-0121767995aabdb0",
          "vs_original": 1171.9651329243452,
          "vs_shared_scale": 780.7327700693922,
          "vs_same_scale": 780.7327700693922
        },
        {
          "session_id": "scan-fw-237e4e5d4ce58dd7",
          "vs_original": 1804.1611435493678,
          "vs_shared_scale": 1023.5985649904778,
          "vs_same_scale": 1023.5985649904778
        },
        {
          "session_id": "scan-fw-2ab18976d4eb3bf8",
          "vs_original": 774.6346061884851,
          "vs_shared_scale": 760.8576118457295,
          "vs_same_scale": 760.8576118457295
        },
        {
          "session_id": "scan-fw-779025cb04154412",
          "vs_original": 935.3526170597843,
          "vs_shared_scale": 698.1533460652136,
          "vs_same_scale": 698.1533460652136
        },
        {
          "session_id": "scan-fw-7b332587ba122e45",
          "vs_original": 962.6635895807603,
          "vs_shared_scale": 665.7557559339839,
          "vs_same_scale": 665.7557559339839
        },
        {
          "session_id": "scan-fw-98cb28475c2059b9",
          "vs_original": 1324.0118491308176,
          "vs_shared_scale": 688.6031947155152,
          "vs_same_scale": 688.6031947155152
        },
        {
          "session_id": "scan-fw-bf15d314e729e447",
          "vs_original": 2005.7306681799655,
          "vs_shared_scale": 1114.3330984431013,
          "vs_same_scale": 1114.3330984431013
        },
        {
          "session_id": "scan-fw-c69d8adb846ccee8",
          "vs_original": 1072.9905743171712,
          "vs_shared_scale": 748.7410964267083,
          "vs_same_scale": 748.7410964267083
        }
      ]
    },
    {
      "dataset": "DS9",
      "selection": "donor_datasets",
      "training_datasets": [
        "DS7",
        "DS8"
      ],
      "selected": {
        "iid": {
          "family": "iid",
          "scale": 100,
          "decay_s": 0,
          "id": "iid_s100_t0",
          "train": -92851.50525015991,
          "held": -60721.13947851084
        },
        "shared_scale": {
          "family": "mvt",
          "scale": 100,
          "decay_s": 0,
          "id": "mvt_s100_t0",
          "train": -88796.34995324277,
          "held": -57150.40473607027
        },
        "correlated": {
          "family": "mvt",
          "scale": 100,
          "decay_s": 10,
          "id": "mvt_s100_t10",
          "train": -82733.81057788867,
          "held": -50669.62929758015
        }
      },
      "correlated_vs_original": 10051.510180930694,
      "correlated_vs_selected_shared_scale": 6480.77543849012,
      "correlated_vs_same_scale": 6480.77543849012,
      "paired_records": [
        {
          "session_id": "scan-fw-0121767995aabdb0",
          "vs_original": 1171.9651329243452,
          "vs_shared_scale": 780.7327700693922,
          "vs_same_scale": 780.7327700693922
        },
        {
          "session_id": "scan-fw-237e4e5d4ce58dd7",
          "vs_original": 1804.1611435493678,
          "vs_shared_scale": 1023.5985649904778,
          "vs_same_scale": 1023.5985649904778
        },
        {
          "session_id": "scan-fw-2ab18976d4eb3bf8",
          "vs_original": 774.6346061884851,
          "vs_shared_scale": 760.8576118457295,
          "vs_same_scale": 760.8576118457295
        },
        {
          "session_id": "scan-fw-779025cb04154412",
          "vs_original": 935.3526170597843,
          "vs_shared_scale": 698.1533460652136,
          "vs_same_scale": 698.1533460652136
        },
        {
          "session_id": "scan-fw-7b332587ba122e45",
          "vs_original": 962.6635895807603,
          "vs_shared_scale": 665.7557559339839,
          "vs_same_scale": 665.7557559339839
        },
        {
          "session_id": "scan-fw-98cb28475c2059b9",
          "vs_original": 1324.0118491308176,
          "vs_shared_scale": 688.6031947155152,
          "vs_same_scale": 688.6031947155152
        },
        {
          "session_id": "scan-fw-bf15d314e729e447",
          "vs_original": 2005.7306681799655,
          "vs_shared_scale": 1114.3330984431013,
          "vs_same_scale": 1114.3330984431013
        },
        {
          "session_id": "scan-fw-c69d8adb846ccee8",
          "vs_original": 1072.9905743171712,
          "vs_shared_scale": 748.7410964267083,
          "vs_same_scale": 748.7410964267083
        }
      ]
    }
  ],
  "variograms": [
    {
      "dataset": "DS7",
      "bin": 0,
      "pairs": 0,
      "semivariance": null,
      "shuffled_semivariance": null,
      "ratio_to_shuffle": null
    },
    {
      "dataset": "DS7",
      "bin": 1,
      "pairs": 12603,
      "semivariance": 0.6529706294770061,
      "shuffled_semivariance": 3.310458573977374,
      "ratio_to_shuffle": 0.19724476681564085
    },
    {
      "dataset": "DS7",
      "bin": 2,
      "pairs": 48800,
      "semivariance": 1.1639429199707898,
      "shuffled_semivariance": 3.3478779211791667,
      "ratio_to_shuffle": 0.3476658789161684
    },
    {
      "dataset": "DS7",
      "bin": 3,
      "pairs": 114727,
      "semivariance": 3.920946253208256,
      "shuffled_semivariance": 3.415594139226747,
      "ratio_to_shuffle": 1.1479543802285346
    },
    {
      "dataset": "DS7",
      "bin": 4,
      "pairs": 43968,
      "semivariance": 5.216630705587077,
      "shuffled_semivariance": 3.349572466805454,
      "ratio_to_shuffle": 1.557401954214852
    },
    {
      "dataset": "DS7",
      "bin": 5,
      "pairs": 0,
      "semivariance": null,
      "shuffled_semivariance": null,
      "ratio_to_shuffle": null
    },
    {
      "dataset": "DS8",
      "bin": 0,
      "pairs": 0,
      "semivariance": null,
      "shuffled_semivariance": null,
      "ratio_to_shuffle": null
    },
    {
      "dataset": "DS8",
      "bin": 1,
      "pairs": 13973,
      "semivariance": 0.621051374370985,
      "shuffled_semivariance": 3.4729782824247692,
      "ratio_to_shuffle": 0.17882385775743417
    },
    {
      "dataset": "DS8",
      "bin": 2,
      "pairs": 53007,
      "semivariance": 1.0902731016208627,
      "shuffled_semivariance": 3.4971067885648495,
      "ratio_to_shuffle": 0.3117643147718378
    },
    {
      "dataset": "DS8",
      "bin": 3,
      "pairs": 125212,
      "semivariance": 3.90050747319392,
      "shuffled_semivariance": 3.643822354587588,
      "ratio_to_shuffle": 1.0704439167521886
    },
    {
      "dataset": "DS8",
      "bin": 4,
      "pairs": 49806,
      "semivariance": 6.493427081813686,
      "shuffled_semivariance": 3.7771087495015276,
      "ratio_to_shuffle": 1.7191527997891607
    },
    {
      "dataset": "DS8",
      "bin": 5,
      "pairs": 0,
      "semivariance": null,
      "shuffled_semivariance": null,
      "ratio_to_shuffle": null
    },
    {
      "dataset": "DS9",
      "bin": 0,
      "pairs": 0,
      "semivariance": null,
      "shuffled_semivariance": null,
      "ratio_to_shuffle": null
    },
    {
      "dataset": "DS9",
      "bin": 1,
      "pairs": 11857,
      "semivariance": 0.5420209133633521,
      "shuffled_semivariance": 3.7250818366682785,
      "ratio_to_shuffle": 0.14550577333037515
    },
    {
      "dataset": "DS9",
      "bin": 2,
      "pairs": 45792,
      "semivariance": 1.1134987307020994,
      "shuffled_semivariance": 3.74472375275994,
      "ratio_to_shuffle": 0.29735136800983714
    },
    {
      "dataset": "DS9",
      "bin": 3,
      "pairs": 104251,
      "semivariance": 4.539279867415076,
      "shuffled_semivariance": 4.109811137648974,
      "ratio_to_shuffle": 1.1044984101171569
    },
    {
      "dataset": "DS9",
      "bin": 4,
      "pairs": 39443,
      "semivariance": 8.080843035278804,
      "shuffled_semivariance": 5.204336049733759,
      "ratio_to_shuffle": 1.5527135369539022
    },
    {
      "dataset": "DS9",
      "bin": 5,
      "pairs": 0,
      "semivariance": null,
      "shuffled_semivariance": null,
      "ratio_to_shuffle": null
    }
  ],
  "correlation_screen_pass": true,
  "execution_bindings_verified": 99,
  "track_arm_rows": 21930
}
