{
  "aggregates": {
    "DS7": {
      "planned_records": 8,
      "completed_records": 8,
      "tracks": 486,
      "tracks_with_alternative": 486,
      "high_concentration_tracks": 437,
      "runner_up_held_wins": 34,
      "high_concentration_runner_up_held_wins": 13,
      "alternative_mixture_held_wins": 39,
      "sum_alternative_mixture_held_minus_full": -36759.282284350746,
      "median_training_gap": 61.7040411110487,
      "equal_record_mean_runner_up_win_fraction": 0.06998174851792904
    },
    "DS8": {
      "planned_records": 8,
      "completed_records": 7,
      "tracks": 429,
      "tracks_with_alternative": 429,
      "high_concentration_tracks": 401,
      "runner_up_held_wins": 18,
      "high_concentration_runner_up_held_wins": 8,
      "alternative_mixture_held_wins": 19,
      "sum_alternative_mixture_held_minus_full": -34710.472489918466,
      "median_training_gap": 66.04375011876527,
      "equal_record_mean_runner_up_win_fraction": 0.04162047009353305
    },
    "DS9": {
      "planned_records": 8,
      "completed_records": 8,
      "tracks": 491,
      "tracks_with_alternative": 491,
      "high_concentration_tracks": 432,
      "runner_up_held_wins": 32,
      "high_concentration_runner_up_held_wins": 13,
      "alternative_mixture_held_wins": 38,
      "sum_alternative_mixture_held_minus_full": -31832.115475566916,
      "median_training_gap": 48.87685628882264,
      "equal_record_mean_runner_up_win_fraction": 0.0648301035028398
    }
  },
  "audit": {
    "status": "pass",
    "bindings": 168,
    "track_arithmetic_checks": 1406,
    "completed_records": 23,
    "planned_records": 24
  },
  "ds9_map_changes": 38
}
