{
  "rows": [
    {
      "dataset": "DS7",
      "family": "iid",
      "historical_first_eight_error_m": 2541.4796476995484,
      "qualified_starts": 3,
      "runs": [
        {
          "stage": "fit0",
          "exit_code": 0,
          "result": {
            "x": [
              0.5624256012983864,
              -0.41473795924378554,
              -0.3407143425350161,
              0.3577962759818162,
              0.17271526126362063,
              -0.09448132797767368,
              -0.19107907931370513,
              0.34192882878431885,
              0.6071428503923465,
              -0.13208572688872544
            ],
            "initial": [
              0.0,
              0.0,
              0.0,
              0.0,
              0.0,
              0.0,
              0.0,
              0.0,
              0.0,
              0.0
            ],
            "success": true,
            "message": "CONVERGENCE: RELATIVE REDUCTION OF F <= FACTR*EPSMCH",
            "boundary_hit": false,
            "gradient": [
              9.856579275435706e-06,
              1.387567262867151e-05,
              6.698746034872194e-06,
              -2.902264005300026e-05,
              -4.094602519444379e-05,
              -1.147103009913053e-05,
              3.164321307162765e-05,
              -2.2294051145621552e-05,
              6.633801853439536e-05,
              1.2519113048781172e-05
            ],
            "training_log_score": -84876.74246292532,
            "evaluations": 22,
            "iterations": 17,
            "qualified": true,
            "estimate": {
              "latitude_deg": 37.85252017438514,
              "longitude_deg": -122.47796882817966
            },
            "dataset": "DS7",
            "family": "iid",
            "stage": "fit0"
          }
        },
        {
          "stage": "fit1",
          "exit_code": 0,
          "result": {
            "x": [
              0.5624258765485023,
              -0.41473800384209353,
              -0.3407143290598672,
              0.3577965526803815,
              0.17271518668686792,
              -0.09448128802145482,
              -0.19107918167144244,
              0.34192896968781566,
              0.6071429187235802,
              -0.13208561972889735
            ],
            "initial": [
              3.0,
              -3.0,
              0.0,
              0.0,
              0.0,
              0.0,
              0.0,
              0.0,
              0.0,
              0.0
            ],
            "success": true,
            "message": "CONVERGENCE: RELATIVE REDUCTION OF F <= FACTR*EPSMCH",
            "boundary_hit": false,
            "gradient": [
              4.8171828652243676e-05,
              -2.4347003279245882e-05,
              -6.864814628415594e-06,
              -0.0006065815830105237,
              0.0002720638584428059,
              -1.9841556838429142e-05,
              0.0002323266934618068,
              -0.0002893973484532353,
              -2.2772630643430603e-06,
              -0.00025894055769781765
            ],
            "training_log_score": -84876.74246292486,
            "evaluations": 27,
            "iterations": 22,
            "qualified": true,
            "estimate": {
              "latitude_deg": 37.85252017398406,
              "longitude_deg": -122.47796882504448
            },
            "dataset": "DS7",
            "family": "iid",
            "stage": "fit1"
          }
        },
        {
          "stage": "fit2",
          "exit_code": 0,
          "result": {
            "x": [
              0.5624252773627497,
              -0.4147379145187485,
              -0.34071434985913995,
              0.3577962909026514,
              0.1727152443384492,
              -0.09448136848857693,
              -0.19107916666954045,
              0.34192879882724325,
              0.6071431306015389,
              -0.13208573472702653
            ],
            "initial": [
              -3.0,
              3.0,
              0.0,
              0.0,
              0.0,
              0.0,
              0.0,
              0.0,
              0.0,
              0.0
            ],
            "success": true,
            "message": "CONVERGENCE: RELATIVE REDUCTION OF F <= FACTR*EPSMCH",
            "boundary_hit": false,
            "gradient": [
              0.00013985868471166896,
              -1.3401655547085056e-05,
              1.2276230004659716e-05,
              -0.00017229499379212143,
              -1.900521446529524e-05,
              -1.824700536978696e-05,
              8.347277500429795e-05,
              -4.846954198889364e-05,
              -0.0004996172426068313,
              2.5128023866116678e-06
            ],
            "training_log_score": -84876.74246292427,
            "evaluations": 62,
            "iterations": 28,
            "qualified": true,
            "estimate": {
              "latitude_deg": 37.852520174787365,
              "longitude_deg": -122.47796883186936
            },
            "dataset": "DS7",
            "family": "iid",
            "stage": "fit2"
          }
        }
      ],
      "selected": {
        "x": [
          0.5624252773627497,
          -0.4147379145187485,
          -0.34071434985913995,
          0.3577962909026514,
          0.1727152443384492,
          -0.09448136848857693,
          -0.19107916666954045,
          0.34192879882724325,
          0.6071431306015389,
          -0.13208573472702653
        ],
        "initial": [
          -3.0,
          3.0,
          0.0,
          0.0,
          0.0,
          0.0,
          0.0,
          0.0,
          0.0,
          0.0
        ],
        "success": true,
        "message": "CONVERGENCE: RELATIVE REDUCTION OF F <= FACTR*EPSMCH",
        "boundary_hit": false,
        "gradient": [
          0.00013985868471166896,
          -1.3401655547085056e-05,
          1.2276230004659716e-05,
          -0.00017229499379212143,
          -1.900521446529524e-05,
          -1.824700536978696e-05,
          8.347277500429795e-05,
          -4.846954198889364e-05,
          -0.0004996172426068313,
          2.5128023866116678e-06
        ],
        "training_log_score": -84876.74246292427,
        "evaluations": 62,
        "iterations": 28,
        "qualified": true,
        "estimate": {
          "latitude_deg": 37.852520174787365,
          "longitude_deg": -122.47796883186936
        },
        "dataset": "DS7",
        "family": "iid",
        "stage": "fit2"
      },
      "error_m": 784.6626981827533,
      "start_separation_m": 0.0006058373179781465,
      "higher_score_unqualified_starts": [],
      "held_exit_code": 0,
      "held_log_score": -54731.12922689207,
      "held_observations": 7983,
      "tracks": 470,
      "gradient_check": [
        {
          "axis": 0,
          "step_km": 0.001,
          "analytic_loss_gradient": -0.00013985868471166896,
          "numerical_loss_gradient": -0.00014325632946565747,
          "absolute_difference": 3.3976447539885157e-06
        },
        {
          "axis": 1,
          "step_km": 0.001,
          "analytic_loss_gradient": 1.3401655547085056e-05,
          "numerical_loss_gradient": 6.832124199718237e-06,
          "absolute_difference": 6.569531347366819e-06
        },
        {
          "axis": 0,
          "step_km": 0.0005,
          "analytic_loss_gradient": -0.00013985868471166896,
          "numerical_loss_gradient": -0.00014049874152988195,
          "absolute_difference": 6.400568182129973e-07
        },
        {
          "axis": 1,
          "step_km": 0.0005,
          "analytic_loss_gradient": 1.3401655547085056e-05,
          "numerical_loss_gradient": 1.261651050299406e-05,
          "absolute_difference": 7.851450440909957e-07
        }
      ]
    },
    {
      "dataset": "DS7",
      "family": "shared",
      "historical_first_eight_error_m": 2287.19128855251,
      "qualified_starts": 3,
      "runs": [
        {
          "stage": "fit0",
          "exit_code": 0,
          "result": {
            "x": [
              0.305608534955795,
              -0.49150351881711896,
              -0.40003867903604434,
              0.3782010132100673,
              0.20229627593911945,
              -0.10665622068280615,
              -0.22499209628722058,
              0.3453517608097837,
              0.5353619147465263,
              -0.14081253910961075
            ],
            "initial": [
              0.0,
              0.0,
              0.0,
              0.0,
              0.0,
              0.0,
              0.0,
              0.0,
              0.0,
              0.0
            ],
            "success": true,
            "message": "CONVERGENCE: RELATIVE REDUCTION OF F <= FACTR*EPSMCH",
            "boundary_hit": false,
            "gradient": [
              1.5662611843381136e-05,
              -3.1918775718897674e-05,
              0.00012369216137397832,
              8.378308530154754e-05,
              0.00025124120654140825,
              -7.140927239035477e-05,
              -3.3545207093949037e-05,
              6.153300853917187e-05,
              -0.00014341749383461888,
              4.243599743869453e-05
            ],
            "training_log_score": -81682.04655103691,
            "evaluations": 28,
            "iterations": 23,
            "qualified": true,
            "estimate": {
              "latitude_deg": 37.85182980557743,
              "longitude_deg": -122.48089404042032
            },
            "dataset": "DS7",
            "family": "shared",
            "stage": "fit0"
          }
        },
        {
          "stage": "fit1",
          "exit_code": 0,
          "result": {
            "x": [
              0.30560817943529756,
              -0.4915043737614608,
              -0.40003841315519045,
              0.3782009797156699,
              0.20229627074718864,
              -0.10665644139069719,
              -0.22499206021788337,
              0.3453517853312266,
              0.5353618213241734,
              -0.1408124344794445
            ],
            "initial": [
              3.0,
              -3.0,
              0.0,
              0.0,
              0.0,
              0.0,
              0.0,
              0.0,
              0.0,
              0.0
            ],
            "success": true,
            "message": "CONVERGENCE: RELATIVE REDUCTION OF F <= FACTR*EPSMCH",
            "boundary_hit": false,
            "gradient": [
              3.336281430310617e-05,
              0.00013999637781386687,
              2.0933497729469508e-05,
              4.631109221620022e-05,
              -6.204563889866677e-05,
              0.0001842479774083472,
              -0.0001156080337207932,
              -3.367237102658294e-05,
              5.224448937468651e-06,
              3.7651160918361626e-05
            ],
            "training_log_score": -81682.04655103675,
            "evaluations": 41,
            "iterations": 24,
            "qualified": true,
            "estimate": {
              "latitude_deg": 37.85182979788873,
              "longitude_deg": -122.48089404446979
            },
            "dataset": "DS7",
            "family": "shared",
            "stage": "fit1"
          }
        },
        {
          "stage": "fit2",
          "exit_code": 0,
          "result": {
            "x": [
              0.3056135991185498,
              -0.4915011184761879,
              -0.40003832960055963,
              0.37820177652988773,
              0.20229669496738856,
              -0.10665537522417488,
              -0.22499154147269915,
              0.345352440153482,
              0.5353623233027143,
              -0.1408126562018635
            ],
            "initial": [
              -3.0,
              3.0,
              0.0,
              0.0,
              0.0,
              0.0,
              0.0,
              0.0,
              0.0,
              0.0
            ],
            "success": true,
            "message": "CONVERGENCE: RELATIVE REDUCTION OF F <= FACTR*EPSMCH",
            "boundary_hit": false,
            "gradient": [
              -0.0005681822601206754,
              -0.0004317971159674694,
              -0.00014693837468587878,
              -0.0003112731941730118,
              -0.000782605305211348,
              -0.0002080000408941629,
              0.00017985073708037813,
              -0.00033011392407011897,
              -0.00017209197020306988,
              -0.00023920367710039692
            ],
            "training_log_score": -81682.04655103953,
            "evaluations": 30,
            "iterations": 26,
            "qualified": true,
            "estimate": {
              "latitude_deg": 37.8518298271642,
              "longitude_deg": -122.48089398273822
            },
            "dataset": "DS7",
            "family": "shared",
            "stage": "fit2"
          }
        }
      ],
      "selected": {
        "x": [
          0.30560817943529756,
          -0.4915043737614608,
          -0.40003841315519045,
          0.3782009797156699,
          0.20229627074718864,
          -0.10665644139069719,
          -0.22499206021788337,
          0.3453517853312266,
          0.5353618213241734,
          -0.1408124344794445
        ],
        "initial": [
          3.0,
          -3.0,
          0.0,
          0.0,
          0.0,
          0.0,
          0.0,
          0.0,
          0.0,
          0.0
        ],
        "success": true,
        "message": "CONVERGENCE: RELATIVE REDUCTION OF F <= FACTR*EPSMCH",
        "boundary_hit": false,
        "gradient": [
          3.336281430310617e-05,
          0.00013999637781386687,
          2.0933497729469508e-05,
          4.631109221620022e-05,
          -6.204563889866677e-05,
          0.0001842479774083472,
          -0.0001156080337207932,
          -3.367237102658294e-05,
          5.224448937468651e-06,
          3.7651160918361626e-05
        ],
        "training_log_score": -81682.04655103675,
        "evaluations": 41,
        "iterations": 24,
        "qualified": true,
        "estimate": {
          "latitude_deg": 37.85182979788873,
          "longitude_deg": -122.48089404446979
        },
        "dataset": "DS7",
        "family": "shared",
        "stage": "fit1"
      },
      "error_m": 526.5553406039554,
      "start_separation_m": 0.006322453493354212,
      "higher_score_unqualified_starts": [],
      "held_exit_code": 0,
      "held_log_score": -51946.509911324756,
      "held_observations": 7983,
      "tracks": 470,
      "gradient_check": [
        {
          "axis": 0,
          "step_km": 0.001,
          "analytic_loss_gradient": -3.336281430310617e-05,
          "numerical_loss_gradient": -5.158653948456049e-05,
          "absolute_difference": 1.822372518145432e-05
        },
        {
          "axis": 1,
          "step_km": 0.001,
          "analytic_loss_gradient": -0.00013999637781386687,
          "numerical_loss_gradient": -0.00013359385775402188,
          "absolute_difference": 6.402520059844985e-06
        },
        {
          "axis": 0,
          "step_km": 0.0005,
          "analytic_loss_gradient": -3.336281430310617e-05,
          "numerical_loss_gradient": -3.8344296626746655e-05,
          "absolute_difference": 4.981482323640485e-06
        },
        {
          "axis": 1,
          "step_km": 0.0005,
          "analytic_loss_gradient": -0.00013999637781386687,
          "numerical_loss_gradient": -0.00013899989426136017,
          "absolute_difference": 9.964835525066995e-07
        }
      ],
      "paired_records_vs_iid": [
        {
          "session_id": "scan-fw-254147e6f142d7d7",
          "held_delta": 462.24784243403195
        },
        {
          "session_id": "scan-fw-30cb794dc996d187",
          "held_delta": 130.01303604081616
        },
        {
          "session_id": "scan-fw-5f7bf896e4552887",
          "held_delta": 181.93413779421212
        },
        {
          "session_id": "scan-fw-9fb9f600946a202e",
          "held_delta": 259.75563465391593
        },
        {
          "session_id": "scan-fw-a267faf8e5ca613c",
          "held_delta": 760.5273866392063
        },
        {
          "session_id": "scan-fw-c03dcf6c28e82a97",
          "held_delta": 241.6749560010349
        },
        {
          "session_id": "scan-fw-c644746d01db758f",
          "held_delta": 261.3173527666345
        },
        {
          "session_id": "scan-fw-cefd970b797cdcee",
          "held_delta": 487.1489692374657
        }
      ],
      "held_delta_vs_iid": 2784.6193155673177
    },
    {
      "dataset": "DS7",
      "family": "correlated",
      "historical_first_eight_error_m": 2954.800194993107,
      "qualified_starts": 3,
      "runs": [
        {
          "stage": "fit0",
          "exit_code": 0,
          "result": {
            "x": [
              0.1830089000856211,
              -0.9913847889025129,
              -0.45517113940075515,
              0.280158965835052,
              0.13484792246816532,
              -0.16725309665289456,
              -0.27873772282451537,
              0.35726199550843096,
              0.4028793584930137,
              0.006803640788609374
            ],
            "initial": [
              0.0,
              0.0,
              0.0,
              0.0,
              0.0,
              0.0,
              0.0,
              0.0,
              0.0,
              0.0
            ],
            "success": true,
            "message": "CONVERGENCE: RELATIVE REDUCTION OF F <= FACTR*EPSMCH",
            "boundary_hit": false,
            "gradient": [
              -8.642618963411453e-06,
              1.916623622666121e-05,
              -1.920843841685116e-05,
              -2.6758995146813902e-05,
              -0.0001482339927747489,
              -3.944731115446132e-05,
              4.8951310973655016e-05,
              9.585847727366925e-05,
              2.5503040984364844e-05,
              6.220199076473198e-05
            ],
            "training_log_score": -77568.80567915147,
            "evaluations": 43,
            "iterations": 17,
            "qualified": true,
            "estimate": {
              "latitude_deg": 37.84733426827732,
              "longitude_deg": -122.48229048169945
            },
            "dataset": "DS7",
            "family": "correlated",
            "stage": "fit0"
          }
        },
        {
          "stage": "fit1",
          "exit_code": 0,
          "result": {
            "x": [
              0.1830089309172718,
              -0.9913849233277443,
              -0.45517120386675797,
              0.28015891994426684,
              0.1348477666707549,
              -0.16725316332644652,
              -0.27873755219082946,
              0.357262140661389,
              0.4028793973456284,
              0.00680375682329267
            ],
            "initial": [
              3.0,
              -3.0,
              0.0,
              0.0,
              0.0,
              0.0,
              0.0,
              0.0,
              0.0,
              0.0
            ],
            "success": true,
            "message": "CONVERGENCE: RELATIVE REDUCTION OF F <= FACTR*EPSMCH",
            "boundary_hit": false,
            "gradient": [
              -3.2023688477378354e-07,
              1.0959163193966209e-05,
              6.0307558463756905e-06,
              -3.7372806351854138e-06,
              -1.305322192024505e-05,
              -7.2797933556856265e-06,
              -9.859258431499374e-06,
              -3.620665978809612e-05,
              4.712948540541717e-06,
              -3.2456918276357882e-06
            ],
            "training_log_score": -77568.80567915151,
            "evaluations": 29,
            "iterations": 18,
            "qualified": true,
            "estimate": {
              "latitude_deg": 37.84733426706841,
              "longitude_deg": -122.48229048134827
            },
            "dataset": "DS7",
            "family": "correlated",
            "stage": "fit1"
          }
        },
        {
          "stage": "fit2",
          "exit_code": 0,
          "result": {
            "x": [
              0.18300724542797153,
              -0.9913829092636356,
              -0.45517119029412956,
              0.2801584072144389,
              0.13484767397234843,
              -0.16725306685853408,
              -0.2787374469229231,
              0.35726184883920015,
              0.4028791581715249,
              0.0068033923658466855
            ],
            "initial": [
              -3.0,
              3.0,
              0.0,
              0.0,
              0.0,
              0.0,
              0.0,
              0.0,
              0.0,
              0.0
            ],
            "success": true,
            "message": "CONVERGENCE: RELATIVE REDUCTION OF F <= FACTR*EPSMCH",
            "boundary_hit": false,
            "gradient": [
              4.998744465635474e-05,
              -0.0001011859576879482,
              -6.1141984899038e-05,
              0.0001535490944397644,
              7.296072308982104e-05,
              -0.0001521354978288869,
              -0.0001290562304177012,
              9.820402940619033e-06,
              8.869886616835743e-05,
              9.424384186179635e-05
            ],
            "training_log_score": -77568.80567915192,
            "evaluations": 23,
            "iterations": 18,
            "qualified": true,
            "estimate": {
              "latitude_deg": 37.84733428518131,
              "longitude_deg": -122.48229050054643
            },
            "dataset": "DS7",
            "family": "correlated",
            "stage": "fit2"
          }
        }
      ],
      "selected": {
        "x": [
          0.1830089000856211,
          -0.9913847889025129,
          -0.45517113940075515,
          0.280158965835052,
          0.13484792246816532,
          -0.16725309665289456,
          -0.27873772282451537,
          0.35726199550843096,
          0.4028793584930137,
          0.006803640788609374
        ],
        "initial": [
          0.0,
          0.0,
          0.0,
          0.0,
          0.0,
          0.0,
          0.0,
          0.0,
          0.0,
          0.0
        ],
        "success": true,
        "message": "CONVERGENCE: RELATIVE REDUCTION OF F <= FACTR*EPSMCH",
        "boundary_hit": false,
        "gradient": [
          -8.642618963411453e-06,
          1.916623622666121e-05,
          -1.920843841685116e-05,
          -2.6758995146813902e-05,
          -0.0001482339927747489,
          -3.944731115446132e-05,
          4.8951310973655016e-05,
          9.585847727366925e-05,
          2.5503040984364844e-05,
          6.220199076473198e-05
        ],
        "training_log_score": -77568.80567915147,
        "evaluations": 43,
        "iterations": 17,
        "qualified": true,
        "estimate": {
          "latitude_deg": 37.84733426827732,
          "longitude_deg": -122.48229048169945
        },
        "dataset": "DS7",
        "family": "correlated",
        "stage": "fit0"
      },
      "error_m": 359.4378851858509,
      "start_separation_m": 0.0026264087208775215,
      "higher_score_unqualified_starts": [],
      "held_exit_code": 0,
      "held_log_score": -47714.03634351014,
      "held_observations": 7983,
      "tracks": 470,
      "gradient_check": [
        {
          "axis": 0,
          "step_km": 0.001,
          "analytic_loss_gradient": 8.642618963411453e-06,
          "numerical_loss_gradient": 7.9016899690032e-06,
          "absolute_difference": 7.40928994408252e-07
        },
        {
          "axis": 1,
          "step_km": 0.001,
          "analytic_loss_gradient": -1.916623622666121e-05,
          "numerical_loss_gradient": -1.947773853316903e-05,
          "absolute_difference": 3.115023065078208e-07
        },
        {
          "axis": 0,
          "step_km": 0.0005,
          "analytic_loss_gradient": 8.642618963411453e-06,
          "numerical_loss_gradient": 8.469214662909508e-06,
          "absolute_difference": 1.7340430050194477e-07
        },
        {
          "axis": 1,
          "step_km": 0.0005,
          "analytic_loss_gradient": -1.916623622666121e-05,
          "numerical_loss_gradient": -1.9033905118703842e-05,
          "absolute_difference": 1.3233110795736816e-07
        }
      ],
      "paired_records_vs_iid": [
        {
          "session_id": "scan-fw-254147e6f142d7d7",
          "held_delta": 1142.152339971977
        },
        {
          "session_id": "scan-fw-30cb794dc996d187",
          "held_delta": 418.30286837039773
        },
        {
          "session_id": "scan-fw-5f7bf896e4552887",
          "held_delta": 731.2857860297878
        },
        {
          "session_id": "scan-fw-9fb9f600946a202e",
          "held_delta": 766.9060375308067
        },
        {
          "session_id": "scan-fw-a267faf8e5ca613c",
          "held_delta": 1518.7906525937663
        },
        {
          "session_id": "scan-fw-c03dcf6c28e82a97",
          "held_delta": 624.7389283232249
        },
        {
          "session_id": "scan-fw-c644746d01db758f",
          "held_delta": 838.5141460146788
        },
        {
          "session_id": "scan-fw-cefd970b797cdcee",
          "held_delta": 976.4021245472998
        }
      ],
      "held_delta_vs_iid": 7017.092883381939
    },
    {
      "dataset": "DS8",
      "family": "iid",
      "historical_first_eight_error_m": 1423.7069369711237,
      "qualified_starts": 3,
      "runs": [
        {
          "stage": "fit0",
          "exit_code": 0,
          "result": {
            "x": [
              -2.1817748434558184,
              -1.5322221788872596,
              -0.5155774504377898,
              -0.1654950852671438,
              -0.7399444395169242,
              -0.6673396195946374,
              -0.13099316230869307,
              -1.171050912929806,
              -0.3390429145247765,
              -1.8401894559641858
            ],
            "initial": [
              0.0,
              0.0,
              0.0,
              0.0,
              0.0,
              0.0,
              0.0,
              0.0,
              0.0,
              0.0
            ],
            "success": true,
            "message": "CONVERGENCE: RELATIVE REDUCTION OF F <= FACTR*EPSMCH",
            "boundary_hit": false,
            "gradient": [
              -4.58084370578149e-05,
              -2.7032179172437054e-05,
              -0.00025706447118789555,
              0.0003338993523750444,
              9.512206487105601e-05,
              0.00010396965285153215,
              -0.00023111641183959364,
              0.00012226466441234152,
              0.0001547912463533696,
              0.00028120405099940626
            ],
            "training_log_score": -101414.85971172639,
            "evaluations": 35,
            "iterations": 19,
            "qualified": true,
            "estimate": {
              "latitude_deg": 37.842470403985004,
              "longitude_deg": -122.50922597493468
            },
            "dataset": "DS8",
            "family": "iid",
            "stage": "fit0"
          }
        },
        {
          "stage": "fit1",
          "exit_code": 0,
          "result": {
            "x": [
              -2.2401165170991906,
              -1.620621766759401,
              -0.5223193384767295,
              -0.16994124938071595,
              -0.7452101770677075,
              0.17238273475836116,
              -0.13725257532373336,
              -1.1838123509263048,
              -0.3460762758974672,
              -1.8440056659753805
            ],
            "initial": [
              3.0,
              -3.0,
              0.0,
              0.0,
              0.0,
              0.0,
              0.0,
              0.0,
              0.0,
              0.0
            ],
            "success": true,
            "message": "CONVERGENCE: RELATIVE REDUCTION OF F <= FACTR*EPSMCH",
            "boundary_hit": false,
            "gradient": [
              -4.427705472664911e-05,
              3.157339868486986e-05,
              7.765788378866212e-05,
              -0.00014137798691404857,
              8.740782601890373e-05,
              -1.298681107897437e-05,
              -5.22684774608706e-05,
              -3.849262985511359e-05,
              -6.239064554219853e-05,
              -2.3330324694370574e-07
            ],
            "training_log_score": -101443.48585196993,
            "evaluations": 21,
            "iterations": 17,
            "qualified": true,
            "estimate": {
              "latitude_deg": 37.841675407916185,
              "longitude_deg": -122.5098905015579
            },
            "dataset": "DS8",
            "family": "iid",
            "stage": "fit1"
          }
        },
        {
          "stage": "fit2",
          "exit_code": 0,
          "result": {
            "x": [
              -2.240117087904617,
              -1.6206214814228042,
              -0.5223192772503188,
              -0.16994138084471916,
              -0.7452101852186025,
              0.17238267463003715,
              -0.1372527037241199,
              -1.1838124290570466,
              -0.34607638574984323,
              -1.844005704956293
            ],
            "initial": [
              -3.0,
              3.0,
              0.0,
              0.0,
              0.0,
              0.0,
              0.0,
              0.0,
              0.0,
              0.0
            ],
            "success": true,
            "message": "CONVERGENCE: RELATIVE REDUCTION OF F <= FACTR*EPSMCH",
            "boundary_hit": false,
            "gradient": [
              2.3113396991902846e-06,
              -3.420099475803795e-05,
              1.0698180157642234e-05,
              -1.3185663470915987e-05,
              3.272420427524736e-06,
              -1.3567534608682763e-05,
              1.1996318491469538e-05,
              5.846385086272221e-06,
              1.9367018829707927e-05,
              -4.166130607075047e-05
            ],
            "training_log_score": -101443.48585196974,
            "evaluations": 21,
            "iterations": 18,
            "qualified": true,
            "estimate": {
              "latitude_deg": 37.841675410482274,
              "longitude_deg": -122.50989050805953
            },
            "dataset": "DS8",
            "family": "iid",
            "stage": "fit2"
          }
        }
      ],
      "selected": {
        "x": [
          -2.1817748434558184,
          -1.5322221788872596,
          -0.5155774504377898,
          -0.1654950852671438,
          -0.7399444395169242,
          -0.6673396195946374,
          -0.13099316230869307,
          -1.171050912929806,
          -0.3390429145247765,
          -1.8401894559641858
        ],
        "initial": [
          0.0,
          0.0,
          0.0,
          0.0,
          0.0,
          0.0,
          0.0,
          0.0,
          0.0,
          0.0
        ],
        "success": true,
        "message": "CONVERGENCE: RELATIVE REDUCTION OF F <= FACTR*EPSMCH",
        "boundary_hit": false,
        "gradient": [
          -4.58084370578149e-05,
          -2.7032179172437054e-05,
          -0.00025706447118789555,
          0.0003338993523750444,
          9.512206487105601e-05,
          0.00010396965285153215,
          -0.00023111641183959364,
          0.00012226466441234152,
          0.0001547912463533696,
          0.00028120405099940626
        ],
        "training_log_score": -101414.85971172639,
        "evaluations": 35,
        "iterations": 19,
        "qualified": true,
        "estimate": {
          "latitude_deg": 37.842470403985004,
          "longitude_deg": -122.50922597493468
        },
        "dataset": "DS8",
        "family": "iid",
        "stage": "fit0"
      },
      "error_m": 2187.1645899900955,
      "start_separation_m": 105.92251666581369,
      "higher_score_unqualified_starts": [],
      "held_exit_code": 0,
      "held_log_score": -66559.43366458565,
      "held_observations": 9340,
      "tracks": 483,
      "gradient_check": [
        {
          "axis": 0,
          "step_km": 0.001,
          "analytic_loss_gradient": 4.58084370578149e-05,
          "numerical_loss_gradient": 5.00003807246685e-05,
          "absolute_difference": 4.191943666853604e-06
        },
        {
          "axis": 1,
          "step_km": 0.001,
          "analytic_loss_gradient": 2.7032179172437054e-05,
          "numerical_loss_gradient": 2.5727786123752594e-05,
          "absolute_difference": 1.3043930486844602e-06
        },
        {
          "axis": 0,
          "step_km": 0.0005,
          "analytic_loss_gradient": 4.58084370578149e-05,
          "numerical_loss_gradient": 4.691537469625473e-05,
          "absolute_difference": 1.106937638439831e-06
        },
        {
          "axis": 1,
          "step_km": 0.0005,
          "analytic_loss_gradient": 2.7032179172437054e-05,
          "numerical_loss_gradient": 2.684828359633684e-05,
          "absolute_difference": 1.8389557610021257e-07
        }
      ]
    },
    {
      "dataset": "DS8",
      "family": "shared",
      "historical_first_eight_error_m": 1390.8767455566958,
      "qualified_starts": 3,
      "runs": [
        {
          "stage": "fit0",
          "exit_code": 0,
          "result": {
            "x": [
              -1.9069188934347734,
              -1.4358102975076001,
              -0.2871224893791399,
              0.12900280228252306,
              -0.682195407710029,
              -0.7510021525003309,
              0.0029170097264131696,
              -1.1377112669469236,
              -0.27803838760958377,
              -2.142335259185845
            ],
            "initial": [
              0.0,
              0.0,
              0.0,
              0.0,
              0.0,
              0.0,
              0.0,
              0.0,
              0.0,
              0.0
            ],
            "success": true,
            "message": "CONVERGENCE: RELATIVE REDUCTION OF F <= FACTR*EPSMCH",
            "boundary_hit": false,
            "gradient": [
              -1.3362879381695336e-05,
              1.897280889995301e-05,
              -7.833442666083101e-06,
              0.00014714272994753586,
              1.0187206423650785e-05,
              -5.758739440864247e-06,
              -1.7601956958657183e-05,
              -5.458987585882369e-05,
              -6.674926275906934e-05,
              9.692112869785774e-05
            ],
            "training_log_score": -96205.06960821022,
            "evaluations": 33,
            "iterations": 25,
            "qualified": true,
            "estimate": {
              "latitude_deg": 37.84333745629293,
              "longitude_deg": -122.50609529518324
            },
            "dataset": "DS8",
            "family": "shared",
            "stage": "fit0"
          }
        },
        {
          "stage": "fit1",
          "exit_code": 0,
          "result": {
            "x": [
              -1.8255145642884354,
              -1.4476124325541257,
              -0.28705310511443616,
              0.1346473715719929,
              -0.6748950093091153,
              -0.7385972921665943,
              -0.8299559289958991,
              -1.1304912988117597,
              -0.2683631837847092,
              -2.134787084335327
            ],
            "initial": [
              3.0,
              -3.0,
              0.0,
              0.0,
              0.0,
              0.0,
              0.0,
              0.0,
              0.0,
              0.0
            ],
            "success": true,
            "message": "CONVERGENCE: RELATIVE REDUCTION OF F <= FACTR*EPSMCH",
            "boundary_hit": false,
            "gradient": [
              -9.52563267273554e-05,
              -1.189850435667772e-05,
              -0.0002689819917525149,
              7.911184229092427e-05,
              0.00012127856306132223,
              -3.1350193445689456e-05,
              -1.431569837961888e-05,
              -0.00015831536379096178,
              0.00018076793792876078,
              0.00031902264075611697
            ],
            "training_log_score": -96234.16986857084,
            "evaluations": 27,
            "iterations": 23,
            "qualified": true,
            "estimate": {
              "latitude_deg": 37.84323131721251,
              "longitude_deg": -122.50516807899993
            },
            "dataset": "DS8",
            "family": "shared",
            "stage": "fit1"
          }
        },
        {
          "stage": "fit2",
          "exit_code": 0,
          "result": {
            "x": [
              -2.009089660569085,
              -1.422774077304124,
              -0.2874100576439528,
              0.12159098675022377,
              -0.6915485940162153,
              0.5059665961848356,
              -0.007738737989447647,
              -1.147134491708972,
              -0.2902631698114369,
              -2.1519646647939172
            ],
            "initial": [
              -3.0,
              3.0,
              0.0,
              0.0,
              0.0,
              0.0,
              0.0,
              0.0,
              0.0,
              0.0
            ],
            "success": true,
            "message": "CONVERGENCE: RELATIVE REDUCTION OF F <= FACTR*EPSMCH",
            "boundary_hit": false,
            "gradient": [
              -0.00015988305712211215,
              -1.2707823035640331e-05,
              0.00021873090088764258,
              -0.0002471889599391375,
              -3.394884244423135e-05,
              6.53031220316791e-05,
              0.00015752171124105985,
              -4.526077302102749e-05,
              0.0001346524489287404,
              0.00015515708479085788
            ],
            "training_log_score": -96394.27484050309,
            "evaluations": 37,
            "iterations": 31,
            "qualified": true,
            "estimate": {
              "latitude_deg": 37.84345469376047,
              "longitude_deg": -122.50725904642032
            },
            "dataset": "DS8",
            "family": "shared",
            "stage": "fit2"
          }
        }
      ],
      "selected": {
        "x": [
          -1.9069188934347734,
          -1.4358102975076001,
          -0.2871224893791399,
          0.12900280228252306,
          -0.682195407710029,
          -0.7510021525003309,
          0.0029170097264131696,
          -1.1377112669469236,
          -0.27803838760958377,
          -2.142335259185845
        ],
        "initial": [
          0.0,
          0.0,
          0.0,
          0.0,
          0.0,
          0.0,
          0.0,
          0.0,
          0.0,
          0.0
        ],
        "success": true,
        "message": "CONVERGENCE: RELATIVE REDUCTION OF F <= FACTR*EPSMCH",
        "boundary_hit": false,
        "gradient": [
          -1.3362879381695336e-05,
          1.897280889995301e-05,
          -7.833442666083101e-06,
          0.00014714272994753586,
          1.0187206423650785e-05,
          -5.758739440864247e-06,
          -1.7601956958657183e-05,
          -5.458987585882369e-05,
          -6.674926275906934e-05,
          9.692112869785774e-05
        ],
        "training_log_score": -96205.06960821022,
        "evaluations": 33,
        "iterations": 25,
        "qualified": true,
        "estimate": {
          "latitude_deg": 37.84333745629293,
          "longitude_deg": -122.50609529518324
        },
        "dataset": "DS8",
        "family": "shared",
        "stage": "fit0"
      },
      "error_m": 1895.8455647252313,
      "start_separation_m": 185.27981494864028,
      "higher_score_unqualified_starts": [],
      "held_exit_code": 0,
      "held_log_score": -62103.56555481959,
      "held_observations": 9340,
      "tracks": 483,
      "gradient_check": [
        {
          "axis": 0,
          "step_km": 0.001,
          "analytic_loss_gradient": 1.3362879381695336e-05,
          "numerical_loss_gradient": 1.4690158423036337e-05,
          "absolute_difference": 1.3272790413410007e-06
        },
        {
          "axis": 1,
          "step_km": 0.001,
          "analytic_loss_gradient": -1.897280889995301e-05,
          "numerical_loss_gradient": -3.587774699553847e-05,
          "absolute_difference": 1.6904938095585464e-05
        },
        {
          "axis": 0,
          "step_km": 0.0005,
          "analytic_loss_gradient": 1.3362879381695336e-05,
          "numerical_loss_gradient": 1.3795215636491776e-05,
          "absolute_difference": 4.3233625479643933e-07
        },
        {
          "axis": 1,
          "step_km": 0.0005,
          "analytic_loss_gradient": -1.897280889995301e-05,
          "numerical_loss_gradient": -2.3312168195843697e-05,
          "absolute_difference": 4.339359295890688e-06
        }
      ],
      "paired_records_vs_iid": [
        {
          "session_id": "scan-fw-08645dc6e7e77c73",
          "held_delta": 493.32877215147437
        },
        {
          "session_id": "scan-fw-4ad7afd9a4944b11",
          "held_delta": 508.329457194817
        },
        {
          "session_id": "scan-fw-4cde9b2367652c52",
          "held_delta": 791.7311286892884
        },
        {
          "session_id": "scan-fw-5f1241d380ff155f",
          "held_delta": 980.3021190665479
        },
        {
          "session_id": "scan-fw-a229f5cb2f4f975c",
          "held_delta": 574.3947338163553
        },
        {
          "session_id": "scan-fw-aadcd44b66085469",
          "held_delta": 388.5513500688212
        },
        {
          "session_id": "scan-fw-d0640560d2bb0674",
          "held_delta": 303.2286537037733
        },
        {
          "session_id": "scan-fw-edf1b92b8b96d41f",
          "held_delta": 416.0018950749855
        }
      ],
      "held_delta_vs_iid": 4455.868109766063
    },
    {
      "dataset": "DS8",
      "family": "correlated",
      "historical_first_eight_error_m": 819.1726669097238,
      "qualified_starts": 2,
      "runs": [
        {
          "stage": "fit0",
          "exit_code": 0,
          "result": {
            "x": [
              -1.7297733372258524,
              -1.817570963094556,
              -0.48785864136475704,
              -0.20258907225309766,
              -0.7792796805688171,
              -0.5809709579571606,
              -0.7066228831586043,
              -1.1265935667640106,
              -0.20107960435402622,
              -1.7776327293736716
            ],
            "initial": [
              0.0,
              0.0,
              0.0,
              0.0,
              0.0,
              0.0,
              0.0,
              0.0,
              0.0,
              0.0
            ],
            "success": true,
            "message": "CONVERGENCE: RELATIVE REDUCTION OF F <= FACTR*EPSMCH",
            "boundary_hit": false,
            "gradient": [
              -5.505928856064379e-05,
              -3.016738337202618e-05,
              5.4859958992181657e-05,
              -4.3942313781575315e-05,
              0.0001797395454790074,
              -8.034106060073043e-05,
              -2.4475579829541516e-06,
              -7.184386525338482e-05,
              -2.1922853140621257e-05,
              -8.710383680643474e-05
            ],
            "training_log_score": -88885.68219938205,
            "evaluations": 26,
            "iterations": 23,
            "qualified": true,
            "estimate": {
              "latitude_deg": 37.83990420240933,
              "longitude_deg": -122.50407756187298
            },
            "dataset": "DS8",
            "family": "correlated",
            "stage": "fit0"
          }
        },
        {
          "stage": "fit1",
          "exit_code": 0,
          "result": {
            "x": [
              -1.7297754726400079,
              -1.8175709660921568,
              -0.48785852039501565,
              -0.20258949839930407,
              -0.779279551418692,
              -0.5809714285377909,
              -0.7066230521938369,
              -1.1265939201560213,
              -0.2010798740540335,
              -1.7776334427796594
            ],
            "initial": [
              3.0,
              -3.0,
              0.0,
              0.0,
              0.0,
              0.0,
              0.0,
              0.0,
              0.0,
              0.0
            ],
            "success": false,
            "message": "ABNORMAL: ",
            "boundary_hit": false,
            "gradient": [
              -3.0093477028092508e-05,
              -1.4835048198991174e-05,
              -5.76103550607443e-05,
              0.00011383884373400432,
              -1.819210204745403e-05,
              5.280011782105021e-05,
              -2.216167440671768e-05,
              2.9228284883942024e-05,
              -2.4278697175694752e-05,
              4.267239683564128e-05
            ],
            "training_log_score": -88885.68219938184,
            "evaluations": 67,
            "iterations": 21,
            "qualified": false,
            "estimate": {
              "latitude_deg": 37.83990420238237,
              "longitude_deg": -122.50407758619589
            },
            "dataset": "DS8",
            "family": "correlated",
            "stage": "fit1"
          }
        },
        {
          "stage": "fit2",
          "exit_code": 0,
          "result": {
            "x": [
              -1.729775986276168,
              -1.8175713485136034,
              -0.48785865131198075,
              -0.20258935744260703,
              -0.7792796388028734,
              -0.5809713975413061,
              -0.706623289674713,
              -1.126593967599357,
              -0.20108000979811502,
              -1.7776332061427418
            ],
            "initial": [
              -3.0,
              3.0,
              0.0,
              0.0,
              0.0,
              0.0,
              0.0,
              0.0,
              0.0,
              0.0
            ],
            "success": true,
            "message": "CONVERGENCE: RELATIVE REDUCTION OF F <= FACTR*EPSMCH",
            "boundary_hit": false,
            "gradient": [
              7.575906564971646e-06,
              1.8252363249704473e-06,
              -9.63278962728964e-06,
              1.4733110200948474e-05,
              3.0290469091864836e-05,
              -3.6307363437515505e-05,
              5.093200777572804e-06,
              -2.3551781211494927e-05,
              8.549758934384144e-06,
              -3.284159222260996e-05
            ],
            "training_log_score": -88885.68219938212,
            "evaluations": 29,
            "iterations": 25,
            "qualified": true,
            "estimate": {
              "latitude_deg": 37.839904198943174,
              "longitude_deg": -122.50407759204633
            },
            "dataset": "DS8",
            "family": "correlated",
            "stage": "fit2"
          }
        }
      ],
      "selected": {
        "x": [
          -1.7297733372258524,
          -1.817570963094556,
          -0.48785864136475704,
          -0.20258907225309766,
          -0.7792796805688171,
          -0.5809709579571606,
          -0.7066228831586043,
          -1.1265935667640106,
          -0.20107960435402622,
          -1.7776327293736716
        ],
        "initial": [
          0.0,
          0.0,
          0.0,
          0.0,
          0.0,
          0.0,
          0.0,
          0.0,
          0.0,
          0.0
        ],
        "success": true,
        "message": "CONVERGENCE: RELATIVE REDUCTION OF F <= FACTR*EPSMCH",
        "boundary_hit": false,
        "gradient": [
          -5.505928856064379e-05,
          -3.016738337202618e-05,
          5.4859958992181657e-05,
          -4.3942313781575315e-05,
          0.0001797395454790074,
          -8.034106060073043e-05,
          -2.4475579829541516e-06,
          -7.184386525338482e-05,
          -2.1922853140621257e-05,
          -8.710383680643474e-05
        ],
        "training_log_score": -88885.68219938205,
        "evaluations": 26,
        "iterations": 23,
        "qualified": true,
        "estimate": {
          "latitude_deg": 37.83990420240933,
          "longitude_deg": -122.50407756187298
        },
        "dataset": "DS8",
        "family": "correlated",
        "stage": "fit0"
      },
      "error_m": 1903.7206875617062,
      "start_separation_m": 0.002677523795686319,
      "higher_score_unqualified_starts": [
        "fit1"
      ],
      "held_exit_code": 0,
      "held_log_score": -54616.311466029714,
      "held_observations": 9340,
      "tracks": 483,
      "gradient_check": [
        {
          "axis": 0,
          "step_km": 0.001,
          "analytic_loss_gradient": 5.505928856064379e-05,
          "numerical_loss_gradient": 5.702167982235551e-05,
          "absolute_difference": 1.9623912617117156e-06
        },
        {
          "axis": 1,
          "step_km": 0.001,
          "analytic_loss_gradient": 3.016738337202618e-05,
          "numerical_loss_gradient": 2.9423972591757774e-05,
          "absolute_difference": 7.434107802684053e-07
        },
        {
          "axis": 0,
          "step_km": 0.0005,
          "analytic_loss_gradient": 5.505928856064379e-05,
          "numerical_loss_gradient": 5.550100468099117e-05,
          "absolute_difference": 4.417161203473796e-07
        },
        {
          "axis": 1,
          "step_km": 0.0005,
          "analytic_loss_gradient": 3.016738337202618e-05,
          "numerical_loss_gradient": 3.0107912607491016e-05,
          "absolute_difference": 5.947076453516331e-08
        }
      ],
      "paired_records_vs_iid": [
        {
          "session_id": "scan-fw-08645dc6e7e77c73",
          "held_delta": 1504.6112541232558
        },
        {
          "session_id": "scan-fw-4ad7afd9a4944b11",
          "held_delta": 1465.037569439829
        },
        {
          "session_id": "scan-fw-4cde9b2367652c52",
          "held_delta": 1942.3000823109119
        },
        {
          "session_id": "scan-fw-5f1241d380ff155f",
          "held_delta": 2348.191837785643
        },
        {
          "session_id": "scan-fw-a229f5cb2f4f975c",
          "held_delta": 1552.7621121279235
        },
        {
          "session_id": "scan-fw-aadcd44b66085469",
          "held_delta": 1099.6262652303883
        },
        {
          "session_id": "scan-fw-d0640560d2bb0674",
          "held_delta": 1055.2239004637192
        },
        {
          "session_id": "scan-fw-edf1b92b8b96d41f",
          "held_delta": 975.3691770742626
        }
      ],
      "held_delta_vs_iid": 11943.122198555933
    },
    {
      "dataset": "DS9",
      "family": "iid",
      "historical_first_eight_error_m": 1212.9784255751115,
      "qualified_starts": 3,
      "runs": [
        {
          "stage": "fit0",
          "exit_code": 0,
          "result": {
            "x": [
              -0.7757469479530962,
              0.7269612428276342,
              -0.23246155703535362,
              -0.8606790031967474,
              -1.1541082366385218,
              -0.7561356979951296,
              -1.845560141267001,
              -0.556391655549165,
              -2.4412919092776733,
              -2.169101748529656
            ],
            "initial": [
              0.0,
              0.0,
              0.0,
              0.0,
              0.0,
              0.0,
              0.0,
              0.0,
              0.0,
              0.0
            ],
            "success": true,
            "message": "CONVERGENCE: RELATIVE REDUCTION OF F <= FACTR*EPSMCH",
            "boundary_hit": false,
            "gradient": [
              0.00022072542188311672,
              1.3461634814859735e-05,
              -1.9809978707985287e-05,
              -0.00020179086463656404,
              0.00015592436711053814,
              0.00016650624704794836,
              -4.042614043386905e-05,
              5.8021227722138136e-05,
              3.4117217008855505e-05,
              0.000316079775402045
            ],
            "training_log_score": -103617.03680579143,
            "evaluations": 33,
            "iterations": 27,
            "qualified": true,
            "estimate": {
              "latitude_deg": 37.86278771521046,
              "longitude_deg": -122.49321095666026
            },
            "dataset": "DS9",
            "family": "iid",
            "stage": "fit0"
          }
        },
        {
          "stage": "fit1",
          "exit_code": 0,
          "result": {
            "x": [
              -0.7757444794894686,
              0.7269611512445537,
              -0.2324612228247497,
              -0.8606788385608934,
              -1.154107886680931,
              -0.7561354218919895,
              -1.8455595895616261,
              -0.5563913498214184,
              -2.4412916031442475,
              -2.1691013404110393
            ],
            "initial": [
              3.0,
              -3.0,
              0.0,
              0.0,
              0.0,
              0.0,
              0.0,
              0.0,
              0.0,
              0.0
            ],
            "success": true,
            "message": "CONVERGENCE: RELATIVE REDUCTION OF F <= FACTR*EPSMCH",
            "boundary_hit": false,
            "gradient": [
              6.377603009610766e-05,
              7.189282212749504e-05,
              -0.00013145722016794092,
              -2.0194677063045674e-05,
              -6.415880050480993e-05,
              0.00011922286187804332,
              -7.340401826061438e-05,
              6.87187977981285e-05,
              8.079283459849762e-05,
              8.61294595893014e-05
            ],
            "training_log_score": -103617.03680579107,
            "evaluations": 29,
            "iterations": 25,
            "qualified": true,
            "estimate": {
              "latitude_deg": 37.86278771438683,
              "longitude_deg": -122.49321092854383
            },
            "dataset": "DS9",
            "family": "iid",
            "stage": "fit1"
          }
        },
        {
          "stage": "fit2",
          "exit_code": 0,
          "result": {
            "x": [
              -0.7757412178257371,
              0.7269615886263333,
              -0.23246102011099304,
              -0.8606786023443092,
              -1.1541074492088692,
              -0.7561353763879833,
              -1.8455601608970107,
              -0.5563908922719282,
              -2.4412911841341427,
              -2.169101121166186
            ],
            "initial": [
              -3.0,
              3.0,
              0.0,
              0.0,
              0.0,
              0.0,
              0.0,
              0.0,
              0.0,
              0.0
            ],
            "success": true,
            "message": "CONVERGENCE: RELATIVE REDUCTION OF F <= FACTR*EPSMCH",
            "boundary_hit": false,
            "gradient": [
              -0.0003197495319042787,
              -5.747213849360833e-05,
              5.973815035276164e-05,
              0.0003075176812536995,
              -0.0002105496908229032,
              0.00046546946112790977,
              8.989238405510136e-05,
              -4.700716822259032e-05,
              0.00017081591468937063,
              0.00041136499098115564
            ],
            "training_log_score": -103617.03680579115,
            "evaluations": 33,
            "iterations": 25,
            "qualified": true,
            "estimate": {
              "latitude_deg": 37.8627877183203,
              "longitude_deg": -122.49321089139265
            },
            "dataset": "DS9",
            "family": "iid",
            "stage": "fit2"
          }
        }
      ],
      "selected": {
        "x": [
          -0.7757444794894686,
          0.7269611512445537,
          -0.2324612228247497,
          -0.8606788385608934,
          -1.154107886680931,
          -0.7561354218919895,
          -1.8455595895616261,
          -0.5563913498214184,
          -2.4412916031442475,
          -2.1691013404110393
        ],
        "initial": [
          3.0,
          -3.0,
          0.0,
          0.0,
          0.0,
          0.0,
          0.0,
          0.0,
          0.0,
          0.0
        ],
        "success": true,
        "message": "CONVERGENCE: RELATIVE REDUCTION OF F <= FACTR*EPSMCH",
        "boundary_hit": false,
        "gradient": [
          6.377603009610766e-05,
          7.189282212749504e-05,
          -0.00013145722016794092,
          -2.0194677063045674e-05,
          -6.415880050480993e-05,
          0.00011922286187804332,
          -7.340401826061438e-05,
          6.87187977981285e-05,
          8.079283459849762e-05,
          8.61294595893014e-05
        ],
        "training_log_score": -103617.03680579107,
        "evaluations": 29,
        "iterations": 25,
        "qualified": true,
        "estimate": {
          "latitude_deg": 37.86278771438683,
          "longitude_deg": -122.49321092854383
        },
        "dataset": "DS9",
        "family": "iid",
        "stage": "fit1"
      },
      "error_m": 1661.2728563850449,
      "start_separation_m": 0.005740048168587142,
      "higher_score_unqualified_starts": [],
      "held_exit_code": 0,
      "held_log_score": -69413.7556591606,
      "held_observations": 9255,
      "tracks": 478,
      "gradient_check": [
        {
          "axis": 0,
          "step_km": 0.001,
          "analytic_loss_gradient": -6.377603009610766e-05,
          "numerical_loss_gradient": -5.9582816902548075e-05,
          "absolute_difference": 4.193213193559586e-06
        },
        {
          "axis": 1,
          "step_km": 0.001,
          "analytic_loss_gradient": -7.189282212749504e-05,
          "numerical_loss_gradient": -7.372000254690647e-05,
          "absolute_difference": 1.8271804194114338e-06
        },
        {
          "axis": 0,
          "step_km": 0.0005,
          "analytic_loss_gradient": -6.377603009610766e-05,
          "numerical_loss_gradient": -6.356276571750641e-05,
          "absolute_difference": 2.1326437860125225e-07
        },
        {
          "axis": 1,
          "step_km": 0.0005,
          "analytic_loss_gradient": -7.189282212749504e-05,
          "numerical_loss_gradient": -7.232301868498325e-05,
          "absolute_difference": 4.3019655748821606e-07
        }
      ]
    },
    {
      "dataset": "DS9",
      "family": "shared",
      "historical_first_eight_error_m": 682.9871598022612,
      "qualified_starts": 3,
      "runs": [
        {
          "stage": "fit0",
          "exit_code": 0,
          "result": {
            "x": [
              -0.4039062912156751,
              -0.48602197736437525,
              0.08142771231047097,
              -0.9469295299502288,
              -1.1282914392506205,
              0.23627791358550657,
              -1.418453637977689,
              -0.3321593008806367,
              -2.5175560170344458,
              -2.561096878976518
            ],
            "initial": [
              0.0,
              0.0,
              0.0,
              0.0,
              0.0,
              0.0,
              0.0,
              0.0,
              0.0,
              0.0
            ],
            "success": true,
            "message": "CONVERGENCE: RELATIVE REDUCTION OF F <= FACTR*EPSMCH",
            "boundary_hit": false,
            "gradient": [
              8.702747695821245e-07,
              1.0108652830354004e-05,
              -4.946970891706037e-05,
              -6.975010739651566e-06,
              -1.4923374779263199e-05,
              -7.096351563617986e-05,
              9.001995247004402e-05,
              2.01589906847488e-05,
              -5.0959429461983063e-05,
              7.074552890173891e-06
            ],
            "training_log_score": -96991.27872951966,
            "evaluations": 36,
            "iterations": 29,
            "qualified": true,
            "estimate": {
              "latitude_deg": 37.85187910223153,
              "longitude_deg": -122.48897559622975
            },
            "dataset": "DS9",
            "family": "shared",
            "stage": "fit0"
          }
        },
        {
          "stage": "fit1",
          "exit_code": 0,
          "result": {
            "x": [
              -0.403906522475097,
              -0.48602214368745594,
              0.08142771976361597,
              -0.9469295946502905,
              -1.12829146042636,
              0.23627783361434387,
              -1.4184535850799456,
              -0.332159349820204,
              -2.5175561596606375,
              -2.5610969675932234
            ],
            "initial": [
              3.0,
              -3.0,
              0.0,
              0.0,
              0.0,
              0.0,
              0.0,
              0.0,
              0.0,
              0.0
            ],
            "success": true,
            "message": "CONVERGENCE: RELATIVE REDUCTION OF F <= FACTR*EPSMCH",
            "boundary_hit": false,
            "gradient": [
              -4.259084293378734e-05,
              1.3906654094952842e-05,
              -6.018959735798468e-05,
              7.432386584760309e-05,
              -4.3894073890271557e-05,
              8.622976410910255e-05,
              -1.8715349752618238e-05,
              4.862750500045365e-05,
              0.0002504555513844764,
              0.00011217625325699032
            ],
            "training_log_score": -96991.27872951959,
            "evaluations": 43,
            "iterations": 31,
            "qualified": true,
            "estimate": {
              "latitude_deg": 37.85187910073575,
              "longitude_deg": -122.48897559886385
            },
            "dataset": "DS9",
            "family": "shared",
            "stage": "fit1"
          }
        },
        {
          "stage": "fit2",
          "exit_code": 0,
          "result": {
            "x": [
              -0.48694340889475274,
              -0.39445702872016114,
              0.06219410121472616,
              -0.9473318450199277,
              -1.1371126446910773,
              -0.9727474623196559,
              -1.432078204373144,
              -0.3468028621868548,
              -2.523208081832798,
              -2.5594755954566546
            ],
            "initial": [
              -3.0,
              3.0,
              0.0,
              0.0,
              0.0,
              0.0,
              0.0,
              0.0,
              0.0,
              0.0
            ],
            "success": true,
            "message": "CONVERGENCE: RELATIVE REDUCTION OF F <= FACTR*EPSMCH",
            "boundary_hit": false,
            "gradient": [
              1.9870182375036904e-06,
              -3.589129740344532e-05,
              -1.2295079108382012e-05,
              2.521650548992227e-05,
              -5.342142013931017e-05,
              -0.00015076240165257104,
              0.0002747392104360813,
              -7.678174881764477e-05,
              -0.00013645976048515251,
              -3.787278493661006e-05
            ],
            "training_log_score": -97050.0347635585,
            "evaluations": 36,
            "iterations": 30,
            "qualified": true,
            "estimate": {
              "latitude_deg": 37.8527025650549,
              "longitude_deg": -122.48992141029314
            },
            "dataset": "DS9",
            "family": "shared",
            "stage": "fit2"
          }
        }
      ],
      "selected": {
        "x": [
          -0.403906522475097,
          -0.48602214368745594,
          0.08142771976361597,
          -0.9469295946502905,
          -1.12829146042636,
          0.23627783361434387,
          -1.4184535850799456,
          -0.332159349820204,
          -2.5175561596606375,
          -2.5610969675932234
        ],
        "initial": [
          3.0,
          -3.0,
          0.0,
          0.0,
          0.0,
          0.0,
          0.0,
          0.0,
          0.0,
          0.0
        ],
        "success": true,
        "message": "CONVERGENCE: RELATIVE REDUCTION OF F <= FACTR*EPSMCH",
        "boundary_hit": false,
        "gradient": [
          -4.259084293378734e-05,
          1.3906654094952842e-05,
          -6.018959735798468e-05,
          7.432386584760309e-05,
          -4.3894073890271557e-05,
          8.622976410910255e-05,
          -1.8715349752618238e-05,
          4.862750500045365e-05,
          0.0002504555513844764,
          0.00011217625325699032
        ],
        "training_log_score": -96991.27872951959,
        "evaluations": 43,
        "iterations": 31,
        "qualified": true,
        "estimate": {
          "latitude_deg": 37.85187910073575,
          "longitude_deg": -122.48897559886385
        },
        "dataset": "DS9",
        "family": "shared",
        "stage": "fit1"
      },
      "error_m": 422.478968111862,
      "start_separation_m": 123.61256177571505,
      "higher_score_unqualified_starts": [],
      "held_exit_code": 0,
      "held_log_score": -63292.209143097745,
      "held_observations": 9255,
      "tracks": 478,
      "gradient_check": [
        {
          "axis": 0,
          "step_km": 0.001,
          "analytic_loss_gradient": 4.259084293378734e-05,
          "numerical_loss_gradient": 3.990135155618191e-05,
          "absolute_difference": 2.6894913776054352e-06
        },
        {
          "axis": 1,
          "step_km": 0.001,
          "analytic_loss_gradient": -1.3906654094952842e-05,
          "numerical_loss_gradient": -2.877641236409545e-05,
          "absolute_difference": 1.4869758269142608e-05
        },
        {
          "axis": 0,
          "step_km": 0.0005,
          "analytic_loss_gradient": 4.259084293378734e-05,
          "numerical_loss_gradient": 4.1254679672420025e-05,
          "absolute_difference": 1.336163261367318e-06
        },
        {
          "axis": 1,
          "step_km": 0.0005,
          "analytic_loss_gradient": -1.3906654094952842e-05,
          "numerical_loss_gradient": -1.682201400399208e-05,
          "absolute_difference": 2.915359909039239e-06
        }
      ],
      "paired_records_vs_iid": [
        {
          "session_id": "scan-fw-2b071cfa7b4c0dab",
          "held_delta": 1082.0632568511094
        },
        {
          "session_id": "scan-fw-4115b692366be4b4",
          "held_delta": 779.5520554340955
        },
        {
          "session_id": "scan-fw-7255cd27e650417c",
          "held_delta": 520.0915865475727
        },
        {
          "session_id": "scan-fw-87e7f715a99a1104",
          "held_delta": 580.6078738987285
        },
        {
          "session_id": "scan-fw-9072108e122dc75a",
          "held_delta": 400.09001471242175
        },
        {
          "session_id": "scan-fw-98cb28475c2059b9",
          "held_delta": 679.3922849175445
        },
        {
          "session_id": "scan-fw-9ef543e384adcc7e",
          "held_delta": 1481.0479007072058
        },
        {
          "session_id": "scan-fw-bb05a7bda30bd9b9",
          "held_delta": 598.7015429941815
        }
      ],
      "held_delta_vs_iid": 6121.546516062859
    },
    {
      "dataset": "DS9",
      "family": "correlated",
      "historical_first_eight_error_m": 1646.9686464502388,
      "qualified_starts": 3,
      "runs": [
        {
          "stage": "fit0",
          "exit_code": 0,
          "result": {
            "x": [
              -1.0902922902918561,
              1.0737824382116024,
              -0.3971753401574775,
              -0.8567065745389371,
              -1.398868498027994,
              -1.0123326719048507,
              -1.8654527666605882,
              -0.47421421899768945,
              -2.5842807561850485,
              -2.2252010779510223
            ],
            "initial": [
              0.0,
              0.0,
              0.0,
              0.0,
              0.0,
              0.0,
              0.0,
              0.0,
              0.0,
              0.0
            ],
            "success": true,
            "message": "CONVERGENCE: RELATIVE REDUCTION OF F <= FACTR*EPSMCH",
            "boundary_hit": false,
            "gradient": [
              -2.6286836639632938e-05,
              7.053190897376993e-05,
              -2.2387485160257903e-05,
              -1.0857247372264567e-05,
              -1.672418578907431e-05,
              -2.350629245873037e-05,
              4.803315889723159e-05,
              -2.1874748406425226e-05,
              -6.135574120591514e-05,
              3.5029635201411224e-05
            ],
            "training_log_score": -89771.61223557763,
            "evaluations": 33,
            "iterations": 29,
            "qualified": true,
            "estimate": {
              "latitude_deg": 37.86590675109682,
              "longitude_deg": -122.49679370876768
            },
            "dataset": "DS9",
            "family": "correlated",
            "stage": "fit0"
          }
        },
        {
          "stage": "fit1",
          "exit_code": 0,
          "result": {
            "x": [
              -1.0902961781756946,
              1.073784237913425,
              -0.39717628062999527,
              -0.8567068948009817,
              -1.3988690124818084,
              -1.0123329537864638,
              -1.8654531301936619,
              -0.47421498626999287,
              -2.584281381966468,
              -2.225201396886183
            ],
            "initial": [
              3.0,
              -3.0,
              0.0,
              0.0,
              0.0,
              0.0,
              0.0,
              0.0,
              0.0,
              0.0
            ],
            "success": true,
            "message": "CONVERGENCE: RELATIVE REDUCTION OF F <= FACTR*EPSMCH",
            "boundary_hit": false,
            "gradient": [
              1.6250778849702385e-05,
              2.2334928295730805e-06,
              8.107455269840136e-05,
              -9.56221423820125e-06,
              8.152989146359424e-06,
              -9.289696742076359e-06,
              7.5820968097328745e-06,
              3.9023283877615e-05,
              8.071633833850456e-05,
              -8.81482707271175e-06
            ],
            "training_log_score": -89771.612235578,
            "evaluations": 27,
            "iterations": 24,
            "qualified": true,
            "estimate": {
              "latitude_deg": 37.86590676728192,
              "longitude_deg": -122.49679375305168
            },
            "dataset": "DS9",
            "family": "correlated",
            "stage": "fit1"
          }
        },
        {
          "stage": "fit2",
          "exit_code": 0,
          "result": {
            "x": [
              -1.0902940544120507,
              1.0737851982514448,
              -0.3971761355860898,
              -0.856706576376592,
              -1.3988685369239973,
              -1.0123328676101584,
              -1.8654527414252016,
              -0.474214814323286,
              -2.5842810734840893,
              -2.2252012487243555
            ],
            "initial": [
              -3.0,
              3.0,
              0.0,
              0.0,
              0.0,
              0.0,
              0.0,
              0.0,
              0.0,
              0.0
            ],
            "success": true,
            "message": "CONVERGENCE: RELATIVE REDUCTION OF F <= FACTR*EPSMCH",
            "boundary_hit": false,
            "gradient": [
              -2.6342227925191253e-05,
              -3.1288551068042736e-05,
              7.398847242495732e-05,
              -2.089987192377407e-05,
              -3.820625986089565e-05,
              -2.7612090347906015e-05,
              -1.0093635148145097e-05,
              7.029369326705392e-05,
              0.00010034589348428824,
              7.72716642334359e-05
            ],
            "training_log_score": -89771.6122355779,
            "evaluations": 28,
            "iterations": 24,
            "qualified": true,
            "estimate": {
              "latitude_deg": 37.86590677591844,
              "longitude_deg": -122.49679372886146
            },
            "dataset": "DS9",
            "family": "correlated",
            "stage": "fit2"
          }
        }
      ],
      "selected": {
        "x": [
          -1.0902922902918561,
          1.0737824382116024,
          -0.3971753401574775,
          -0.8567065745389371,
          -1.398868498027994,
          -1.0123326719048507,
          -1.8654527666605882,
          -0.47421421899768945,
          -2.5842807561850485,
          -2.2252010779510223
        ],
        "initial": [
          0.0,
          0.0,
          0.0,
          0.0,
          0.0,
          0.0,
          0.0,
          0.0,
          0.0,
          0.0
        ],
        "success": true,
        "message": "CONVERGENCE: RELATIVE REDUCTION OF F <= FACTR*EPSMCH",
        "boundary_hit": false,
        "gradient": [
          -2.6286836639632938e-05,
          7.053190897376993e-05,
          -2.2387485160257903e-05,
          -1.0857247372264567e-05,
          -1.672418578907431e-05,
          -2.350629245873037e-05,
          4.803315889723159e-05,
          -2.1874748406425226e-05,
          -6.135574120591514e-05,
          3.5029635201411224e-05
        ],
        "training_log_score": -89771.61223557763,
        "evaluations": 33,
        "iterations": 29,
        "qualified": true,
        "estimate": {
          "latitude_deg": 37.86590675109682,
          "longitude_deg": -122.49679370876768
        },
        "dataset": "DS9",
        "family": "correlated",
        "stage": "fit0"
      },
      "error_m": 2109.4843327991625,
      "start_separation_m": 0.004283763975639241,
      "higher_score_unqualified_starts": [],
      "held_exit_code": 0,
      "held_log_score": -55736.55465939185,
      "held_observations": 9255,
      "tracks": 478,
      "gradient_check": [
        {
          "axis": 0,
          "step_km": 0.001,
          "analytic_loss_gradient": 2.6286836639632938e-05,
          "numerical_loss_gradient": 2.5283952709287405e-05,
          "absolute_difference": 1.0028839303455328e-06
        },
        {
          "axis": 1,
          "step_km": 0.001,
          "analytic_loss_gradient": -7.053190897376993e-05,
          "numerical_loss_gradient": -7.049675332382321e-05,
          "absolute_difference": 3.5155649946716494e-08
        },
        {
          "axis": 0,
          "step_km": 0.0005,
          "analytic_loss_gradient": 2.6286836639632938e-05,
          "numerical_loss_gradient": 2.6237103156745434e-05,
          "absolute_difference": 4.973348288750401e-08
        },
        {
          "axis": 1,
          "step_km": 0.0005,
          "analytic_loss_gradient": -7.053190897376993e-05,
          "numerical_loss_gradient": -7.078051567077637e-05,
          "absolute_difference": 2.486066970064371e-07
        }
      ],
      "paired_records_vs_iid": [
        {
          "session_id": "scan-fw-2b071cfa7b4c0dab",
          "held_delta": 1957.6792140380985
        },
        {
          "session_id": "scan-fw-4115b692366be4b4",
          "held_delta": 2044.213694515258
        },
        {
          "session_id": "scan-fw-7255cd27e650417c",
          "held_delta": 1581.513255220818
        },
        {
          "session_id": "scan-fw-87e7f715a99a1104",
          "held_delta": 1123.6177745853065
        },
        {
          "session_id": "scan-fw-9072108e122dc75a",
          "held_delta": 1620.0432011202793
        },
        {
          "session_id": "scan-fw-98cb28475c2059b9",
          "held_delta": 1325.8039198285442
        },
        {
          "session_id": "scan-fw-9ef543e384adcc7e",
          "held_delta": 2544.7484406827925
        },
        {
          "session_id": "scan-fw-bb05a7bda30bd9b9",
          "held_delta": 1479.5814997776545
        }
      ],
      "held_delta_vs_iid": 13677.200999768751
    }
  ],
  "references": {
    "DS7": [
      37.849056280893684,
      -122.48575489722863
    ],
    "DS8": [
      37.849056280893684,
      -122.48575489722863
    ],
    "DS9": [
      37.849056280893684,
      -122.48575489722863
    ]
  },
  "reference_bindings": {
    "reports/2026_09_27_ds7_post_ds6/manifest.json": "47007b1c18e8182f6a005dfd05c237cb3edb9bf85ae6376c99ccf29d54434109",
    "reports/2026_09_27_ds7_post_ds6/pose/scan-fw-5f7bf896e4552887.json": "220f12484d396321b33752b96b3289a3ece274651493eced98aef0a65df2a8ea",
    "reports/2026_09_27_ds7_post_ds6/pose/scan-fw-9fb9f600946a202e.json": "7d66b42e3d48333d1571056d0e0e4bf9cb98cc39cb37a7a085fbcead0b908b87",
    "reports/2026_09_27_ds7_post_ds6/pose/scan-fw-c03dcf6c28e82a97.json": "99523539c10aae8eb90559842409972152985480b95943b58bc12fc9afb685dc",
    "reports/2026_09_27_ds7_post_ds6/pose/scan-fw-c644746d01db758f.json": "f9c6e37f9cb32e68bdf82d01871624ab923ed056b66f05fb07839b3030a6d96b",
    "reports/2026_09_27_ds7_post_ds6/pose/scan-fw-a267faf8e5ca613c.json": "35dd18e21f098e7f8bad9e481ccd1792ba4b1b44d1c5ee695f3e3441d9178cc2",
    "reports/2026_09_27_ds7_post_ds6/pose/scan-fw-30cb794dc996d187.json": "6ac31986332e40e6c900555823574c4dc8f04939a84b8834d892e27b5ced8afb",
    "reports/2026_09_27_ds7_post_ds6/pose/scan-fw-cefd970b797cdcee.json": "d35e39ed86b9538c4bfdb5543951d1df619b5f9c737a5a0d79dbeaa0b18cdc0e",
    "reports/2026_09_27_ds7_post_ds6/pose/scan-fw-254147e6f142d7d7.json": "343a9184818239dc094c065edb35a18bb8bc4755e07f0be9e6434efc37748d9b",
    "reports/2026_09_28_ds8_post_ds7/manifest.json": "33689ed731c176bff865d703ea0aaa2e5f2ef60168f3f150276ffc125fbbbc9b",
    "reports/2026_09_28_ds8_post_ds7/pose/scan-fw-aadcd44b66085469.json": "702465a74370d580ff54455ac9065cbe7052acede2e13074a23dcdb6521bf810",
    "reports/2026_09_28_ds8_post_ds7/pose/scan-fw-4ad7afd9a4944b11.json": "288cbfdddfebc8979ea80f6bc9be5c77aff4037bb09af3518ee21a82fee7bf9c",
    "reports/2026_09_28_ds8_post_ds7/pose/scan-fw-d0640560d2bb0674.json": "2ce9b3bab45eba93a76f7007d49d6eae87090112f9710e4e24e2e26b3504064d",
    "reports/2026_09_28_ds8_post_ds7/pose/scan-fw-4cde9b2367652c52.json": "506a3480eeddac4b47d36e8ebc3d28fb49ab9afbaff7a44a29a96affd5be910f",
    "reports/2026_09_28_ds8_post_ds7/pose/scan-fw-edf1b92b8b96d41f.json": "39492fde9d071406217027ed789be47eab22691f7d666b8ad6c18d8ce203cf83",
    "reports/2026_09_28_ds8_post_ds7/pose/scan-fw-08645dc6e7e77c73.json": "b5574430d757079628cfd4feca1c6b818d22ce492c9fbd49045028d8854ba976",
    "reports/2026_09_28_ds8_post_ds7/pose/scan-fw-a229f5cb2f4f975c.json": "7c76fe4bc988aac676ed530db03a914cd093b99d77f6230d3fc839d93f49a086",
    "reports/2026_09_28_ds8_post_ds7/pose/scan-fw-5f1241d380ff155f.json": "d6874ce1f915c74b1d7197c3df6e8ec75c4b9f881e0946dbe8c069b228d822cf",
    "reports/2026_09_28_ds9_post_ds8/manifest.json": "ac208acf413462178e88073857ced0de4cae49ebde35a7338781459865c97f0d",
    "reports/2026_09_28_ds9_post_ds8/pose/scan-fw-98cb28475c2059b9.json": "ccb894439d99f71aea9bbbb0986540bf5c733cd5635a67d7d17fe800bc2295d0",
    "reports/2026_09_28_ds9_post_ds8/pose/scan-fw-87e7f715a99a1104.json": "85a57aa6101e67743e713419487348182f46e8525adf9c85cd91ba56712e7526",
    "reports/2026_09_28_ds9_post_ds8/pose/scan-fw-9072108e122dc75a.json": "c47413bb32bc5b6712d5869f551d23ae51c3a2221d9afbf22d983c7d85d51b14",
    "reports/2026_09_28_ds9_post_ds8/pose/scan-fw-4115b692366be4b4.json": "d10be5edc455153b3cbdd86090fe41346facbcfe371f1c78b143ca87ef4c7e6d",
    "reports/2026_09_28_ds9_post_ds8/pose/scan-fw-9ef543e384adcc7e.json": "3fdf9e21f4ca42f7624a9f659f95649762edf6f1ca2c1236da4d5ee0952a5c89",
    "reports/2026_09_28_ds9_post_ds8/pose/scan-fw-bb05a7bda30bd9b9.json": "87efe9eb766ad8f20bc71c11dca38943eb8cd6a3f257fe68a29d4f1925fc52a6",
    "reports/2026_09_28_ds9_post_ds8/pose/scan-fw-2b071cfa7b4c0dab.json": "008e8ac24760c2f9940a1c11ec7dce58ce75c27af1d5cda6f0759b590f0d6bc1",
    "reports/2026_09_28_ds9_post_ds8/pose/scan-fw-7255cd27e650417c.json": "57472e7ab70874edc70d8860bf28a30bb660e2d6e92761cf00790ca49449d6b6"
  },
  "execution_bindings_verified": 320
}
