{
  "completed": 43,
  "expected": 43,
  "pending": 0,
  "truth_sha256": "ff16202585b5e6d123b3666ab25b2153abf4e23008a82948354dad3513056367",
  "results": [
    {
      "session_id": "scan-fw-2e6b78f0cd0cbbbc",
      "rate_msps": 2.5,
      "baseline_error_m": 1997.7112335342515,
      "stationary_error_m": 1996.8724300906936,
      "exact_train_gain": 0.0017335775737592485,
      "exact_held_gain": 0.13731357789492904,
      "success": true,
      "bound_hit": false,
      "maximum_gradient_difference": 3.3281854037169137e-06
    },
    {
      "session_id": "scan-fw-3221795d82a1c7ec",
      "rate_msps": 10.0,
      "baseline_error_m": 4949.879252100576,
      "stationary_error_m": 4925.222950777374,
      "exact_train_gain": 0.35197263129157363,
      "exact_held_gain": 6.192774795173591,
      "success": true,
      "bound_hit": false,
      "maximum_gradient_difference": 8.667145442208478e-06
    },
    {
      "session_id": "scan-fw-195bdbb87ad09b7f",
      "rate_msps": 2.5,
      "baseline_error_m": 6558.886432743707,
      "stationary_error_m": 6558.9360107951925,
      "exact_train_gain": 8.124898158712313e-07,
      "exact_held_gain": -0.005070997057373461,
      "success": true,
      "bound_hit": false,
      "maximum_gradient_difference": 6.460826996216736e-07
    },
    {
      "session_id": "scan-fw-60d9d1e77c14da0a",
      "rate_msps": 2.5,
      "baseline_error_m": 5534.2253646723375,
      "stationary_error_m": 5554.0130901363755,
      "exact_train_gain": 47.29408308427264,
      "exact_held_gain": 46.439297042174076,
      "success": true,
      "bound_hit": false,
      "maximum_gradient_difference": 3.2279066175750284e-07
    },
    {
      "session_id": "scan-fw-cd6a029d633dcc0e",
      "rate_msps": 2.5,
      "baseline_error_m": 6596.963979353689,
      "stationary_error_m": 6604.297974082786,
      "exact_train_gain": 0.040620628195028985,
      "exact_held_gain": -0.3594523783722252,
      "success": true,
      "bound_hit": false,
      "maximum_gradient_difference": 2.409608063535826e-06
    },
    {
      "session_id": "scan-fw-c78fb2dba2465361",
      "rate_msps": 5.0,
      "baseline_error_m": 8481.721472427786,
      "stationary_error_m": 8502.145828774246,
      "exact_train_gain": 0.1784345079195191,
      "exact_held_gain": -1.0208998055832126,
      "success": true,
      "bound_hit": false,
      "maximum_gradient_difference": 2.7610653849943425e-06
    },
    {
      "session_id": "scan-fw-c7e37f65ae9e08b0",
      "rate_msps": 7.5,
      "baseline_error_m": 504.7008055752672,
      "stationary_error_m": 464.5959832573687,
      "exact_train_gain": 64.76429218394878,
      "exact_held_gain": 8.353615644580714,
      "success": true,
      "bound_hit": false,
      "maximum_gradient_difference": 4.593637568278989e-07
    },
    {
      "session_id": "scan-fw-5eaaa2a8f8c995b3",
      "rate_msps": 2.5,
      "baseline_error_m": 3669.9185317918086,
      "stationary_error_m": 3642.5532059983657,
      "exact_train_gain": 29.126608430620763,
      "exact_held_gain": -27.45440080524986,
      "success": true,
      "bound_hit": false,
      "maximum_gradient_difference": 2.309249875996394e-06
    },
    {
      "session_id": "scan-fw-abfbc40b880a90c1",
      "rate_msps": 2.5,
      "baseline_error_m": 6190.916229053963,
      "stationary_error_m": 6194.373435940854,
      "exact_train_gain": 0.01511168817160069,
      "exact_held_gain": 0.7978280451497994,
      "success": true,
      "bound_hit": false,
      "maximum_gradient_difference": 7.844061258085316e-07
    },
    {
      "session_id": "scan-fw-8f4f960d9db67798",
      "rate_msps": 10.0,
      "baseline_error_m": 6046.976759490828,
      "stationary_error_m": 6047.044638181315,
      "exact_train_gain": 0.0011572534895094577,
      "exact_held_gain": 0.03181275544920936,
      "success": true,
      "bound_hit": false,
      "maximum_gradient_difference": 2.9928067848988176e-07
    },
    {
      "session_id": "scan-fw-e84e2f55976c0a8c",
      "rate_msps": 2.5,
      "baseline_error_m": 1847.301838536647,
      "stationary_error_m": 1849.6474247519138,
      "exact_train_gain": 0.010815735085998313,
      "exact_held_gain": 0.28042328465198807,
      "success": true,
      "bound_hit": false,
      "maximum_gradient_difference": 1.2846692044435597e-05
    },
    {
      "session_id": "scan-fw-1d767ca00c2eecb1",
      "rate_msps": 10.0,
      "baseline_error_m": 6518.697222233671,
      "stationary_error_m": 6518.535333979348,
      "exact_train_gain": 0.0108938119992672,
      "exact_held_gain": 0.5613254134677845,
      "success": true,
      "bound_hit": false,
      "maximum_gradient_difference": 7.529623793305952e-06
    },
    {
      "session_id": "scan-fw-c559f436d578c9bd",
      "rate_msps": 10.0,
      "baseline_error_m": 4647.604216941334,
      "stationary_error_m": 4668.546110073609,
      "exact_train_gain": 0.2677594449069147,
      "exact_held_gain": -2.430579561630111,
      "success": true,
      "bound_hit": false,
      "maximum_gradient_difference": 5.15800292437852e-06
    },
    {
      "session_id": "scan-fw-39ac2b14d1bb5f0f",
      "rate_msps": 10.0,
      "baseline_error_m": 2065.7321233316343,
      "stationary_error_m": 2071.5522635369425,
      "exact_train_gain": 0.1073355195348995,
      "exact_held_gain": 0.09555214704960235,
      "success": true,
      "bound_hit": false,
      "maximum_gradient_difference": 2.135967297666071e-06
    },
    {
      "session_id": "scan-fw-aa9770c66396e928",
      "rate_msps": 2.5,
      "baseline_error_m": 2022.842665686203,
      "stationary_error_m": 1979.277532747464,
      "exact_train_gain": 2.850298510707944,
      "exact_held_gain": -11.065101315609354,
      "success": true,
      "bound_hit": false,
      "maximum_gradient_difference": 9.299785460453649e-05
    },
    {
      "session_id": "scan-fw-9d7b6a0db558703a",
      "rate_msps": 2.5,
      "baseline_error_m": 3282.9766449402327,
      "stationary_error_m": 3282.6131767077977,
      "exact_train_gain": 0.0001439638144802302,
      "exact_held_gain": 0.0305654619987763,
      "success": true,
      "bound_hit": false,
      "maximum_gradient_difference": 8.578538157145337e-06
    },
    {
      "session_id": "scan-fw-da2858f6cd2521b7",
      "rate_msps": 10.0,
      "baseline_error_m": 5861.458784986253,
      "stationary_error_m": 5863.156347982282,
      "exact_train_gain": 0.03799452240491519,
      "exact_held_gain": 0.5187422797662293,
      "success": true,
      "bound_hit": false,
      "maximum_gradient_difference": 9.258970206109298e-07
    },
    {
      "session_id": "scan-fw-4c56320fb5ca6994",
      "rate_msps": 7.5,
      "baseline_error_m": 505.264796013255,
      "stationary_error_m": 505.3285365012795,
      "exact_train_gain": 0.00791121241854853,
      "exact_held_gain": 0.12282679141299013,
      "success": true,
      "bound_hit": false,
      "maximum_gradient_difference": 3.5852998908008997e-06
    },
    {
      "session_id": "scan-fw-00ff81dc09fc738a",
      "rate_msps": 10.0,
      "baseline_error_m": 3327.85502222217,
      "stationary_error_m": 3322.2400965676507,
      "exact_train_gain": 0.22060001200770785,
      "exact_held_gain": -0.8272936363146073,
      "success": true,
      "bound_hit": false,
      "maximum_gradient_difference": 7.254697232455875e-06
    },
    {
      "session_id": "scan-fw-11c47d46643182d3",
      "rate_msps": 10.0,
      "baseline_error_m": 5537.5317470771515,
      "stationary_error_m": 5537.17425632246,
      "exact_train_gain": 0.0929488976362336,
      "exact_held_gain": 1.6863442861722433,
      "success": true,
      "bound_hit": false,
      "maximum_gradient_difference": 2.7585103179114667e-06
    },
    {
      "session_id": "scan-fw-898b709fcf3dd978",
      "rate_msps": 5.0,
      "baseline_error_m": 3921.723635746094,
      "stationary_error_m": 3911.37179394829,
      "exact_train_gain": 0.4655776916824834,
      "exact_held_gain": -2.3838926070311572,
      "success": true,
      "bound_hit": false,
      "maximum_gradient_difference": 1.4857220778058972e-06
    },
    {
      "session_id": "scan-fw-3ebf3526172258af",
      "rate_msps": 5.0,
      "baseline_error_m": 2425.000033800949,
      "stationary_error_m": 2425.128010582327,
      "exact_train_gain": 0.04969532941686339,
      "exact_held_gain": -0.42614205367044633,
      "success": true,
      "bound_hit": false,
      "maximum_gradient_difference": 2.069771191301787e-06
    },
    {
      "session_id": "scan-fw-887c0ec0eb44025b",
      "rate_msps": 10.0,
      "baseline_error_m": 513.2926507482916,
      "stationary_error_m": 513.5653733918833,
      "exact_train_gain": 3.4059976314892992e-06,
      "exact_held_gain": -0.008398895834034192,
      "success": true,
      "bound_hit": false,
      "maximum_gradient_difference": 2.8050994281166004e-05
    },
    {
      "session_id": "scan-fw-851486cc2a1acd99",
      "rate_msps": 2.5,
      "baseline_error_m": 477.66547498520197,
      "stationary_error_m": 477.797535078705,
      "exact_train_gain": 4.595922291628085e-05,
      "exact_held_gain": 0.015353309648162394,
      "success": true,
      "bound_hit": false,
      "maximum_gradient_difference": 8.67245969761476e-07
    },
    {
      "session_id": "scan-fw-b5604c3d838fa7ed",
      "rate_msps": 7.5,
      "baseline_error_m": 5892.192968089776,
      "stationary_error_m": 5891.858026649478,
      "exact_train_gain": 0.005881562126887729,
      "exact_held_gain": 0.6000226282685617,
      "success": true,
      "bound_hit": false,
      "maximum_gradient_difference": 2.286816001931171e-06
    },
    {
      "session_id": "scan-fw-f147dd8a5bc99346",
      "rate_msps": 5.0,
      "baseline_error_m": 310.485192924683,
      "stationary_error_m": 310.5288795971749,
      "exact_train_gain": 0.12246375275753962,
      "exact_held_gain": 0.7086699240153393,
      "success": true,
      "bound_hit": false,
      "maximum_gradient_difference": 4.260843422531092e-06
    },
    {
      "session_id": "scan-fw-609d7a8d9861f3db",
      "rate_msps": 5.0,
      "baseline_error_m": 2076.5942821944695,
      "stationary_error_m": 2077.4721257049478,
      "exact_train_gain": 0.015609041933203116,
      "exact_held_gain": -0.6122471263834086,
      "success": true,
      "bound_hit": false,
      "maximum_gradient_difference": 7.118243189561583e-06
    },
    {
      "session_id": "scan-fw-6eb0abc9c780c8cc",
      "rate_msps": 10.0,
      "baseline_error_m": 3842.9055802081466,
      "stationary_error_m": 3842.6485332502216,
      "exact_train_gain": 0.001660085214098217,
      "exact_held_gain": 0.04433095682725252,
      "success": true,
      "bound_hit": false,
      "maximum_gradient_difference": 9.293486016302554e-07
    },
    {
      "session_id": "scan-fw-40ebc07665464c7d",
      "rate_msps": 2.5,
      "baseline_error_m": 1772.7933795240563,
      "stationary_error_m": 1772.4118905195444,
      "exact_train_gain": 0.0012649676828004885,
      "exact_held_gain": 0.004509288197368733,
      "success": true,
      "bound_hit": false,
      "maximum_gradient_difference": 3.436772199977788e-07
    },
    {
      "session_id": "scan-fw-339af454a2aab2f4",
      "rate_msps": 10.0,
      "baseline_error_m": 3626.5489046069642,
      "stationary_error_m": 3626.471723020591,
      "exact_train_gain": 0.002557647929279483,
      "exact_held_gain": 0.038904467016436683,
      "success": true,
      "bound_hit": false,
      "maximum_gradient_difference": 3.2107071312951878e-06
    },
    {
      "session_id": "scan-fw-53ce822d78d476ba",
      "rate_msps": 10.0,
      "baseline_error_m": 2045.4615037770684,
      "stationary_error_m": 2034.822548230144,
      "exact_train_gain": 2.042670224327594,
      "exact_held_gain": -1.9200745313046355,
      "success": true,
      "bound_hit": false,
      "maximum_gradient_difference": 1.2596797782882547e-07
    },
    {
      "session_id": "scan-fw-e76c229e9dc498b3",
      "rate_msps": 5.0,
      "baseline_error_m": 1372.2286409319713,
      "stationary_error_m": 1387.5868966064904,
      "exact_train_gain": 2.345483329570925,
      "exact_held_gain": -0.7733694763264793,
      "success": true,
      "bound_hit": false,
      "maximum_gradient_difference": 6.865763282363417e-06
    },
    {
      "session_id": "scan-fw-c9db23377d1194dd",
      "rate_msps": 10.0,
      "baseline_error_m": 1196.5198616130992,
      "stationary_error_m": 1205.4682098458597,
      "exact_train_gain": 52.50920980085539,
      "exact_held_gain": 71.12558469782562,
      "success": true,
      "bound_hit": false,
      "maximum_gradient_difference": 4.6944551748138605e-06
    },
    {
      "session_id": "scan-fw-0960ee5a52eff93e",
      "rate_msps": 7.5,
      "baseline_error_m": 910.1323400124043,
      "stationary_error_m": 909.9997737361397,
      "exact_train_gain": 0.921182097557903,
      "exact_held_gain": 2.758081475745712,
      "success": true,
      "bound_hit": false,
      "maximum_gradient_difference": 1.595485429396401e-06
    },
    {
      "session_id": "scan-fw-127d8fc36e804ae2",
      "rate_msps": 2.5,
      "baseline_error_m": 4936.442429868475,
      "stationary_error_m": 4931.667731408773,
      "exact_train_gain": 0.3307151386161422,
      "exact_held_gain": 12.708858821529248,
      "success": true,
      "bound_hit": false,
      "maximum_gradient_difference": 2.9706308559708342e-06
    },
    {
      "session_id": "scan-fw-a077447f07d9f81f",
      "rate_msps": 2.5,
      "baseline_error_m": 2179.097740306149,
      "stationary_error_m": 2886.839401236347,
      "exact_train_gain": 101.75967106853022,
      "exact_held_gain": 117.84323585732636,
      "success": true,
      "bound_hit": false,
      "maximum_gradient_difference": 4.0981944451341955e-06
    },
    {
      "session_id": "scan-fw-4b6f98a08c65d0cd",
      "rate_msps": 10.0,
      "baseline_error_m": 2292.0044414765016,
      "stationary_error_m": 2292.1147566197697,
      "exact_train_gain": 0.0003046580077352701,
      "exact_held_gain": -0.06197033545231534,
      "success": true,
      "bound_hit": false,
      "maximum_gradient_difference": 6.846679188062706e-07
    },
    {
      "session_id": "scan-fw-457f07dabb21e096",
      "rate_msps": 2.5,
      "baseline_error_m": 1878.4169022671017,
      "stationary_error_m": 1878.9023157496117,
      "exact_train_gain": 7.154608101700433e-05,
      "exact_held_gain": -0.011827790654024284,
      "success": true,
      "bound_hit": false,
      "maximum_gradient_difference": 7.401753817350642e-07
    },
    {
      "session_id": "scan-fw-d2a25558c152e05c",
      "rate_msps": 5.0,
      "baseline_error_m": 1077.2959855220504,
      "stationary_error_m": 1077.193499354874,
      "exact_train_gain": 0.0037902282583672786,
      "exact_held_gain": 0.12866786621998472,
      "success": true,
      "bound_hit": false,
      "maximum_gradient_difference": 1.0846739542094866e-06
    },
    {
      "session_id": "scan-fw-2e868231654ffbca",
      "rate_msps": 7.5,
      "baseline_error_m": 2288.4282639274566,
      "stationary_error_m": 2288.245985069081,
      "exact_train_gain": 0.00019222292758058757,
      "exact_held_gain": -0.048959916161038564,
      "success": true,
      "bound_hit": false,
      "maximum_gradient_difference": 2.9331901515286854e-06
    },
    {
      "session_id": "scan-fw-a38d2f57a8974b96",
      "rate_msps": 5.0,
      "baseline_error_m": 2354.9816699170665,
      "stationary_error_m": 2316.126301231463,
      "exact_train_gain": 31.151210912212264,
      "exact_held_gain": 42.41285151356533,
      "success": true,
      "bound_hit": false,
      "maximum_gradient_difference": 7.566773615574357e-06
    },
    {
      "session_id": "scan-fw-77dd726d2d7c2e8b",
      "rate_msps": 5.0,
      "baseline_error_m": 1326.5578834145201,
      "stationary_error_m": 1291.4006740510213,
      "exact_train_gain": 5.2241932089800684,
      "exact_held_gain": -24.562296803218487,
      "success": true,
      "bound_hit": false,
      "maximum_gradient_difference": 2.5423811909066058e-05
    },
    {
      "session_id": "scan-fw-496d3fcd69534bc7",
      "rate_msps": 2.5,
      "baseline_error_m": 7764.581842419635,
      "stationary_error_m": 7891.525683129613,
      "exact_train_gain": 22.15615638750387,
      "exact_held_gain": 79.39005190068201,
      "success": true,
      "bound_hit": false,
      "maximum_gradient_difference": 3.625703275389839e-06
    }
  ],
  "metrics": {
    "sub_km": 6,
    "baseline_sub_km": 6,
    "mean_m": 3333.2389370980854,
    "median_m": 2425.128010582327,
    "max_m": 8502.145828774246,
    "warnings": 0,
    "boundary_hits": 0,
    "held_gain": 319.05556619595654
  }
}
