SPF_IIOD_TIMING_V1 snapshot=0 dev=cf-ad9361-lpc metadata=1 burst=0 ring=0 direct=0 frame_iq_bytes=8000000 transported_iq_bytes=0 transported_frames=0 wall_ns=45850222097 stage=sampler_admit count=115 total_ns=202590 max_ns=5052
SPF_IIOD_TIMING_V1 snapshot=0 dev=cf-ad9361-lpc metadata=1 burst=0 ring=0 direct=0 frame_iq_bytes=8000000 transported_iq_bytes=0 transported_frames=0 wall_ns=45850222097 stage=dma_refill count=115 total_ns=45838988321 max_ns=567764021
SPF_IIOD_TIMING_V1 snapshot=0 dev=cf-ad9361-lpc metadata=1 burst=0 ring=0 direct=0 frame_iq_bytes=8000000 transported_iq_bytes=0 transported_frames=0 wall_ns=45850222097 stage=sampler_finish count=114 total_ns=184164 max_ns=2574
SPF_IIOD_TIMING_V1 snapshot=0 dev=cf-ad9361-lpc metadata=1 burst=0 ring=0 direct=0 frame_iq_bytes=8000000 transported_iq_bytes=0 transported_frames=0 wall_ns=45875043234 stage=sampler_admit count=115 total_ns=184830 max_ns=3276
SPF_IIOD_TIMING_V1 snapshot=0 dev=cf-ad9361-lpc metadata=1 burst=0 ring=0 direct=0 frame_iq_bytes=8000000 transported_iq_bytes=0 transported_frames=0 wall_ns=45875043234 stage=dma_refill count=115 total_ns=45865846566 max_ns=576456624
SPF_IIOD_TIMING_V1 snapshot=0 dev=cf-ad9361-lpc metadata=1 burst=0 ring=0 direct=0 frame_iq_bytes=8000000 transported_iq_bytes=0 transported_frames=0 wall_ns=45875043234 stage=sampler_finish count=114 total_ns=174324 max_ns=1986
SPF_IIOD_TIMING_V1 snapshot=0 dev=cf-ad9361-lpc metadata=1 burst=0 ring=0 direct=0 frame_iq_bytes=8000000 transported_iq_bytes=0 transported_frames=0 wall_ns=45858448068 stage=sampler_admit count=115 total_ns=199170 max_ns=3954
SPF_IIOD_TIMING_V1 snapshot=0 dev=cf-ad9361-lpc metadata=1 burst=0 ring=0 direct=0 frame_iq_bytes=8000000 transported_iq_bytes=0 transported_frames=0 wall_ns=45858448068 stage=dma_refill count=115 total_ns=45832594146 max_ns=542605794
SPF_IIOD_TIMING_V1 snapshot=0 dev=cf-ad9361-lpc metadata=1 burst=0 ring=0 direct=0 frame_iq_bytes=8000000 transported_iq_bytes=0 transported_frames=0 wall_ns=45858448068 stage=sampler_finish count=114 total_ns=180360 max_ns=3252
SPF_IIOD_TIMING_V1 snapshot=0 dev=cf-ad9361-lpc metadata=1 burst=0 ring=0 direct=0 frame_iq_bytes=8000000 transported_iq_bytes=0 transported_frames=0 wall_ns=45853548252 stage=sampler_admit count=115 total_ns=193458 max_ns=3588
SPF_IIOD_TIMING_V1 snapshot=0 dev=cf-ad9361-lpc metadata=1 burst=0 ring=0 direct=0 frame_iq_bytes=8000000 transported_iq_bytes=0 transported_frames=0 wall_ns=45853548252 stage=dma_refill count=115 total_ns=45837309258 max_ns=566682006
SPF_IIOD_TIMING_V1 snapshot=0 dev=cf-ad9361-lpc metadata=1 burst=0 ring=0 direct=0 frame_iq_bytes=8000000 transported_iq_bytes=0 transported_frames=0 wall_ns=45853548252 stage=sampler_finish count=114 total_ns=179424 max_ns=2238
SPF_IIOD_TIMING_V1 snapshot=0 dev=cf-ad9361-lpc metadata=1 burst=0 ring=0 direct=0 frame_iq_bytes=8000000 transported_iq_bytes=0 transported_frames=0 wall_ns=45857707979 stage=sampler_admit count=115 total_ns=210816 max_ns=22344
SPF_IIOD_TIMING_V1 snapshot=0 dev=cf-ad9361-lpc metadata=1 burst=0 ring=0 direct=0 frame_iq_bytes=8000000 transported_iq_bytes=0 transported_frames=0 wall_ns=45857707979 stage=dma_refill count=115 total_ns=45847236598 max_ns=551459825
SPF_IIOD_TIMING_V1 snapshot=0 dev=cf-ad9361-lpc metadata=1 burst=0 ring=0 direct=0 frame_iq_bytes=8000000 transported_iq_bytes=0 transported_frames=0 wall_ns=45857707979 stage=sampler_finish count=114 total_ns=205980 max_ns=22044
SPF_IIOD_TIMING_V1 snapshot=0 dev=cf-ad9361-lpc metadata=1 burst=0 ring=0 direct=0 frame_iq_bytes=8000000 transported_iq_bytes=0 transported_frames=0 wall_ns=45835710035 stage=sampler_admit count=115 total_ns=188982 max_ns=3420
SPF_IIOD_TIMING_V1 snapshot=0 dev=cf-ad9361-lpc metadata=1 burst=0 ring=0 direct=0 frame_iq_bytes=8000000 transported_iq_bytes=0 transported_frames=0 wall_ns=45835710035 stage=dma_refill count=115 total_ns=45821675819 max_ns=501724991
SPF_IIOD_TIMING_V1 snapshot=0 dev=cf-ad9361-lpc metadata=1 burst=0 ring=0 direct=0 frame_iq_bytes=8000000 transported_iq_bytes=0 transported_frames=0 wall_ns=45835710035 stage=sampler_finish count=114 total_ns=200220 max_ns=20352
SPF_IIOD_TIMING_V1 snapshot=0 dev=cf-ad9361-lpc metadata=1 burst=0 ring=0 direct=0 frame_iq_bytes=8000000 transported_iq_bytes=0 transported_frames=0 wall_ns=45839668866 stage=sampler_admit count=115 total_ns=173154 max_ns=2952
SPF_IIOD_TIMING_V1 snapshot=0 dev=cf-ad9361-lpc metadata=1 burst=0 ring=0 direct=0 frame_iq_bytes=8000000 transported_iq_bytes=0 transported_frames=0 wall_ns=45839668866 stage=dma_refill count=115 total_ns=45821349744 max_ns=541048860
SPF_IIOD_TIMING_V1 snapshot=0 dev=cf-ad9361-lpc metadata=1 burst=0 ring=0 direct=0 frame_iq_bytes=8000000 transported_iq_bytes=0 transported_frames=0 wall_ns=45839668866 stage=sampler_finish count=114 total_ns=200256 max_ns=12624
SPF_IIOD_TIMING_V1 snapshot=0 dev=cf-ad9361-lpc metadata=1 burst=0 ring=0 direct=0 frame_iq_bytes=8000000 transported_iq_bytes=0 transported_frames=0 wall_ns=45863452506 stage=sampler_admit count=115 total_ns=167802 max_ns=3120
SPF_IIOD_TIMING_V1 snapshot=0 dev=cf-ad9361-lpc metadata=1 burst=0 ring=0 direct=0 frame_iq_bytes=8000000 transported_iq_bytes=0 transported_frames=0 wall_ns=45863452506 stage=dma_refill count=115 total_ns=45855942840 max_ns=571235064
SPF_IIOD_TIMING_V1 snapshot=0 dev=cf-ad9361-lpc metadata=1 burst=0 ring=0 direct=0 frame_iq_bytes=8000000 transported_iq_bytes=0 transported_frames=0 wall_ns=45863452506 stage=sampler_finish count=114 total_ns=185010 max_ns=2160
SPF_IIOD_TIMING_V1 snapshot=0 dev=cf-ad9361-lpc metadata=1 burst=0 ring=0 direct=0 frame_iq_bytes=8000000 transported_iq_bytes=0 transported_frames=0 wall_ns=45836547444 stage=sampler_admit count=115 total_ns=192948 max_ns=3948
SPF_IIOD_TIMING_V1 snapshot=0 dev=cf-ad9361-lpc metadata=1 burst=0 ring=0 direct=0 frame_iq_bytes=8000000 transported_iq_bytes=0 transported_frames=0 wall_ns=45836547444 stage=dma_refill count=115 total_ns=45820167126 max_ns=528874260
SPF_IIOD_TIMING_V1 snapshot=0 dev=cf-ad9361-lpc metadata=1 burst=0 ring=0 direct=0 frame_iq_bytes=8000000 transported_iq_bytes=0 transported_frames=0 wall_ns=45836547444 stage=sampler_finish count=114 total_ns=183192 max_ns=2112
test-native-glr invoked oom-killer: gfp_mask=0x1100cca(GFP_HIGHUSER_MOVABLE), order=0, oom_score_adj=0
CPU: 0 PID: 15754 Comm: test-native-glr Not tainted 5.15.0-counter-rx-v1 #1
Hardware name: Xilinx Zynq Platform
[<c010c800>] (unwind_backtrace) from [<c01091a4>] (show_stack+0x10/0x14)
[<c01091a4>] (show_stack) from [<c071aa3c>] (dump_stack_lvl+0x40/0x4c)
[<c071aa3c>] (dump_stack_lvl) from [<c01aff74>] (dump_header+0x64/0x27c)
[<c01aff74>] (dump_header) from [<c01b03e8>] (oom_kill_process+0x84/0x2c8)
[<c01b03e8>] (oom_kill_process) from [<c01b0db0>] (out_of_memory+0x32c/0x384)
[<c01b0db0>] (out_of_memory) from [<c01e1c04>] (__alloc_pages+0x740/0x89c)
[<c01e1c04>] (__alloc_pages) from [<c01cc4f4>] (alloc_zeroed_user_highpage_movable.constprop.20+0x10/0x38)
[<c01cc4f4>] (alloc_zeroed_user_highpage_movable.constprop.20) from [<c01cf6c8>] (handle_mm_fault+0x1c0/0x7d8)
[<c01cf6c8>] (handle_mm_fault) from [<c0110078>] (do_page_fault+0x1bc/0x2d4)
[<c0110078>] (do_page_fault) from [<c0110308>] (do_DataAbort+0x38/0xb8)
[<c0110308>] (do_DataAbort) from [<c0100dfc>] (__dabt_usr+0x3c/0x40)
Exception stack(0xc5241fb0 to 0xc5241ff8)
1fa0:                                     a5fa8008 b526480c a921e808 ac495068
1fc0: 00000000 00000000 a9698008 bed5f578 0036ee7c 00000002 0070df78 bed5fcf0
1fe0: 002dfd00 bed5f430 a76a67e8 00442240 80010010 ffffffff
Mem-Info:
active_anon:32496 inactive_anon:76098 isolated_anon:0
 active_file:177 inactive_file:169 isolated_file:32
 unevictable:11944 dirty:0 writeback:0
 slab_reclaimable:1730 slab_unreclaimable:1166
 mapped:1631 shmem:51230 pagetables:208 bounce:0
 kernel_misc_reclaimable:0
 free:1575 free_pcp:51 free_cma:0
Node 0 active_anon:129984kB inactive_anon:304392kB active_file:708kB inactive_file:676kB unevictable:47776kB isolated(anon):0kB isolated(file):128kB mapped:6524kB dirty:0kB writeback:0kB shmem:204920kB writeback_tmp:0kB kernel_stack:552kB pagetables:832kB all_unreclaimable? no
Normal free:6300kB min:9172kB low:9876kB high:10580kB reserved_highatomic:0KB active_anon:129984kB inactive_anon:304340kB active_file:900kB inactive_file:876kB unevictable:47776kB writepending:0kB present:524288kB managed:506568kB mlocked:0kB bounce:0kB free_pcp:204kB local_pcp:0kB free_cma:0kB
lowmem_reserve[]: 0 0 0
Normal: 264*4kB (UMEC) 176*8kB (UMEC) 112*16kB (UE) 62*32kB (UE) 7*64kB (UE) 0*128kB 0*256kB 0*512kB 0*1024kB 0*2048kB 0*4096kB = 6688kB
63540 total pagecache pages
0 pages in swap cache
Swap cache stats: add 0, delete 0, find 0/0
Free swap  = 0kB
Total swap = 0kB
131072 pages RAM
0 pages HighMem/MovableOnly
4430 pages reserved
55296 pages cma reserved
Tasks state (memory values in pages):
[  pid  ]   uid  tgid total_vm      rss pgtables_bytes swapents oom_score_adj name
[     79]     0    79      584       62     6144        0             0 syslogd
[     83]     0    83      584       62     6144        0             0 klogd
[    106]     0   106      551       15     6144        0             0 watchdog
[    215]     0   215      584       62     6144        0             0 iiod_supervisor
[    218]     0   218      584       62     6144        0             0 sdr_usb_gadget_
[    220]     0   220    14304      708    24576        0             0 iiod
[    221]     0   221     1184      282    10240        0             0 sdr_usb_gadget
[    241]   101   241      755       42     8192        0             0 dbus-daemon
[    313]     0   313      584       15     6144        0             0 udhcpd
[    316]     0   316      584       16     6144        0             0 httpd
[    361]     0   361      584      348     6144        0             0 sh
[    367]   100   367      897      530     8192        0             0 avahi-daemon
[    375]     0   375      486      340     6144        0             0 dropbear
[    380]     0   380     1166      270    10240        0             0 sdr_ip_gadget
[    389]     0   389      340       14     6144        0             0 input-event-dae
[    390]     0   390      584       62     6144        0             0 getty
[    391]     0   391      584       62     6144        0             0 getty
[  15753]     0 15753      567      339     6144        0             0 dropbear
[  15754]     0 15754    71547    57337   278528        0             0 test-native-glr
oom-kill:constraint=CONSTRAINT_NONE,nodemask=(null),task=test-native-glr,pid=15754,uid=0
Out of memory: Killed process 15754 (test-native-glr) total-vm:286188kB, anon-rss:226352kB, file-rss:2972kB, shmem-rss:0kB, UID:0 pgtables:272kB oom_score_adj:0
oom_reaper: reaped process 15754 (test-native-glr), now anon-rss:0kB, file-rss:0kB, shmem-rss:0kB
