{
  "dataset_id": "DS9",
  "arm": "receiver_slope",
  "state": "returned",
  "x": [
    1.5278569109477227,
    -0.21303766987598907,
    0.14457435859086987,
    0.5492961495705375,
    0.6124087582483463,
    -0.17915403500762078,
    -1.0499553199830958,
    -0.43409247311828775,
    -1.124260288165072,
    -0.8930863052009744,
    -1.873543181287737,
    -4.041940668195903
  ],
  "success": true,
  "message": "CONVERGENCE: RELATIVE REDUCTION OF F <= FACTR*EPSMCH",
  "boundary_hit": false,
  "gradient": [
    7.346817857190047e-06,
    0.0005077735771585878,
    0.0029855768199311683,
    -4.6869416848949186e-05,
    0.0010101457057807295,
    -0.0032495151684095447,
    -0.0007128489476180278,
    -0.0006071615108353967,
    -0.003841939413380402,
    0.0015714780011819585,
    0.00012772761871637783,
    0.00031164175083375767
  ],
  "training_log_score": -92702.37242985154,
  "evaluations": 19,
  "iterations": 16,
  "training_nondecreasing": true,
  "qualified": true,
  "original_qualified": false,
  "original_x": [
    1.527763162124168,
    -0.2129121461819877,
    0.14451690428990127,
    0.5492979973056102,
    0.6123998459826603,
    -0.17915025278239086,
    -1.0499665482959026,
    -0.43410804365577693,
    -1.124254372454259,
    -0.8930793928095763,
    -1.8736214209905417,
    -4.042152692117783
  ],
  "position_displacement_m": 0.1566685663227475,
  "estimate": {
    "latitude_deg": 37.854334107469974,
    "longitude_deg": -122.46697231799932
  },
  "held_log_score": -60615.350055497714
}
