{
  "dataset_id": "DS7",
  "point_source": "reports/2026_09_28_pooled_receiver_slope/polished/DS7/receiver_slope/result.json",
  "state": "checked",
  "visibility_stable": true,
  "normalized_raw_asymmetry": [
    4.291515555770556e-05,
    1.0730907576664044e-05
  ],
  "normalized_step_sensitivity": 6.0823978521483666e-05,
  "two_step_stable": true,
  "positive_profiled_information": true,
  "comparisons": [
    {
      "state": "positive",
      "fixed_slope_information": [
        [
          99.94442337177904,
          0.5948581246557261
        ],
        [
          0.5948581246557261,
          183.11015329955256
        ]
      ],
      "free_slope_information": [
        [
          80.32191201235284,
          2.688385337451866
        ],
        [
          2.688385337451866,
          182.68070104759667
        ]
      ],
      "retention_eigenvalues": [
        0.8022982603518378,
        0.9988822461645239
      ]
    },
    {
      "state": "positive",
      "fixed_slope_information": [
        [
          99.94422384240033,
          0.6011104431321712
        ],
        [
          0.6011104431321712,
          183.08714971677648
        ]
      ],
      "free_slope_information": [
        [
          80.32319190118352,
          2.6930504202669283
        ],
        [
          2.6930504202669283,
          182.65811154078898
        ]
      ],
      "retention_eigenvalues": [
        0.8023128531179337,
        0.9988826056504687
      ]
    }
  ],
  "interior_identifiability_check_passed": true,
  "minimum_timing_knot_distance_s": 0.017487333134341896,
  "scope": "Local curvature; not calibrated geographic uncertainty or global uniqueness."
}
