DS17-004 baseline complete
DS17-002 baseline complete
DS17-013 baseline complete
DS17-014 baseline complete
DS17-019 baseline complete
DS17-018 baseline complete
DS17-025 baseline complete
DS17-026 baseline complete
DS17-034 baseline complete
DS17-038 baseline complete
DS17-041 baseline complete
DS17-043 baseline complete
DS17-045 baseline complete
DS17-048 current published baseline
Traceback (most recent call last):
  File "/home/mouse9911/gits/leo-hard60-default/reports/2026_10_08_position_error_iter01/baseline.py", line 152, in <module>
    run(label)
    ~~~^^^^^^^
  File "/home/mouse9911/gits/leo-hard60-default/reports/2026_10_08_position_error_iter01/baseline.py", line 99, in run
    doc = original(label)
  File "/home/mouse9911/gits/leo-hard60-default/reports/2026_10_08_position_error_iter01/baseline.py", line 45, in original
    raise ValueError(f"Baseline publication pending: {label}")
ValueError: Baseline publication pending: DS17-050
DS17-047 baseline complete
