DS17-045 matched-control fitted-c True 4.1542
DS17-045 matched-control zero-c True 4.5112
DS17-045 satellite-bias-50 fitted-c True 3.8099
DS17-045 satellite-bias-50 zero-c True 3.1744
DS17-045 satellite-bias-150 fitted-c True 3.889
DS17-045 satellite-bias-150 zero-c True 0.994
DS17-045 satellite-bias-150-tight-timing fitted-c True 4.4261
DS17-045 satellite-bias-150-tight-timing zero-c True 3.3977
DS17-048 matched-control fitted-c True 2.8254
DS17-048 matched-control zero-c True 2.3632
DS17-048 satellite-bias-50 fitted-c True 2.2483
DS17-048 satellite-bias-50 zero-c True 1.5818
DS17-048 satellite-bias-150 fitted-c True 1.818
DS17-048 satellite-bias-150 zero-c True 1.1198
DS17-048 satellite-bias-150-tight-timing fitted-c True 1.6028
DS17-048 satellite-bias-150-tight-timing zero-c True 1.149
DS17-004 matched-control fitted-c True 0.4431
DS17-004 matched-control zero-c False 1.3331
DS17-004 satellite-bias-50 fitted-c True 0.2454
DS17-004 satellite-bias-50 zero-c True 0.592
DS17-004 satellite-bias-150 fitted-c True 0.1965
DS17-004 satellite-bias-150 zero-c True 0.2494
DS17-004 satellite-bias-150-tight-timing fitted-c True 0.3221
DS17-004 satellite-bias-150-tight-timing zero-c True 0.7863
S10 matched-control fitted-c True 0.5014
S10 matched-control zero-c True 2.0719
S10 satellite-bias-50 fitted-c True 0.4367
S10 satellite-bias-50 zero-c True 1.6914
S10 satellite-bias-150 fitted-c True 0.4098
S10 satellite-bias-150 zero-c True 1.2759
S10 satellite-bias-150-tight-timing fitted-c True 0.453
S10 satellite-bias-150-tight-timing zero-c True 1.2674
