{
  "fitted-c": {
    "matched-control": {
      "converged": 7,
      "paired_mean_error_km": 3.9114817413939784,
      "paired_mean_frequency_rms_hz": 96.83765573567466
    },
    "satellite-bias-50": {
      "converged": 7,
      "paired_mean_error_km": 3.815417919459559,
      "paired_mean_frequency_rms_hz": 90.20358663846862
    },
    "satellite-bias-150": {
      "converged": 7,
      "paired_mean_error_km": 3.875122970838754,
      "paired_mean_frequency_rms_hz": 85.89575473107418
    },
    "satellite-bias-150-tight-timing": {
      "converged": 7,
      "paired_mean_error_km": 3.8792220689360173,
      "paired_mean_frequency_rms_hz": 85.87385689597328
    }
  },
  "zero-c": {
    "matched-control": {
      "converged": 6,
      "paired_mean_error_km": 4.82058579236931,
      "paired_mean_frequency_rms_hz": 136.4866361115913
    },
    "satellite-bias-50": {
      "converged": 7,
      "paired_mean_error_km": 4.436990911367901,
      "paired_mean_frequency_rms_hz": 131.40924598416305
    },
    "satellite-bias-150": {
      "converged": 7,
      "paired_mean_error_km": 3.977580889288752,
      "paired_mean_frequency_rms_hz": 125.52855123623412
    },
    "satellite-bias-150-tight-timing": {
      "converged": 7,
      "paired_mean_error_km": 4.294145409421752,
      "paired_mean_frequency_rms_hz": 125.65585104389066
    }
  }
}
