SPF_IIOD_TIMING_V1 snapshot=0 dev=cf-ad9361-lpc metadata=0 burst=0 ring=0 direct=0 frame_iq_bytes=524288 transported_iq_bytes=524288 transported_frames=1 wall_ns=23447029 stage=dma_refill count=1 total_ns=12734389 max_ns=12734389
SPF_IIOD_TIMING_V1 snapshot=0 dev=cf-ad9361-lpc metadata=0 burst=0 ring=0 direct=0 frame_iq_bytes=524288 transported_iq_bytes=524288 transported_frames=1 wall_ns=23447029 stage=transport_frame count=1 total_ns=10708602 max_ns=10708602
SPF_IIOD_TIMING_V1 snapshot=0 dev=cf-ad9361-lpc metadata=0 burst=0 ring=0 direct=0 frame_iq_bytes=524288 transported_iq_bytes=524288 transported_frames=1 wall_ns=23447029 stage=transport_iq count=1 total_ns=10555590 max_ns=10555590
SPF_IIOD_TIMING_V1 snapshot=1 dev=cf-ad9361-lpc metadata=1 burst=0 ring=0 direct=0 frame_iq_bytes=524288 transported_iq_bytes=52428800 transported_frames=100 wall_ns=1281401563 stage=sampler_admit count=100 total_ns=37767997 max_ns=1008072
SPF_IIOD_TIMING_V1 snapshot=1 dev=cf-ad9361-lpc metadata=1 burst=0 ring=0 direct=0 frame_iq_bytes=524288 transported_iq_bytes=52428800 transported_frames=100 wall_ns=1281401563 stage=dma_refill count=100 total_ns=4639224 max_ns=89904
SPF_IIOD_TIMING_V1 snapshot=1 dev=cf-ad9361-lpc metadata=1 burst=0 ring=0 direct=0 frame_iq_bytes=524288 transported_iq_bytes=52428800 transported_frames=100 wall_ns=1281401563 stage=sampler_finish count=100 total_ns=125407554 max_ns=4632282
SPF_IIOD_TIMING_V1 snapshot=1 dev=cf-ad9361-lpc metadata=1 burst=0 ring=0 direct=0 frame_iq_bytes=524288 transported_iq_bytes=52428800 transported_frames=100 wall_ns=1281401563 stage=metadata_build count=100 total_ns=59509494 max_ns=660360
SPF_IIOD_TIMING_V1 snapshot=1 dev=cf-ad9361-lpc metadata=1 burst=0 ring=0 direct=0 frame_iq_bytes=524288 transported_iq_bytes=52428800 transported_frames=100 wall_ns=1281401563 stage=transport_frame count=100 total_ns=998332023 max_ns=12098538
SPF_IIOD_TIMING_V1 snapshot=1 dev=cf-ad9361-lpc metadata=1 burst=0 ring=0 direct=0 frame_iq_bytes=524288 transported_iq_bytes=52428800 transported_frames=100 wall_ns=1281401563 stage=transport_iq count=100 total_ns=903273153 max_ns=11115162
SPF_IIOD_TIMING_V1 snapshot=1 dev=cf-ad9361-lpc metadata=1 burst=0 ring=0 direct=0 frame_iq_bytes=524288 transported_iq_bytes=104857600 transported_frames=200 wall_ns=2588232116 stage=sampler_admit count=200 total_ns=80896532 max_ns=1352334
SPF_IIOD_TIMING_V1 snapshot=1 dev=cf-ad9361-lpc metadata=1 burst=0 ring=0 direct=0 frame_iq_bytes=524288 transported_iq_bytes=104857600 transported_frames=200 wall_ns=2588232116 stage=dma_refill count=200 total_ns=54156438 max_ns=2599122
SPF_IIOD_TIMING_V1 snapshot=1 dev=cf-ad9361-lpc metadata=1 burst=0 ring=0 direct=0 frame_iq_bytes=524288 transported_iq_bytes=104857600 transported_frames=200 wall_ns=2588232116 stage=sampler_finish count=200 total_ns=224805924 max_ns=4632282
SPF_IIOD_TIMING_V1 snapshot=1 dev=cf-ad9361-lpc metadata=1 burst=0 ring=0 direct=0 frame_iq_bytes=524288 transported_iq_bytes=104857600 transported_frames=200 wall_ns=2588232116 stage=metadata_build count=200 total_ns=119142247 max_ns=791502
SPF_IIOD_TIMING_V1 snapshot=1 dev=cf-ad9361-lpc metadata=1 burst=0 ring=0 direct=0 frame_iq_bytes=524288 transported_iq_bytes=104857600 transported_frames=200 wall_ns=2588232116 stage=transport_frame count=200 total_ns=1991590256 max_ns=12098538
SPF_IIOD_TIMING_V1 snapshot=1 dev=cf-ad9361-lpc metadata=1 burst=0 ring=0 direct=0 frame_iq_bytes=524288 transported_iq_bytes=104857600 transported_frames=200 wall_ns=2588232116 stage=transport_iq count=200 total_ns=1800874783 max_ns=11115162
SPF_IIOD_TIMING_V1 snapshot=1 dev=cf-ad9361-lpc metadata=1 burst=0 ring=0 direct=0 frame_iq_bytes=524288 transported_iq_bytes=157286400 transported_frames=300 wall_ns=3900559743 stage=sampler_admit count=300 total_ns=123674264 max_ns=2285208
SPF_IIOD_TIMING_V1 snapshot=1 dev=cf-ad9361-lpc metadata=1 burst=0 ring=0 direct=0 frame_iq_bytes=524288 transported_iq_bytes=157286400 transported_frames=300 wall_ns=3900559743 stage=dma_refill count=300 total_ns=126962449 max_ns=2599122
SPF_IIOD_TIMING_V1 snapshot=1 dev=cf-ad9361-lpc metadata=1 burst=0 ring=0 direct=0 frame_iq_bytes=524288 transported_iq_bytes=157286400 transported_frames=300 wall_ns=3900559743 stage=sampler_finish count=300 total_ns=315918248 max_ns=4632282
SPF_IIOD_TIMING_V1 snapshot=1 dev=cf-ad9361-lpc metadata=1 burst=0 ring=0 direct=0 frame_iq_bytes=524288 transported_iq_bytes=157286400 transported_frames=300 wall_ns=3900559743 stage=metadata_build count=300 total_ns=178510381 max_ns=791502
SPF_IIOD_TIMING_V1 snapshot=1 dev=cf-ad9361-lpc metadata=1 burst=0 ring=0 direct=0 frame_iq_bytes=524288 transported_iq_bytes=157286400 transported_frames=300 wall_ns=3900559743 stage=transport_frame count=300 total_ns=2981627453 max_ns=12098538
SPF_IIOD_TIMING_V1 snapshot=1 dev=cf-ad9361-lpc metadata=1 burst=0 ring=0 direct=0 frame_iq_bytes=524288 transported_iq_bytes=157286400 transported_frames=300 wall_ns=3900559743 stage=transport_iq count=300 total_ns=2695895589 max_ns=11115162
SPF_IIOD_TIMING_V1 snapshot=1 dev=cf-ad9361-lpc metadata=1 burst=0 ring=0 direct=0 frame_iq_bytes=524288 transported_iq_bytes=209715200 transported_frames=400 wall_ns=5209822150 stage=sampler_admit count=400 total_ns=172077153 max_ns=2285208
SPF_IIOD_TIMING_V1 snapshot=1 dev=cf-ad9361-lpc metadata=1 burst=0 ring=0 direct=0 frame_iq_bytes=524288 transported_iq_bytes=209715200 transported_frames=400 wall_ns=5209822150 stage=dma_refill count=400 total_ns=209447749 max_ns=3344232
SPF_IIOD_TIMING_V1 snapshot=1 dev=cf-ad9361-lpc metadata=1 burst=0 ring=0 direct=0 frame_iq_bytes=524288 transported_iq_bytes=209715200 transported_frames=400 wall_ns=5209822150 stage=sampler_finish count=400 total_ns=399257607 max_ns=4632282
SPF_IIOD_TIMING_V1 snapshot=1 dev=cf-ad9361-lpc metadata=1 burst=0 ring=0 direct=0 frame_iq_bytes=524288 transported_iq_bytes=209715200 transported_frames=400 wall_ns=5209822150 stage=metadata_build count=400 total_ns=238076131 max_ns=791502
SPF_IIOD_TIMING_V1 snapshot=1 dev=cf-ad9361-lpc metadata=1 burst=0 ring=0 direct=0 frame_iq_bytes=524288 transported_iq_bytes=209715200 transported_frames=400 wall_ns=5209822150 stage=transport_frame count=400 total_ns=3961694636 max_ns=12098538
SPF_IIOD_TIMING_V1 snapshot=1 dev=cf-ad9361-lpc metadata=1 burst=0 ring=0 direct=0 frame_iq_bytes=524288 transported_iq_bytes=209715200 transported_frames=400 wall_ns=5209822150 stage=transport_iq count=400 total_ns=3580676807 max_ns=11115162
SPF_IIOD_TIMING_V1 snapshot=1 dev=cf-ad9361-lpc metadata=1 burst=0 ring=0 direct=0 frame_iq_bytes=524288 transported_iq_bytes=262144000 transported_frames=500 wall_ns=6523197575 stage=sampler_admit count=500 total_ns=215717338 max_ns=2285208
SPF_IIOD_TIMING_V1 snapshot=1 dev=cf-ad9361-lpc metadata=1 burst=0 ring=0 direct=0 frame_iq_bytes=524288 transported_iq_bytes=262144000 transported_frames=500 wall_ns=6523197575 stage=dma_refill count=500 total_ns=281099270 max_ns=3344232
SPF_IIOD_TIMING_V1 snapshot=1 dev=cf-ad9361-lpc metadata=1 burst=0 ring=0 direct=0 frame_iq_bytes=524288 transported_iq_bytes=262144000 transported_frames=500 wall_ns=6523197575 stage=sampler_finish count=500 total_ns=491444795 max_ns=4632282
SPF_IIOD_TIMING_V1 snapshot=1 dev=cf-ad9361-lpc metadata=1 burst=0 ring=0 direct=0 frame_iq_bytes=524288 transported_iq_bytes=262144000 transported_frames=500 wall_ns=6523197575 stage=metadata_build count=500 total_ns=297580172 max_ns=791502
SPF_IIOD_TIMING_V1 snapshot=1 dev=cf-ad9361-lpc metadata=1 burst=0 ring=0 direct=0 frame_iq_bytes=524288 transported_iq_bytes=262144000 transported_frames=500 wall_ns=6523197575 stage=transport_frame count=500 total_ns=4961434223 max_ns=12098538
SPF_IIOD_TIMING_V1 snapshot=1 dev=cf-ad9361-lpc metadata=1 burst=0 ring=0 direct=0 frame_iq_bytes=524288 transported_iq_bytes=262144000 transported_frames=500 wall_ns=6523197575 stage=transport_iq count=500 total_ns=4484294544 max_ns=11115162
SPF_IIOD_TIMING_V1 snapshot=1 dev=cf-ad9361-lpc metadata=1 burst=0 ring=0 direct=0 frame_iq_bytes=524288 transported_iq_bytes=314572800 transported_frames=600 wall_ns=7832744346 stage=sampler_admit count=600 total_ns=254555628 max_ns=2285208
SPF_IIOD_TIMING_V1 snapshot=1 dev=cf-ad9361-lpc metadata=1 burst=0 ring=0 direct=0 frame_iq_bytes=524288 transported_iq_bytes=314572800 transported_frames=600 wall_ns=7832744346 stage=dma_refill count=600 total_ns=349844684 max_ns=3344232
SPF_IIOD_TIMING_V1 snapshot=1 dev=cf-ad9361-lpc metadata=1 burst=0 ring=0 direct=0 frame_iq_bytes=524288 transported_iq_bytes=314572800 transported_frames=600 wall_ns=7832744346 stage=sampler_finish count=600 total_ns=581311007 max_ns=4632282
SPF_IIOD_TIMING_V1 snapshot=1 dev=cf-ad9361-lpc metadata=1 burst=0 ring=0 direct=0 frame_iq_bytes=524288 transported_iq_bytes=314572800 transported_frames=600 wall_ns=7832744346 stage=metadata_build count=600 total_ns=357012399 max_ns=791502
SPF_IIOD_TIMING_V1 snapshot=1 dev=cf-ad9361-lpc metadata=1 burst=0 ring=0 direct=0 frame_iq_bytes=524288 transported_iq_bytes=314572800 transported_frames=600 wall_ns=7832744346 stage=transport_frame count=600 total_ns=5960299676 max_ns=12230466
SPF_IIOD_TIMING_V1 snapshot=1 dev=cf-ad9361-lpc metadata=1 burst=0 ring=0 direct=0 frame_iq_bytes=524288 transported_iq_bytes=314572800 transported_frames=600 wall_ns=7832744346 stage=transport_iq count=600 total_ns=5387746634 max_ns=11231604
SPF_IIOD_TIMING_V1 snapshot=1 dev=cf-ad9361-lpc metadata=1 burst=0 ring=0 direct=0 frame_iq_bytes=524288 transported_iq_bytes=367001600 transported_frames=700 wall_ns=9143751097 stage=sampler_admit count=700 total_ns=298062456 max_ns=2285208
SPF_IIOD_TIMING_V1 snapshot=1 dev=cf-ad9361-lpc metadata=1 burst=0 ring=0 direct=0 frame_iq_bytes=524288 transported_iq_bytes=367001600 transported_frames=700 wall_ns=9143751097 stage=dma_refill count=700 total_ns=397343727 max_ns=3344232
SPF_IIOD_TIMING_V1 snapshot=1 dev=cf-ad9361-lpc metadata=1 burst=0 ring=0 direct=0 frame_iq_bytes=524288 transported_iq_bytes=367001600 transported_frames=700 wall_ns=9143751097 stage=sampler_finish count=700 total_ns=680013570 max_ns=4632282
SPF_IIOD_TIMING_V1 snapshot=1 dev=cf-ad9361-lpc metadata=1 burst=0 ring=0 direct=0 frame_iq_bytes=524288 transported_iq_bytes=367001600 transported_frames=700 wall_ns=9143751097 stage=metadata_build count=700 total_ns=416282722 max_ns=791502
SPF_IIOD_TIMING_V1 snapshot=1 dev=cf-ad9361-lpc metadata=1 burst=0 ring=0 direct=0 frame_iq_bytes=524288 transported_iq_bytes=367001600 transported_frames=700 wall_ns=9143751097 stage=transport_frame count=700 total_ns=6957749970 max_ns=12230466
SPF_IIOD_TIMING_V1 snapshot=1 dev=cf-ad9361-lpc metadata=1 burst=0 ring=0 direct=0 frame_iq_bytes=524288 transported_iq_bytes=367001600 transported_frames=700 wall_ns=9143751097 stage=transport_iq count=700 total_ns=6289866899 max_ns=11231604
SPF_IIOD_TIMING_V1 snapshot=1 dev=cf-ad9361-lpc metadata=1 burst=0 ring=0 direct=0 frame_iq_bytes=524288 transported_iq_bytes=419430400 transported_frames=800 wall_ns=10454051576 stage=sampler_admit count=800 total_ns=341566477 max_ns=2668470
SPF_IIOD_TIMING_V1 snapshot=1 dev=cf-ad9361-lpc metadata=1 burst=0 ring=0 direct=0 frame_iq_bytes=524288 transported_iq_bytes=419430400 transported_frames=800 wall_ns=10454051576 stage=dma_refill count=800 total_ns=468551247 max_ns=3344232
SPF_IIOD_TIMING_V1 snapshot=1 dev=cf-ad9361-lpc metadata=1 burst=0 ring=0 direct=0 frame_iq_bytes=524288 transported_iq_bytes=419430400 transported_frames=800 wall_ns=10454051576 stage=sampler_finish count=800 total_ns=768939637 max_ns=4632282
SPF_IIOD_TIMING_V1 snapshot=1 dev=cf-ad9361-lpc metadata=1 burst=0 ring=0 direct=0 frame_iq_bytes=524288 transported_iq_bytes=419430400 transported_frames=800 wall_ns=10454051576 stage=metadata_build count=800 total_ns=475772435 max_ns=791502
SPF_IIOD_TIMING_V1 snapshot=1 dev=cf-ad9361-lpc metadata=1 burst=0 ring=0 direct=0 frame_iq_bytes=524288 transported_iq_bytes=419430400 transported_frames=800 wall_ns=10454051576 stage=transport_frame count=800 total_ns=7949346063 max_ns=12230466
SPF_IIOD_TIMING_V1 snapshot=1 dev=cf-ad9361-lpc metadata=1 burst=0 ring=0 direct=0 frame_iq_bytes=524288 transported_iq_bytes=419430400 transported_frames=800 wall_ns=10454051576 stage=transport_iq count=800 total_ns=7187268006 max_ns=11231604
SPF_IIOD_TIMING_V1 snapshot=1 dev=cf-ad9361-lpc metadata=1 burst=0 ring=0 direct=0 frame_iq_bytes=524288 transported_iq_bytes=471859200 transported_frames=900 wall_ns=11762990481 stage=sampler_admit count=900 total_ns=385866169 max_ns=2668470
SPF_IIOD_TIMING_V1 snapshot=1 dev=cf-ad9361-lpc metadata=1 burst=0 ring=0 direct=0 frame_iq_bytes=524288 transported_iq_bytes=471859200 transported_frames=900 wall_ns=11762990481 stage=dma_refill count=900 total_ns=554178615 max_ns=3344232
SPF_IIOD_TIMING_V1 snapshot=1 dev=cf-ad9361-lpc metadata=1 burst=0 ring=0 direct=0 frame_iq_bytes=524288 transported_iq_bytes=471859200 transported_frames=900 wall_ns=11762990481 stage=sampler_finish count=900 total_ns=850901666 max_ns=4632282
SPF_IIOD_TIMING_V1 snapshot=1 dev=cf-ad9361-lpc metadata=1 burst=0 ring=0 direct=0 frame_iq_bytes=524288 transported_iq_bytes=471859200 transported_frames=900 wall_ns=11762990481 stage=metadata_build count=900 total_ns=535381320 max_ns=791502
SPF_IIOD_TIMING_V1 snapshot=1 dev=cf-ad9361-lpc metadata=1 burst=0 ring=0 direct=0 frame_iq_bytes=524288 transported_iq_bytes=471859200 transported_frames=900 wall_ns=11762990481 stage=transport_frame count=900 total_ns=8942525031 max_ns=12230466
SPF_IIOD_TIMING_V1 snapshot=1 dev=cf-ad9361-lpc metadata=1 burst=0 ring=0 direct=0 frame_iq_bytes=524288 transported_iq_bytes=471859200 transported_frames=900 wall_ns=11762990481 stage=transport_iq count=900 total_ns=8084765171 max_ns=11231604
SPF_IIOD_TIMING_V1 snapshot=1 dev=cf-ad9361-lpc metadata=1 burst=0 ring=0 direct=0 frame_iq_bytes=524288 transported_iq_bytes=524288000 transported_frames=1000 wall_ns=13076140936 stage=sampler_admit count=1000 total_ns=424535432 max_ns=2668470
SPF_IIOD_TIMING_V1 snapshot=1 dev=cf-ad9361-lpc metadata=1 burst=0 ring=0 direct=0 frame_iq_bytes=524288 transported_iq_bytes=524288000 transported_frames=1000 wall_ns=13076140936 stage=dma_refill count=1000 total_ns=620398198 max_ns=3344232
SPF_IIOD_TIMING_V1 snapshot=1 dev=cf-ad9361-lpc metadata=1 burst=0 ring=0 direct=0 frame_iq_bytes=524288 transported_iq_bytes=524288000 transported_frames=1000 wall_ns=13076140936 stage=sampler_finish count=1000 total_ns=941424494 max_ns=4632282
SPF_IIOD_TIMING_V1 snapshot=1 dev=cf-ad9361-lpc metadata=1 burst=0 ring=0 direct=0 frame_iq_bytes=524288 transported_iq_bytes=524288000 transported_frames=1000 wall_ns=13076140936 stage=metadata_build count=1000 total_ns=598218451 max_ns=4048008
SPF_IIOD_TIMING_V1 snapshot=1 dev=cf-ad9361-lpc metadata=1 burst=0 ring=0 direct=0 frame_iq_bytes=524288 transported_iq_bytes=524288000 transported_frames=1000 wall_ns=13076140936 stage=transport_frame count=1000 total_ns=9938278376 max_ns=12726684
SPF_IIOD_TIMING_V1 snapshot=1 dev=cf-ad9361-lpc metadata=1 burst=0 ring=0 direct=0 frame_iq_bytes=524288 transported_iq_bytes=524288000 transported_frames=1000 wall_ns=13076140936 stage=transport_iq count=1000 total_ns=8982070797 max_ns=11426712
SPF_IIOD_TIMING_V1 snapshot=1 dev=cf-ad9361-lpc metadata=1 burst=0 ring=0 direct=0 frame_iq_bytes=524288 transported_iq_bytes=576716800 transported_frames=1100 wall_ns=14384418971 stage=sampler_admit count=1100 total_ns=469171329 max_ns=2986884
SPF_IIOD_TIMING_V1 snapshot=1 dev=cf-ad9361-lpc metadata=1 burst=0 ring=0 direct=0 frame_iq_bytes=524288 transported_iq_bytes=576716800 transported_frames=1100 wall_ns=14384418971 stage=dma_refill count=1100 total_ns=691702504 max_ns=3344232
SPF_IIOD_TIMING_V1 snapshot=1 dev=cf-ad9361-lpc metadata=1 burst=0 ring=0 direct=0 frame_iq_bytes=524288 transported_iq_bytes=576716800 transported_frames=1100 wall_ns=14384418971 stage=sampler_finish count=1100 total_ns=1031634764 max_ns=4632282
SPF_IIOD_TIMING_V1 snapshot=1 dev=cf-ad9361-lpc metadata=1 burst=0 ring=0 direct=0 frame_iq_bytes=524288 transported_iq_bytes=576716800 transported_frames=1100 wall_ns=14384418971 stage=metadata_build count=1100 total_ns=657419210 max_ns=4048008
SPF_IIOD_TIMING_V1 snapshot=1 dev=cf-ad9361-lpc metadata=1 burst=0 ring=0 direct=0 frame_iq_bytes=524288 transported_iq_bytes=576716800 transported_frames=1100 wall_ns=14384418971 stage=transport_frame count=1100 total_ns=10930894772 max_ns=12726684
SPF_IIOD_TIMING_V1 snapshot=1 dev=cf-ad9361-lpc metadata=1 burst=0 ring=0 direct=0 frame_iq_bytes=524288 transported_iq_bytes=576716800 transported_frames=1100 wall_ns=14384418971 stage=transport_iq count=1100 total_ns=9879540727 max_ns=11426712
SPF_IIOD_TIMING_V1 snapshot=1 dev=cf-ad9361-lpc metadata=1 burst=0 ring=0 direct=0 frame_iq_bytes=524288 transported_iq_bytes=629145600 transported_frames=1200 wall_ns=15697845168 stage=sampler_admit count=1200 total_ns=511193723 max_ns=2986884
SPF_IIOD_TIMING_V1 snapshot=1 dev=cf-ad9361-lpc metadata=1 burst=0 ring=0 direct=0 frame_iq_bytes=524288 transported_iq_bytes=629145600 transported_frames=1200 wall_ns=15697845168 stage=dma_refill count=1200 total_ns=769915991 max_ns=3344232
SPF_IIOD_TIMING_V1 snapshot=1 dev=cf-ad9361-lpc metadata=1 burst=0 ring=0 direct=0 frame_iq_bytes=524288 transported_iq_bytes=629145600 transported_frames=1200 wall_ns=15697845168 stage=sampler_finish count=1200 total_ns=1118105318 max_ns=4632282
SPF_IIOD_TIMING_V1 snapshot=1 dev=cf-ad9361-lpc metadata=1 burst=0 ring=0 direct=0 frame_iq_bytes=524288 transported_iq_bytes=629145600 transported_frames=1200 wall_ns=15697845168 stage=metadata_build count=1200 total_ns=716756642 max_ns=4048008
SPF_IIOD_TIMING_V1 snapshot=1 dev=cf-ad9361-lpc metadata=1 burst=0 ring=0 direct=0 frame_iq_bytes=524288 transported_iq_bytes=629145600 transported_frames=1200 wall_ns=15697845168 stage=transport_frame count=1200 total_ns=11921879400 max_ns=14705208
SPF_IIOD_TIMING_V1 snapshot=1 dev=cf-ad9361-lpc metadata=1 burst=0 ring=0 direct=0 frame_iq_bytes=524288 transported_iq_bytes=629145600 transported_frames=1200 wall_ns=15697845168 stage=transport_iq count=1200 total_ns=10775912337 max_ns=13663734
SPF_IIOD_TIMING_V1 snapshot=1 dev=cf-ad9361-lpc metadata=1 burst=0 ring=0 direct=0 frame_iq_bytes=524288 transported_iq_bytes=681574400 transported_frames=1300 wall_ns=17011617157 stage=sampler_admit count=1300 total_ns=556301658 max_ns=2986884
SPF_IIOD_TIMING_V1 snapshot=1 dev=cf-ad9361-lpc metadata=1 burst=0 ring=0 direct=0 frame_iq_bytes=524288 transported_iq_bytes=681574400 transported_frames=1300 wall_ns=17011617157 stage=dma_refill count=1300 total_ns=851097485 max_ns=3344232
SPF_IIOD_TIMING_V1 snapshot=1 dev=cf-ad9361-lpc metadata=1 burst=0 ring=0 direct=0 frame_iq_bytes=524288 transported_iq_bytes=681574400 transported_frames=1300 wall_ns=17011617157 stage=sampler_finish count=1300 total_ns=1204702066 max_ns=4632282
SPF_IIOD_TIMING_V1 snapshot=1 dev=cf-ad9361-lpc metadata=1 burst=0 ring=0 direct=0 frame_iq_bytes=524288 transported_iq_bytes=681574400 transported_frames=1300 wall_ns=17011617157 stage=metadata_build count=1300 total_ns=777075862 max_ns=4048008
SPF_IIOD_TIMING_V1 snapshot=1 dev=cf-ad9361-lpc metadata=1 burst=0 ring=0 direct=0 frame_iq_bytes=524288 transported_iq_bytes=681574400 transported_frames=1300 wall_ns=17011617157 stage=transport_frame count=1300 total_ns=12906147525 max_ns=14705208
SPF_IIOD_TIMING_V1 snapshot=1 dev=cf-ad9361-lpc metadata=1 burst=0 ring=0 direct=0 frame_iq_bytes=524288 transported_iq_bytes=681574400 transported_frames=1300 wall_ns=17011617157 stage=transport_iq count=1300 total_ns=11664733912 max_ns=13663734
SPF_IIOD_TIMING_V1 snapshot=1 dev=cf-ad9361-lpc metadata=1 burst=0 ring=0 direct=0 frame_iq_bytes=524288 transported_iq_bytes=734003200 transported_frames=1400 wall_ns=18319357394 stage=sampler_admit count=1400 total_ns=604714740 max_ns=2986884
SPF_IIOD_TIMING_V1 snapshot=1 dev=cf-ad9361-lpc metadata=1 burst=0 ring=0 direct=0 frame_iq_bytes=524288 transported_iq_bytes=734003200 transported_frames=1400 wall_ns=18319357394 stage=dma_refill count=1400 total_ns=901841064 max_ns=3344232
SPF_IIOD_TIMING_V1 snapshot=1 dev=cf-ad9361-lpc metadata=1 burst=0 ring=0 direct=0 frame_iq_bytes=524288 transported_iq_bytes=734003200 transported_frames=1400 wall_ns=18319357394 stage=sampler_finish count=1400 total_ns=1297635173 max_ns=4632282
SPF_IIOD_TIMING_V1 snapshot=1 dev=cf-ad9361-lpc metadata=1 burst=0 ring=0 direct=0 frame_iq_bytes=524288 transported_iq_bytes=734003200 transported_frames=1400 wall_ns=18319357394 stage=metadata_build count=1400 total_ns=836629979 max_ns=4048008
SPF_IIOD_TIMING_V1 snapshot=1 dev=cf-ad9361-lpc metadata=1 burst=0 ring=0 direct=0 frame_iq_bytes=524288 transported_iq_bytes=734003200 transported_frames=1400 wall_ns=18319357394 stage=transport_frame count=1400 total_ns=13884658376 max_ns=14705208
SPF_IIOD_TIMING_V1 snapshot=1 dev=cf-ad9361-lpc metadata=1 burst=0 ring=0 direct=0 frame_iq_bytes=524288 transported_iq_bytes=734003200 transported_frames=1400 wall_ns=18319357394 stage=transport_iq count=1400 total_ns=12548769848 max_ns=13663734
SPF_IIOD_TIMING_V1 snapshot=1 dev=cf-ad9361-lpc metadata=1 burst=0 ring=0 direct=0 frame_iq_bytes=524288 transported_iq_bytes=786432000 transported_frames=1500 wall_ns=19629395883 stage=sampler_admit count=1500 total_ns=652453399 max_ns=2986884
SPF_IIOD_TIMING_V1 snapshot=1 dev=cf-ad9361-lpc metadata=1 burst=0 ring=0 direct=0 frame_iq_bytes=524288 transported_iq_bytes=786432000 transported_frames=1500 wall_ns=19629395883 stage=dma_refill count=1500 total_ns=1002579762 max_ns=3344232
SPF_IIOD_TIMING_V1 snapshot=1 dev=cf-ad9361-lpc metadata=1 burst=0 ring=0 direct=0 frame_iq_bytes=524288 transported_iq_bytes=786432000 transported_frames=1500 wall_ns=19629395883 stage=sampler_finish count=1500 total_ns=1377370758 max_ns=4632282
SPF_IIOD_TIMING_V1 snapshot=1 dev=cf-ad9361-lpc metadata=1 burst=0 ring=0 direct=0 frame_iq_bytes=524288 transported_iq_bytes=786432000 transported_frames=1500 wall_ns=19629395883 stage=metadata_build count=1500 total_ns=896479662 max_ns=4048008
SPF_IIOD_TIMING_V1 snapshot=1 dev=cf-ad9361-lpc metadata=1 burst=0 ring=0 direct=0 frame_iq_bytes=524288 transported_iq_bytes=786432000 transported_frames=1500 wall_ns=19629395883 stage=transport_frame count=1500 total_ns=14861025846 max_ns=14705208
SPF_IIOD_TIMING_V1 snapshot=1 dev=cf-ad9361-lpc metadata=1 burst=0 ring=0 direct=0 frame_iq_bytes=524288 transported_iq_bytes=786432000 transported_frames=1500 wall_ns=19629395883 stage=transport_iq count=1500 total_ns=13430157761 max_ns=13663734
SPF_IIOD_TIMING_V1 snapshot=1 dev=cf-ad9361-lpc metadata=1 burst=0 ring=0 direct=0 frame_iq_bytes=524288 transported_iq_bytes=838860800 transported_frames=1600 wall_ns=20937702844 stage=sampler_admit count=1600 total_ns=695795587 max_ns=2986884
SPF_IIOD_TIMING_V1 snapshot=1 dev=cf-ad9361-lpc metadata=1 burst=0 ring=0 direct=0 frame_iq_bytes=524288 transported_iq_bytes=838860800 transported_frames=1600 wall_ns=20937702844 stage=dma_refill count=1600 total_ns=1055620657 max_ns=3344232
SPF_IIOD_TIMING_V1 snapshot=1 dev=cf-ad9361-lpc metadata=1 burst=0 ring=0 direct=0 frame_iq_bytes=524288 transported_iq_bytes=838860800 transported_frames=1600 wall_ns=20937702844 stage=sampler_finish count=1600 total_ns=1471788680 max_ns=4632282
SPF_IIOD_TIMING_V1 snapshot=1 dev=cf-ad9361-lpc metadata=1 burst=0 ring=0 direct=0 frame_iq_bytes=524288 transported_iq_bytes=838860800 transported_frames=1600 wall_ns=20937702844 stage=metadata_build count=1600 total_ns=956110326 max_ns=4048008
SPF_IIOD_TIMING_V1 snapshot=1 dev=cf-ad9361-lpc metadata=1 burst=0 ring=0 direct=0 frame_iq_bytes=524288 transported_iq_bytes=838860800 transported_frames=1600 wall_ns=20937702844 stage=transport_frame count=1600 total_ns=15854119335 max_ns=14705208
SPF_IIOD_TIMING_V1 snapshot=1 dev=cf-ad9361-lpc metadata=1 burst=0 ring=0 direct=0 frame_iq_bytes=524288 transported_iq_bytes=838860800 transported_frames=1600 wall_ns=20937702844 stage=transport_iq count=1600 total_ns=14327828246 max_ns=13663734
SPF_IIOD_TIMING_V1 snapshot=1 dev=cf-ad9361-lpc metadata=1 burst=0 ring=0 direct=0 frame_iq_bytes=524288 transported_iq_bytes=891289600 transported_frames=1700 wall_ns=22253868677 stage=sampler_admit count=1700 total_ns=739609940 max_ns=2986884
SPF_IIOD_TIMING_V1 snapshot=1 dev=cf-ad9361-lpc metadata=1 burst=0 ring=0 direct=0 frame_iq_bytes=524288 transported_iq_bytes=891289600 transported_frames=1700 wall_ns=22253868677 stage=dma_refill count=1700 total_ns=1126068758 max_ns=3344232
SPF_IIOD_TIMING_V1 snapshot=1 dev=cf-ad9361-lpc metadata=1 burst=0 ring=0 direct=0 frame_iq_bytes=524288 transported_iq_bytes=891289600 transported_frames=1700 wall_ns=22253868677 stage=sampler_finish count=1700 total_ns=1564110771 max_ns=4632282
SPF_IIOD_TIMING_V1 snapshot=1 dev=cf-ad9361-lpc metadata=1 burst=0 ring=0 direct=0 frame_iq_bytes=524288 transported_iq_bytes=891289600 transported_frames=1700 wall_ns=22253868677 stage=metadata_build count=1700 total_ns=1016177634 max_ns=4048008
SPF_IIOD_TIMING_V1 snapshot=1 dev=cf-ad9361-lpc metadata=1 burst=0 ring=0 direct=0 frame_iq_bytes=524288 transported_iq_bytes=891289600 transported_frames=1700 wall_ns=22253868677 stage=transport_frame count=1700 total_ns=16849911835 max_ns=14705208
SPF_IIOD_TIMING_V1 snapshot=1 dev=cf-ad9361-lpc metadata=1 burst=0 ring=0 direct=0 frame_iq_bytes=524288 transported_iq_bytes=891289600 transported_frames=1700 wall_ns=22253868677 stage=transport_iq count=1700 total_ns=15228094806 max_ns=13663734
SPF_IIOD_TIMING_V1 snapshot=1 dev=cf-ad9361-lpc metadata=1 burst=0 ring=0 direct=0 frame_iq_bytes=524288 transported_iq_bytes=943718400 transported_frames=1800 wall_ns=23559322386 stage=sampler_admit count=1800 total_ns=782630109 max_ns=3087348
SPF_IIOD_TIMING_V1 snapshot=1 dev=cf-ad9361-lpc metadata=1 burst=0 ring=0 direct=0 frame_iq_bytes=524288 transported_iq_bytes=943718400 transported_frames=1800 wall_ns=23559322386 stage=dma_refill count=1800 total_ns=1171198071 max_ns=3344232
SPF_IIOD_TIMING_V1 snapshot=1 dev=cf-ad9361-lpc metadata=1 burst=0 ring=0 direct=0 frame_iq_bytes=524288 transported_iq_bytes=943718400 transported_frames=1800 wall_ns=23559322386 stage=sampler_finish count=1800 total_ns=1666986381 max_ns=4632282
SPF_IIOD_TIMING_V1 snapshot=1 dev=cf-ad9361-lpc metadata=1 burst=0 ring=0 direct=0 frame_iq_bytes=524288 transported_iq_bytes=943718400 transported_frames=1800 wall_ns=23559322386 stage=metadata_build count=1800 total_ns=1075563405 max_ns=4048008
SPF_IIOD_TIMING_V1 snapshot=1 dev=cf-ad9361-lpc metadata=1 burst=0 ring=0 direct=0 frame_iq_bytes=524288 transported_iq_bytes=943718400 transported_frames=1800 wall_ns=23559322386 stage=transport_frame count=1800 total_ns=17847349270 max_ns=14705208
SPF_IIOD_TIMING_V1 snapshot=1 dev=cf-ad9361-lpc metadata=1 burst=0 ring=0 direct=0 frame_iq_bytes=524288 transported_iq_bytes=943718400 transported_frames=1800 wall_ns=23559322386 stage=transport_iq count=1800 total_ns=16129152864 max_ns=13663734
SPF_IIOD_TIMING_V1 snapshot=1 dev=cf-ad9361-lpc metadata=1 burst=0 ring=0 direct=0 frame_iq_bytes=524288 transported_iq_bytes=996147200 transported_frames=1900 wall_ns=24872205835 stage=sampler_admit count=1900 total_ns=824474859 max_ns=3087348
SPF_IIOD_TIMING_V1 snapshot=1 dev=cf-ad9361-lpc metadata=1 burst=0 ring=0 direct=0 frame_iq_bytes=524288 transported_iq_bytes=996147200 transported_frames=1900 wall_ns=24872205835 stage=dma_refill count=1900 total_ns=1243054012 max_ns=3344232
SPF_IIOD_TIMING_V1 snapshot=1 dev=cf-ad9361-lpc metadata=1 burst=0 ring=0 direct=0 frame_iq_bytes=524288 transported_iq_bytes=996147200 transported_frames=1900 wall_ns=24872205835 stage=sampler_finish count=1900 total_ns=1759524459 max_ns=4632282
SPF_IIOD_TIMING_V1 snapshot=1 dev=cf-ad9361-lpc metadata=1 burst=0 ring=0 direct=0 frame_iq_bytes=524288 transported_iq_bytes=996147200 transported_frames=1900 wall_ns=24872205835 stage=metadata_build count=1900 total_ns=1134991943 max_ns=4048008
SPF_IIOD_TIMING_V1 snapshot=1 dev=cf-ad9361-lpc metadata=1 burst=0 ring=0 direct=0 frame_iq_bytes=524288 transported_iq_bytes=996147200 transported_frames=1900 wall_ns=24872205835 stage=transport_frame count=1900 total_ns=18836514663 max_ns=14705208
SPF_IIOD_TIMING_V1 snapshot=1 dev=cf-ad9361-lpc metadata=1 burst=0 ring=0 direct=0 frame_iq_bytes=524288 transported_iq_bytes=996147200 transported_frames=1900 wall_ns=24872205835 stage=transport_iq count=1900 total_ns=17023727625 max_ns=13663734
SPF_IIOD_TIMING_V1 snapshot=1 dev=cf-ad9361-lpc metadata=1 burst=0 ring=0 direct=0 frame_iq_bytes=524288 transported_iq_bytes=1048576000 transported_frames=2000 wall_ns=26180545556 stage=sampler_admit count=2000 total_ns=867589293 max_ns=3087348
SPF_IIOD_TIMING_V1 snapshot=1 dev=cf-ad9361-lpc metadata=1 burst=0 ring=0 direct=0 frame_iq_bytes=524288 transported_iq_bytes=1048576000 transported_frames=2000 wall_ns=26180545556 stage=dma_refill count=2000 total_ns=1303514129 max_ns=3344232
SPF_IIOD_TIMING_V1 snapshot=1 dev=cf-ad9361-lpc metadata=1 burst=0 ring=0 direct=0 frame_iq_bytes=524288 transported_iq_bytes=1048576000 transported_frames=2000 wall_ns=26180545556 stage=sampler_finish count=2000 total_ns=1853625377 max_ns=4632282
SPF_IIOD_TIMING_V1 snapshot=1 dev=cf-ad9361-lpc metadata=1 burst=0 ring=0 direct=0 frame_iq_bytes=524288 transported_iq_bytes=1048576000 transported_frames=2000 wall_ns=26180545556 stage=metadata_build count=2000 total_ns=1194590261 max_ns=4048008
SPF_IIOD_TIMING_V1 snapshot=1 dev=cf-ad9361-lpc metadata=1 burst=0 ring=0 direct=0 frame_iq_bytes=524288 transported_iq_bytes=1048576000 transported_frames=2000 wall_ns=26180545556 stage=transport_frame count=2000 total_ns=19833320088 max_ns=14705208
SPF_IIOD_TIMING_V1 snapshot=1 dev=cf-ad9361-lpc metadata=1 burst=0 ring=0 direct=0 frame_iq_bytes=524288 transported_iq_bytes=1048576000 transported_frames=2000 wall_ns=26180545556 stage=transport_iq count=2000 total_ns=17924922816 max_ns=13663734
SPF_IIOD_TIMING_V1 snapshot=1 dev=cf-ad9361-lpc metadata=1 burst=0 ring=0 direct=0 frame_iq_bytes=524288 transported_iq_bytes=1101004800 transported_frames=2100 wall_ns=27491346849 stage=sampler_admit count=2100 total_ns=905590419 max_ns=3087348
SPF_IIOD_TIMING_V1 snapshot=1 dev=cf-ad9361-lpc metadata=1 burst=0 ring=0 direct=0 frame_iq_bytes=524288 transported_iq_bytes=1101004800 transported_frames=2100 wall_ns=27491346849 stage=dma_refill count=2100 total_ns=1373517215 max_ns=3344232
SPF_IIOD_TIMING_V1 snapshot=1 dev=cf-ad9361-lpc metadata=1 burst=0 ring=0 direct=0 frame_iq_bytes=524288 transported_iq_bytes=1101004800 transported_frames=2100 wall_ns=27491346849 stage=sampler_finish count=2100 total_ns=1943244431 max_ns=4632282
SPF_IIOD_TIMING_V1 snapshot=1 dev=cf-ad9361-lpc metadata=1 burst=0 ring=0 direct=0 frame_iq_bytes=524288 transported_iq_bytes=1101004800 transported_frames=2100 wall_ns=27491346849 stage=metadata_build count=2100 total_ns=1254371591 max_ns=4048008
SPF_IIOD_TIMING_V1 snapshot=1 dev=cf-ad9361-lpc metadata=1 burst=0 ring=0 direct=0 frame_iq_bytes=524288 transported_iq_bytes=1101004800 transported_frames=2100 wall_ns=27491346849 stage=transport_frame count=2100 total_ns=20824905269 max_ns=14705208
SPF_IIOD_TIMING_V1 snapshot=1 dev=cf-ad9361-lpc metadata=1 burst=0 ring=0 direct=0 frame_iq_bytes=524288 transported_iq_bytes=1101004800 transported_frames=2100 wall_ns=27491346849 stage=transport_iq count=2100 total_ns=18821406239 max_ns=13663734
SPF_IIOD_TIMING_V1 snapshot=1 dev=cf-ad9361-lpc metadata=1 burst=0 ring=0 direct=0 frame_iq_bytes=524288 transported_iq_bytes=1153433600 transported_frames=2200 wall_ns=28802400268 stage=sampler_admit count=2200 total_ns=949638903 max_ns=3087348
SPF_IIOD_TIMING_V1 snapshot=1 dev=cf-ad9361-lpc metadata=1 burst=0 ring=0 direct=0 frame_iq_bytes=524288 transported_iq_bytes=1153433600 transported_frames=2200 wall_ns=28802400268 stage=dma_refill count=2200 total_ns=1450419264 max_ns=3344232
SPF_IIOD_TIMING_V1 snapshot=1 dev=cf-ad9361-lpc metadata=1 burst=0 ring=0 direct=0 frame_iq_bytes=524288 transported_iq_bytes=1153433600 transported_frames=2200 wall_ns=28802400268 stage=sampler_finish count=2200 total_ns=2027924995 max_ns=4632282
SPF_IIOD_TIMING_V1 snapshot=1 dev=cf-ad9361-lpc metadata=1 burst=0 ring=0 direct=0 frame_iq_bytes=524288 transported_iq_bytes=1153433600 transported_frames=2200 wall_ns=28802400268 stage=metadata_build count=2200 total_ns=1313762460 max_ns=4048008
SPF_IIOD_TIMING_V1 snapshot=1 dev=cf-ad9361-lpc metadata=1 burst=0 ring=0 direct=0 frame_iq_bytes=524288 transported_iq_bytes=1153433600 transported_frames=2200 wall_ns=28802400268 stage=transport_frame count=2200 total_ns=21814251003 max_ns=14705208
SPF_IIOD_TIMING_V1 snapshot=1 dev=cf-ad9361-lpc metadata=1 burst=0 ring=0 direct=0 frame_iq_bytes=524288 transported_iq_bytes=1153433600 transported_frames=2200 wall_ns=28802400268 stage=transport_iq count=2200 total_ns=19714755338 max_ns=13663734
SPF_IIOD_TIMING_V1 snapshot=1 dev=cf-ad9361-lpc metadata=1 burst=0 ring=0 direct=0 frame_iq_bytes=524288 transported_iq_bytes=1205862400 transported_frames=2300 wall_ns=30113589611 stage=sampler_admit count=2300 total_ns=990831363 max_ns=3087348
SPF_IIOD_TIMING_V1 snapshot=1 dev=cf-ad9361-lpc metadata=1 burst=0 ring=0 direct=0 frame_iq_bytes=524288 transported_iq_bytes=1205862400 transported_frames=2300 wall_ns=30113589611 stage=dma_refill count=2300 total_ns=1518319932 max_ns=3344232
SPF_IIOD_TIMING_V1 snapshot=1 dev=cf-ad9361-lpc metadata=1 burst=0 ring=0 direct=0 frame_iq_bytes=524288 transported_iq_bytes=1205862400 transported_frames=2300 wall_ns=30113589611 stage=sampler_finish count=2300 total_ns=2118641523 max_ns=4632282
SPF_IIOD_TIMING_V1 snapshot=1 dev=cf-ad9361-lpc metadata=1 burst=0 ring=0 direct=0 frame_iq_bytes=524288 transported_iq_bytes=1205862400 transported_frames=2300 wall_ns=30113589611 stage=metadata_build count=2300 total_ns=1373169348 max_ns=4048008
SPF_IIOD_TIMING_V1 snapshot=1 dev=cf-ad9361-lpc metadata=1 burst=0 ring=0 direct=0 frame_iq_bytes=524288 transported_iq_bytes=1205862400 transported_frames=2300 wall_ns=30113589611 stage=transport_frame count=2300 total_ns=22811030897 max_ns=14705208
SPF_IIOD_TIMING_V1 snapshot=1 dev=cf-ad9361-lpc metadata=1 burst=0 ring=0 direct=0 frame_iq_bytes=524288 transported_iq_bytes=1205862400 transported_frames=2300 wall_ns=30113589611 stage=transport_iq count=2300 total_ns=20616284590 max_ns=13663734
SPF_IIOD_TIMING_V1 snapshot=1 dev=cf-ad9361-lpc metadata=1 burst=0 ring=0 direct=0 frame_iq_bytes=524288 transported_iq_bytes=1258291200 transported_frames=2400 wall_ns=31428308131 stage=sampler_admit count=2400 total_ns=1033495078 max_ns=3087348
SPF_IIOD_TIMING_V1 snapshot=1 dev=cf-ad9361-lpc metadata=1 burst=0 ring=0 direct=0 frame_iq_bytes=524288 transported_iq_bytes=1258291200 transported_frames=2400 wall_ns=31428308131 stage=dma_refill count=2400 total_ns=1554752557 max_ns=3344232
SPF_IIOD_TIMING_V1 snapshot=1 dev=cf-ad9361-lpc metadata=1 burst=0 ring=0 direct=0 frame_iq_bytes=524288 transported_iq_bytes=1258291200 transported_frames=2400 wall_ns=31428308131 stage=sampler_finish count=2400 total_ns=2227490777 max_ns=4632282
SPF_IIOD_TIMING_V1 snapshot=1 dev=cf-ad9361-lpc metadata=1 burst=0 ring=0 direct=0 frame_iq_bytes=524288 transported_iq_bytes=1258291200 transported_frames=2400 wall_ns=31428308131 stage=metadata_build count=2400 total_ns=1432654711 max_ns=4048008
SPF_IIOD_TIMING_V1 snapshot=1 dev=cf-ad9361-lpc metadata=1 burst=0 ring=0 direct=0 frame_iq_bytes=524288 transported_iq_bytes=1258291200 transported_frames=2400 wall_ns=31428308131 stage=transport_frame count=2400 total_ns=23808521943 max_ns=14705208
SPF_IIOD_TIMING_V1 snapshot=1 dev=cf-ad9361-lpc metadata=1 burst=0 ring=0 direct=0 frame_iq_bytes=524288 transported_iq_bytes=1258291200 transported_frames=2400 wall_ns=31428308131 stage=transport_iq count=2400 total_ns=21518270244 max_ns=13663734
SPF_IIOD_TIMING_V1 snapshot=1 dev=cf-ad9361-lpc metadata=1 burst=0 ring=0 direct=0 frame_iq_bytes=524288 transported_iq_bytes=1310720000 transported_frames=2500 wall_ns=32733902059 stage=sampler_admit count=2500 total_ns=1073062103 max_ns=3087348
SPF_IIOD_TIMING_V1 snapshot=1 dev=cf-ad9361-lpc metadata=1 burst=0 ring=0 direct=0 frame_iq_bytes=524288 transported_iq_bytes=1310720000 transported_frames=2500 wall_ns=32733902059 stage=dma_refill count=2500 total_ns=1635532328 max_ns=3344232
SPF_IIOD_TIMING_V1 snapshot=1 dev=cf-ad9361-lpc metadata=1 burst=0 ring=0 direct=0 frame_iq_bytes=524288 transported_iq_bytes=1310720000 transported_frames=2500 wall_ns=32733902059 stage=sampler_finish count=2500 total_ns=2317768278 max_ns=4632282
SPF_IIOD_TIMING_V1 snapshot=1 dev=cf-ad9361-lpc metadata=1 burst=0 ring=0 direct=0 frame_iq_bytes=524288 transported_iq_bytes=1310720000 transported_frames=2500 wall_ns=32733902059 stage=metadata_build count=2500 total_ns=1492149979 max_ns=4048008
SPF_IIOD_TIMING_V1 snapshot=1 dev=cf-ad9361-lpc metadata=1 burst=0 ring=0 direct=0 frame_iq_bytes=524288 transported_iq_bytes=1310720000 transported_frames=2500 wall_ns=32733902059 stage=transport_frame count=2500 total_ns=24797417274 max_ns=14705208
SPF_IIOD_TIMING_V1 snapshot=1 dev=cf-ad9361-lpc metadata=1 burst=0 ring=0 direct=0 frame_iq_bytes=524288 transported_iq_bytes=1310720000 transported_frames=2500 wall_ns=32733902059 stage=transport_iq count=2500 total_ns=22411928871 max_ns=13663734
SPF_IIOD_TIMING_V1 snapshot=1 dev=cf-ad9361-lpc metadata=1 burst=0 ring=0 direct=0 frame_iq_bytes=524288 transported_iq_bytes=1363148800 transported_frames=2600 wall_ns=34048353465 stage=sampler_admit count=2600 total_ns=1117175447 max_ns=3087348
SPF_IIOD_TIMING_V1 snapshot=1 dev=cf-ad9361-lpc metadata=1 burst=0 ring=0 direct=0 frame_iq_bytes=524288 transported_iq_bytes=1363148800 transported_frames=2600 wall_ns=34048353465 stage=dma_refill count=2600 total_ns=1731993981 max_ns=3344232
SPF_IIOD_TIMING_V1 snapshot=1 dev=cf-ad9361-lpc metadata=1 burst=0 ring=0 direct=0 frame_iq_bytes=524288 transported_iq_bytes=1363148800 transported_frames=2600 wall_ns=34048353465 stage=sampler_finish count=2600 total_ns=2394286855 max_ns=4632282
SPF_IIOD_TIMING_V1 snapshot=1 dev=cf-ad9361-lpc metadata=1 burst=0 ring=0 direct=0 frame_iq_bytes=524288 transported_iq_bytes=1363148800 transported_frames=2600 wall_ns=34048353465 stage=metadata_build count=2600 total_ns=1551728876 max_ns=4048008
SPF_IIOD_TIMING_V1 snapshot=1 dev=cf-ad9361-lpc metadata=1 burst=0 ring=0 direct=0 frame_iq_bytes=524288 transported_iq_bytes=1363148800 transported_frames=2600 wall_ns=34048353465 stage=transport_frame count=2600 total_ns=25790491320 max_ns=14705208
SPF_IIOD_TIMING_V1 snapshot=1 dev=cf-ad9361-lpc metadata=1 burst=0 ring=0 direct=0 frame_iq_bytes=524288 transported_iq_bytes=1363148800 transported_frames=2600 wall_ns=34048353465 stage=transport_iq count=2600 total_ns=23309183743 max_ns=13663734
SPF_IIOD_TIMING_V1 snapshot=1 dev=cf-ad9361-lpc metadata=1 burst=0 ring=0 direct=0 frame_iq_bytes=524288 transported_iq_bytes=1415577600 transported_frames=2700 wall_ns=35355344656 stage=sampler_admit count=2700 total_ns=1168959210 max_ns=3087348
SPF_IIOD_TIMING_V1 snapshot=1 dev=cf-ad9361-lpc metadata=1 burst=0 ring=0 direct=0 frame_iq_bytes=524288 transported_iq_bytes=1415577600 transported_frames=2700 wall_ns=35355344656 stage=dma_refill count=2700 total_ns=1817957728 max_ns=3344232
SPF_IIOD_TIMING_V1 snapshot=1 dev=cf-ad9361-lpc metadata=1 burst=0 ring=0 direct=0 frame_iq_bytes=524288 transported_iq_bytes=1415577600 transported_frames=2700 wall_ns=35355344656 stage=sampler_finish count=2700 total_ns=2481606709 max_ns=4632282
SPF_IIOD_TIMING_V1 snapshot=1 dev=cf-ad9361-lpc metadata=1 burst=0 ring=0 direct=0 frame_iq_bytes=524288 transported_iq_bytes=1415577600 transported_frames=2700 wall_ns=35355344656 stage=metadata_build count=2700 total_ns=1611311834 max_ns=4048008
SPF_IIOD_TIMING_V1 snapshot=1 dev=cf-ad9361-lpc metadata=1 burst=0 ring=0 direct=0 frame_iq_bytes=524288 transported_iq_bytes=1415577600 transported_frames=2700 wall_ns=35355344656 stage=transport_frame count=2700 total_ns=26758554225 max_ns=14705208
SPF_IIOD_TIMING_V1 snapshot=1 dev=cf-ad9361-lpc metadata=1 burst=0 ring=0 direct=0 frame_iq_bytes=524288 transported_iq_bytes=1415577600 transported_frames=2700 wall_ns=35355344656 stage=transport_iq count=2700 total_ns=24182856663 max_ns=13663734
SPF_IIOD_TIMING_V1 snapshot=1 dev=cf-ad9361-lpc metadata=1 burst=0 ring=0 direct=0 frame_iq_bytes=524288 transported_iq_bytes=1468006400 transported_frames=2800 wall_ns=36666585917 stage=sampler_admit count=2800 total_ns=1216445196 max_ns=3087348
SPF_IIOD_TIMING_V1 snapshot=1 dev=cf-ad9361-lpc metadata=1 burst=0 ring=0 direct=0 frame_iq_bytes=524288 transported_iq_bytes=1468006400 transported_frames=2800 wall_ns=36666585917 stage=dma_refill count=2800 total_ns=1896150508 max_ns=3344232
SPF_IIOD_TIMING_V1 snapshot=1 dev=cf-ad9361-lpc metadata=1 burst=0 ring=0 direct=0 frame_iq_bytes=524288 transported_iq_bytes=1468006400 transported_frames=2800 wall_ns=36666585917 stage=sampler_finish count=2800 total_ns=2563546501 max_ns=4632282
SPF_IIOD_TIMING_V1 snapshot=1 dev=cf-ad9361-lpc metadata=1 burst=0 ring=0 direct=0 frame_iq_bytes=524288 transported_iq_bytes=1468006400 transported_frames=2800 wall_ns=36666585917 stage=metadata_build count=2800 total_ns=1670793706 max_ns=4048008
SPF_IIOD_TIMING_V1 snapshot=1 dev=cf-ad9361-lpc metadata=1 burst=0 ring=0 direct=0 frame_iq_bytes=524288 transported_iq_bytes=1468006400 transported_frames=2800 wall_ns=36666585917 stage=transport_frame count=2800 total_ns=27751125622 max_ns=14705208
SPF_IIOD_TIMING_V1 snapshot=1 dev=cf-ad9361-lpc metadata=1 burst=0 ring=0 direct=0 frame_iq_bytes=524288 transported_iq_bytes=1468006400 transported_frames=2800 wall_ns=36666585917 stage=transport_iq count=2800 total_ns=25080530042 max_ns=13663734
SPF_IIOD_TIMING_V1 snapshot=1 dev=cf-ad9361-lpc metadata=1 burst=0 ring=0 direct=0 frame_iq_bytes=524288 transported_iq_bytes=1520435200 transported_frames=2900 wall_ns=37978359828 stage=sampler_admit count=2900 total_ns=1257890311 max_ns=3087348
SPF_IIOD_TIMING_V1 snapshot=1 dev=cf-ad9361-lpc metadata=1 burst=0 ring=0 direct=0 frame_iq_bytes=524288 transported_iq_bytes=1520435200 transported_frames=2900 wall_ns=37978359828 stage=dma_refill count=2900 total_ns=1960906524 max_ns=3344232
SPF_IIOD_TIMING_V1 snapshot=1 dev=cf-ad9361-lpc metadata=1 burst=0 ring=0 direct=0 frame_iq_bytes=524288 transported_iq_bytes=1520435200 transported_frames=2900 wall_ns=37978359828 stage=sampler_finish count=2900 total_ns=2657695537 max_ns=4632282
SPF_IIOD_TIMING_V1 snapshot=1 dev=cf-ad9361-lpc metadata=1 burst=0 ring=0 direct=0 frame_iq_bytes=524288 transported_iq_bytes=1520435200 transported_frames=2900 wall_ns=37978359828 stage=metadata_build count=2900 total_ns=1730505432 max_ns=4048008
SPF_IIOD_TIMING_V1 snapshot=1 dev=cf-ad9361-lpc metadata=1 burst=0 ring=0 direct=0 frame_iq_bytes=524288 transported_iq_bytes=1520435200 transported_frames=2900 wall_ns=37978359828 stage=transport_frame count=2900 total_ns=28738521440 max_ns=14705208
SPF_IIOD_TIMING_V1 snapshot=1 dev=cf-ad9361-lpc metadata=1 burst=0 ring=0 direct=0 frame_iq_bytes=524288 transported_iq_bytes=1520435200 transported_frames=2900 wall_ns=37978359828 stage=transport_iq count=2900 total_ns=25973108128 max_ns=13663734
SPF_IIOD_TIMING_V1 snapshot=1 dev=cf-ad9361-lpc metadata=1 burst=0 ring=0 direct=0 frame_iq_bytes=524288 transported_iq_bytes=1572864000 transported_frames=3000 wall_ns=39288103897 stage=sampler_admit count=3000 total_ns=1302971671 max_ns=3087348
SPF_IIOD_TIMING_V1 snapshot=1 dev=cf-ad9361-lpc metadata=1 burst=0 ring=0 direct=0 frame_iq_bytes=524288 transported_iq_bytes=1572864000 transported_frames=3000 wall_ns=39288103897 stage=dma_refill count=3000 total_ns=2019463524 max_ns=3344232
SPF_IIOD_TIMING_V1 snapshot=1 dev=cf-ad9361-lpc metadata=1 burst=0 ring=0 direct=0 frame_iq_bytes=524288 transported_iq_bytes=1572864000 transported_frames=3000 wall_ns=39288103897 stage=sampler_finish count=3000 total_ns=2753601525 max_ns=4632282
SPF_IIOD_TIMING_V1 snapshot=1 dev=cf-ad9361-lpc metadata=1 burst=0 ring=0 direct=0 frame_iq_bytes=524288 transported_iq_bytes=1572864000 transported_frames=3000 wall_ns=39288103897 stage=metadata_build count=3000 total_ns=1790090221 max_ns=4048008
SPF_IIOD_TIMING_V1 snapshot=1 dev=cf-ad9361-lpc metadata=1 burst=0 ring=0 direct=0 frame_iq_bytes=524288 transported_iq_bytes=1572864000 transported_frames=3000 wall_ns=39288103897 stage=transport_frame count=3000 total_ns=29731575895 max_ns=14705208
SPF_IIOD_TIMING_V1 snapshot=1 dev=cf-ad9361-lpc metadata=1 burst=0 ring=0 direct=0 frame_iq_bytes=524288 transported_iq_bytes=1572864000 transported_frames=3000 wall_ns=39288103897 stage=transport_iq count=3000 total_ns=26870744534 max_ns=13663734
SPF_IIOD_TIMING_V1 snapshot=1 dev=cf-ad9361-lpc metadata=1 burst=0 ring=0 direct=0 frame_iq_bytes=524288 transported_iq_bytes=1625292800 transported_frames=3100 wall_ns=40598660456 stage=sampler_admit count=3100 total_ns=1347019100 max_ns=3087348
SPF_IIOD_TIMING_V1 snapshot=1 dev=cf-ad9361-lpc metadata=1 burst=0 ring=0 direct=0 frame_iq_bytes=524288 transported_iq_bytes=1625292800 transported_frames=3100 wall_ns=40598660456 stage=dma_refill count=3100 total_ns=2079893210 max_ns=3344232
SPF_IIOD_TIMING_V1 snapshot=1 dev=cf-ad9361-lpc metadata=1 burst=0 ring=0 direct=0 frame_iq_bytes=524288 transported_iq_bytes=1625292800 transported_frames=3100 wall_ns=40598660456 stage=sampler_finish count=3100 total_ns=2846687566 max_ns=4632282
SPF_IIOD_TIMING_V1 snapshot=1 dev=cf-ad9361-lpc metadata=1 burst=0 ring=0 direct=0 frame_iq_bytes=524288 transported_iq_bytes=1625292800 transported_frames=3100 wall_ns=40598660456 stage=metadata_build count=3100 total_ns=1849857565 max_ns=4048008
SPF_IIOD_TIMING_V1 snapshot=1 dev=cf-ad9361-lpc metadata=1 burst=0 ring=0 direct=0 frame_iq_bytes=524288 transported_iq_bytes=1625292800 transported_frames=3100 wall_ns=40598660456 stage=transport_frame count=3100 total_ns=30721837609 max_ns=14705208
SPF_IIOD_TIMING_V1 snapshot=1 dev=cf-ad9361-lpc metadata=1 burst=0 ring=0 direct=0 frame_iq_bytes=524288 transported_iq_bytes=1625292800 transported_frames=3100 wall_ns=40598660456 stage=transport_iq count=3100 total_ns=27765441782 max_ns=13663734
SPF_IIOD_TIMING_V1 snapshot=1 dev=cf-ad9361-lpc metadata=1 burst=0 ring=0 direct=0 frame_iq_bytes=524288 transported_iq_bytes=1677721600 transported_frames=3200 wall_ns=41908713471 stage=sampler_admit count=3200 total_ns=1391025909 max_ns=3087348
SPF_IIOD_TIMING_V1 snapshot=1 dev=cf-ad9361-lpc metadata=1 burst=0 ring=0 direct=0 frame_iq_bytes=524288 transported_iq_bytes=1677721600 transported_frames=3200 wall_ns=41908713471 stage=dma_refill count=3200 total_ns=2162584652 max_ns=3344232
SPF_IIOD_TIMING_V1 snapshot=1 dev=cf-ad9361-lpc metadata=1 burst=0 ring=0 direct=0 frame_iq_bytes=524288 transported_iq_bytes=1677721600 transported_frames=3200 wall_ns=41908713471 stage=sampler_finish count=3200 total_ns=2927771321 max_ns=4632282
SPF_IIOD_TIMING_V1 snapshot=1 dev=cf-ad9361-lpc metadata=1 burst=0 ring=0 direct=0 frame_iq_bytes=524288 transported_iq_bytes=1677721600 transported_frames=3200 wall_ns=41908713471 stage=metadata_build count=3200 total_ns=1909107313 max_ns=4048008
SPF_IIOD_TIMING_V1 snapshot=1 dev=cf-ad9361-lpc metadata=1 burst=0 ring=0 direct=0 frame_iq_bytes=524288 transported_iq_bytes=1677721600 transported_frames=3200 wall_ns=41908713471 stage=transport_frame count=3200 total_ns=31710947405 max_ns=14705208
SPF_IIOD_TIMING_V1 snapshot=1 dev=cf-ad9361-lpc metadata=1 burst=0 ring=0 direct=0 frame_iq_bytes=524288 transported_iq_bytes=1677721600 transported_frames=3200 wall_ns=41908713471 stage=transport_iq count=3200 total_ns=28659569820 max_ns=13663734
SPF_IIOD_TIMING_V1 snapshot=1 dev=cf-ad9361-lpc metadata=1 burst=0 ring=0 direct=0 frame_iq_bytes=524288 transported_iq_bytes=1730150400 transported_frames=3300 wall_ns=43221653824 stage=sampler_admit count=3300 total_ns=1433752720 max_ns=3087348
SPF_IIOD_TIMING_V1 snapshot=1 dev=cf-ad9361-lpc metadata=1 burst=0 ring=0 direct=0 frame_iq_bytes=524288 transported_iq_bytes=1730150400 transported_frames=3300 wall_ns=43221653824 stage=dma_refill count=3300 total_ns=2262859060 max_ns=3344232
SPF_IIOD_TIMING_V1 snapshot=1 dev=cf-ad9361-lpc metadata=1 burst=0 ring=0 direct=0 frame_iq_bytes=524288 transported_iq_bytes=1730150400 transported_frames=3300 wall_ns=43221653824 stage=sampler_finish count=3300 total_ns=3005672117 max_ns=4632282
SPF_IIOD_TIMING_V1 snapshot=1 dev=cf-ad9361-lpc metadata=1 burst=0 ring=0 direct=0 frame_iq_bytes=524288 transported_iq_bytes=1730150400 transported_frames=3300 wall_ns=43221653824 stage=metadata_build count=3300 total_ns=1968783919 max_ns=4048008
SPF_IIOD_TIMING_V1 snapshot=1 dev=cf-ad9361-lpc metadata=1 burst=0 ring=0 direct=0 frame_iq_bytes=524288 transported_iq_bytes=1730150400 transported_frames=3300 wall_ns=43221653824 stage=transport_frame count=3300 total_ns=32698871859 max_ns=14705208
SPF_IIOD_TIMING_V1 snapshot=1 dev=cf-ad9361-lpc metadata=1 burst=0 ring=0 direct=0 frame_iq_bytes=524288 transported_iq_bytes=1730150400 transported_frames=3300 wall_ns=43221653824 stage=transport_iq count=3300 total_ns=29551741624 max_ns=13663734
SPF_IIOD_TIMING_V1 snapshot=1 dev=cf-ad9361-lpc metadata=1 burst=0 ring=0 direct=0 frame_iq_bytes=524288 transported_iq_bytes=1782579200 transported_frames=3400 wall_ns=44530246001 stage=sampler_admit count=3400 total_ns=1475281108 max_ns=3087348
SPF_IIOD_TIMING_V1 snapshot=1 dev=cf-ad9361-lpc metadata=1 burst=0 ring=0 direct=0 frame_iq_bytes=524288 transported_iq_bytes=1782579200 transported_frames=3400 wall_ns=44530246001 stage=dma_refill count=3400 total_ns=2319571342 max_ns=3344232
SPF_IIOD_TIMING_V1 snapshot=1 dev=cf-ad9361-lpc metadata=1 burst=0 ring=0 direct=0 frame_iq_bytes=524288 transported_iq_bytes=1782579200 transported_frames=3400 wall_ns=44530246001 stage=sampler_finish count=3400 total_ns=3098610053 max_ns=4632282
SPF_IIOD_TIMING_V1 snapshot=1 dev=cf-ad9361-lpc metadata=1 burst=0 ring=0 direct=0 frame_iq_bytes=524288 transported_iq_bytes=1782579200 transported_frames=3400 wall_ns=44530246001 stage=metadata_build count=3400 total_ns=2028304586 max_ns=4048008
SPF_IIOD_TIMING_V1 snapshot=1 dev=cf-ad9361-lpc metadata=1 burst=0 ring=0 direct=0 frame_iq_bytes=524288 transported_iq_bytes=1782579200 transported_frames=3400 wall_ns=44530246001 stage=transport_frame count=3400 total_ns=33694007763 max_ns=14705208
SPF_IIOD_TIMING_V1 snapshot=1 dev=cf-ad9361-lpc metadata=1 burst=0 ring=0 direct=0 frame_iq_bytes=524288 transported_iq_bytes=1782579200 transported_frames=3400 wall_ns=44530246001 stage=transport_iq count=3400 total_ns=30451875014 max_ns=13663734
SPF_IIOD_TIMING_V1 snapshot=1 dev=cf-ad9361-lpc metadata=1 burst=0 ring=0 direct=0 frame_iq_bytes=524288 transported_iq_bytes=1835008000 transported_frames=3500 wall_ns=45844226886 stage=sampler_admit count=3500 total_ns=1519928392 max_ns=3087348
SPF_IIOD_TIMING_V1 snapshot=1 dev=cf-ad9361-lpc metadata=1 burst=0 ring=0 direct=0 frame_iq_bytes=524288 transported_iq_bytes=1835008000 transported_frames=3500 wall_ns=45844226886 stage=dma_refill count=3500 total_ns=2399569187 max_ns=3344232
SPF_IIOD_TIMING_V1 snapshot=1 dev=cf-ad9361-lpc metadata=1 burst=0 ring=0 direct=0 frame_iq_bytes=524288 transported_iq_bytes=1835008000 transported_frames=3500 wall_ns=45844226886 stage=sampler_finish count=3500 total_ns=3186650735 max_ns=4632282
SPF_IIOD_TIMING_V1 snapshot=1 dev=cf-ad9361-lpc metadata=1 burst=0 ring=0 direct=0 frame_iq_bytes=524288 transported_iq_bytes=1835008000 transported_frames=3500 wall_ns=45844226886 stage=metadata_build count=3500 total_ns=2087804931 max_ns=4048008
SPF_IIOD_TIMING_V1 snapshot=1 dev=cf-ad9361-lpc metadata=1 burst=0 ring=0 direct=0 frame_iq_bytes=524288 transported_iq_bytes=1835008000 transported_frames=3500 wall_ns=45844226886 stage=transport_frame count=3500 total_ns=34681059692 max_ns=14705208
SPF_IIOD_TIMING_V1 snapshot=1 dev=cf-ad9361-lpc metadata=1 burst=0 ring=0 direct=0 frame_iq_bytes=524288 transported_iq_bytes=1835008000 transported_frames=3500 wall_ns=45844226886 stage=transport_iq count=3500 total_ns=31343161865 max_ns=13663734
SPF_IIOD_TIMING_V1 snapshot=1 dev=cf-ad9361-lpc metadata=1 burst=0 ring=0 direct=0 frame_iq_bytes=524288 transported_iq_bytes=1887436800 transported_frames=3600 wall_ns=47152187755 stage=sampler_admit count=3600 total_ns=1562487628 max_ns=3087348
SPF_IIOD_TIMING_V1 snapshot=1 dev=cf-ad9361-lpc metadata=1 burst=0 ring=0 direct=0 frame_iq_bytes=524288 transported_iq_bytes=1887436800 transported_frames=3600 wall_ns=47152187755 stage=dma_refill count=3600 total_ns=2440545101 max_ns=3344232
SPF_IIOD_TIMING_V1 snapshot=1 dev=cf-ad9361-lpc metadata=1 burst=0 ring=0 direct=0 frame_iq_bytes=524288 transported_iq_bytes=1887436800 transported_frames=3600 wall_ns=47152187755 stage=sampler_finish count=3600 total_ns=3288923982 max_ns=4632282
SPF_IIOD_TIMING_V1 snapshot=1 dev=cf-ad9361-lpc metadata=1 burst=0 ring=0 direct=0 frame_iq_bytes=524288 transported_iq_bytes=1887436800 transported_frames=3600 wall_ns=47152187755 stage=metadata_build count=3600 total_ns=2147590637 max_ns=4048008
SPF_IIOD_TIMING_V1 snapshot=1 dev=cf-ad9361-lpc metadata=1 burst=0 ring=0 direct=0 frame_iq_bytes=524288 transported_iq_bytes=1887436800 transported_frames=3600 wall_ns=47152187755 stage=transport_frame count=3600 total_ns=35673130129 max_ns=14705208
SPF_IIOD_TIMING_V1 snapshot=1 dev=cf-ad9361-lpc metadata=1 burst=0 ring=0 direct=0 frame_iq_bytes=524288 transported_iq_bytes=1887436800 transported_frames=3600 wall_ns=47152187755 stage=transport_iq count=3600 total_ns=32240439000 max_ns=13663734
SPF_IIOD_TIMING_V1 snapshot=1 dev=cf-ad9361-lpc metadata=1 burst=0 ring=0 direct=0 frame_iq_bytes=524288 transported_iq_bytes=1939865600 transported_frames=3700 wall_ns=48462926846 stage=sampler_admit count=3700 total_ns=1608841630 max_ns=3087348
SPF_IIOD_TIMING_V1 snapshot=1 dev=cf-ad9361-lpc metadata=1 burst=0 ring=0 direct=0 frame_iq_bytes=524288 transported_iq_bytes=1939865600 transported_frames=3700 wall_ns=48462926846 stage=dma_refill count=3700 total_ns=2514997044 max_ns=3344232
SPF_IIOD_TIMING_V1 snapshot=1 dev=cf-ad9361-lpc metadata=1 burst=0 ring=0 direct=0 frame_iq_bytes=524288 transported_iq_bytes=1939865600 transported_frames=3700 wall_ns=48462926846 stage=sampler_finish count=3700 total_ns=3376202197 max_ns=4632282
SPF_IIOD_TIMING_V1 snapshot=1 dev=cf-ad9361-lpc metadata=1 burst=0 ring=0 direct=0 frame_iq_bytes=524288 transported_iq_bytes=1939865600 transported_frames=3700 wall_ns=48462926846 stage=metadata_build count=3700 total_ns=2207161847 max_ns=4048008
SPF_IIOD_TIMING_V1 snapshot=1 dev=cf-ad9361-lpc metadata=1 burst=0 ring=0 direct=0 frame_iq_bytes=524288 transported_iq_bytes=1939865600 transported_frames=3700 wall_ns=48462926846 stage=transport_frame count=3700 total_ns=36661976748 max_ns=14705208
SPF_IIOD_TIMING_V1 snapshot=1 dev=cf-ad9361-lpc metadata=1 burst=0 ring=0 direct=0 frame_iq_bytes=524288 transported_iq_bytes=1939865600 transported_frames=3700 wall_ns=48462926846 stage=transport_iq count=3700 total_ns=33133821142 max_ns=13663734
SPF_IIOD_TIMING_V1 snapshot=1 dev=cf-ad9361-lpc metadata=1 burst=0 ring=0 direct=0 frame_iq_bytes=524288 transported_iq_bytes=1992294400 transported_frames=3800 wall_ns=49800170991 stage=sampler_admit count=3800 total_ns=1647858430 max_ns=3087348
SPF_IIOD_TIMING_V1 snapshot=1 dev=cf-ad9361-lpc metadata=1 burst=0 ring=0 direct=0 frame_iq_bytes=524288 transported_iq_bytes=1992294400 transported_frames=3800 wall_ns=49800170991 stage=dma_refill count=3800 total_ns=2528702172 max_ns=3344232
SPF_IIOD_TIMING_V1 snapshot=1 dev=cf-ad9361-lpc metadata=1 burst=0 ring=0 direct=0 frame_iq_bytes=524288 transported_iq_bytes=1992294400 transported_frames=3800 wall_ns=49800170991 stage=sampler_finish count=3800 total_ns=3499034942 max_ns=4632282
SPF_IIOD_TIMING_V1 snapshot=1 dev=cf-ad9361-lpc metadata=1 burst=0 ring=0 direct=0 frame_iq_bytes=524288 transported_iq_bytes=1992294400 transported_frames=3800 wall_ns=49800170991 stage=metadata_build count=3800 total_ns=2267056559 max_ns=4048008
SPF_IIOD_TIMING_V1 snapshot=1 dev=cf-ad9361-lpc metadata=1 burst=0 ring=0 direct=0 frame_iq_bytes=524288 transported_iq_bytes=1992294400 transported_frames=3800 wall_ns=49800170991 stage=transport_frame count=3800 total_ns=37651626981 max_ns=14705208
SPF_IIOD_TIMING_V1 snapshot=1 dev=cf-ad9361-lpc metadata=1 burst=0 ring=0 direct=0 frame_iq_bytes=524288 transported_iq_bytes=1992294400 transported_frames=3800 wall_ns=49800170991 stage=transport_iq count=3800 total_ns=34027945428 max_ns=13663734
SPF_IIOD_TIMING_V1 snapshot=1 dev=cf-ad9361-lpc metadata=1 burst=0 ring=0 direct=0 frame_iq_bytes=524288 transported_iq_bytes=2044723200 transported_frames=3900 wall_ns=51083539978 stage=sampler_admit count=3900 total_ns=1687955626 max_ns=3087348
SPF_IIOD_TIMING_V1 snapshot=1 dev=cf-ad9361-lpc metadata=1 burst=0 ring=0 direct=0 frame_iq_bytes=524288 transported_iq_bytes=2044723200 transported_frames=3900 wall_ns=51083539978 stage=dma_refill count=3900 total_ns=2549970036 max_ns=3344232
SPF_IIOD_TIMING_V1 snapshot=1 dev=cf-ad9361-lpc metadata=1 burst=0 ring=0 direct=0 frame_iq_bytes=524288 transported_iq_bytes=2044723200 transported_frames=3900 wall_ns=51083539978 stage=sampler_finish count=3900 total_ns=3617636342 max_ns=4632282
SPF_IIOD_TIMING_V1 snapshot=1 dev=cf-ad9361-lpc metadata=1 burst=0 ring=0 direct=0 frame_iq_bytes=524288 transported_iq_bytes=2044723200 transported_frames=3900 wall_ns=51083539978 stage=metadata_build count=3900 total_ns=2326555806 max_ns=4048008
SPF_IIOD_TIMING_V1 snapshot=1 dev=cf-ad9361-lpc metadata=1 burst=0 ring=0 direct=0 frame_iq_bytes=524288 transported_iq_bytes=2044723200 transported_frames=3900 wall_ns=51083539978 stage=transport_frame count=3900 total_ns=38647524190 max_ns=14705208
SPF_IIOD_TIMING_V1 snapshot=1 dev=cf-ad9361-lpc metadata=1 burst=0 ring=0 direct=0 frame_iq_bytes=524288 transported_iq_bytes=2044723200 transported_frames=3900 wall_ns=51083539978 stage=transport_iq count=3900 total_ns=34928540231 max_ns=13663734
SPF_IIOD_TIMING_V1 snapshot=1 dev=cf-ad9361-lpc metadata=1 burst=0 ring=0 direct=0 frame_iq_bytes=524288 transported_iq_bytes=2097152000 transported_frames=4000 wall_ns=52396670015 stage=sampler_admit count=4000 total_ns=1728474502 max_ns=3087348
SPF_IIOD_TIMING_V1 snapshot=1 dev=cf-ad9361-lpc metadata=1 burst=0 ring=0 direct=0 frame_iq_bytes=524288 transported_iq_bytes=2097152000 transported_frames=4000 wall_ns=52396670015 stage=dma_refill count=4000 total_ns=2600866560 max_ns=3344232
SPF_IIOD_TIMING_V1 snapshot=1 dev=cf-ad9361-lpc metadata=1 burst=0 ring=0 direct=0 frame_iq_bytes=524288 transported_iq_bytes=2097152000 transported_frames=4000 wall_ns=52396670015 stage=sampler_finish count=4000 total_ns=3713231931 max_ns=4632282
SPF_IIOD_TIMING_V1 snapshot=1 dev=cf-ad9361-lpc metadata=1 burst=0 ring=0 direct=0 frame_iq_bytes=524288 transported_iq_bytes=2097152000 transported_frames=4000 wall_ns=52396670015 stage=metadata_build count=4000 total_ns=2386270128 max_ns=4048008
SPF_IIOD_TIMING_V1 snapshot=1 dev=cf-ad9361-lpc metadata=1 burst=0 ring=0 direct=0 frame_iq_bytes=524288 transported_iq_bytes=2097152000 transported_frames=4000 wall_ns=52396670015 stage=transport_frame count=4000 total_ns=39643556774 max_ns=14705208
SPF_IIOD_TIMING_V1 snapshot=1 dev=cf-ad9361-lpc metadata=1 burst=0 ring=0 direct=0 frame_iq_bytes=524288 transported_iq_bytes=2097152000 transported_frames=4000 wall_ns=52396670015 stage=transport_iq count=4000 total_ns=35828472963 max_ns=13663734
SPF_IIOD_TIMING_V1 snapshot=1 dev=cf-ad9361-lpc metadata=1 burst=0 ring=0 direct=0 frame_iq_bytes=524288 transported_iq_bytes=2149580800 transported_frames=4100 wall_ns=53705648124 stage=sampler_admit count=4100 total_ns=1772319100 max_ns=3253416
SPF_IIOD_TIMING_V1 snapshot=1 dev=cf-ad9361-lpc metadata=1 burst=0 ring=0 direct=0 frame_iq_bytes=524288 transported_iq_bytes=2149580800 transported_frames=4100 wall_ns=53705648124 stage=dma_refill count=4100 total_ns=2683960933 max_ns=3344232
SPF_IIOD_TIMING_V1 snapshot=1 dev=cf-ad9361-lpc metadata=1 burst=0 ring=0 direct=0 frame_iq_bytes=524288 transported_iq_bytes=2149580800 transported_frames=4100 wall_ns=53705648124 stage=sampler_finish count=4100 total_ns=3798198819 max_ns=4632282
SPF_IIOD_TIMING_V1 snapshot=1 dev=cf-ad9361-lpc metadata=1 burst=0 ring=0 direct=0 frame_iq_bytes=524288 transported_iq_bytes=2149580800 transported_frames=4100 wall_ns=53705648124 stage=metadata_build count=4100 total_ns=2445863455 max_ns=4048008
SPF_IIOD_TIMING_V1 snapshot=1 dev=cf-ad9361-lpc metadata=1 burst=0 ring=0 direct=0 frame_iq_bytes=524288 transported_iq_bytes=2149580800 transported_frames=4100 wall_ns=53705648124 stage=transport_frame count=4100 total_ns=40638662299 max_ns=14705208
SPF_IIOD_TIMING_V1 snapshot=1 dev=cf-ad9361-lpc metadata=1 burst=0 ring=0 direct=0 frame_iq_bytes=524288 transported_iq_bytes=2149580800 transported_frames=4100 wall_ns=53705648124 stage=transport_iq count=4100 total_ns=36728241264 max_ns=13663734
SPF_IIOD_TIMING_V1 snapshot=1 dev=cf-ad9361-lpc metadata=1 burst=0 ring=0 direct=0 frame_iq_bytes=524288 transported_iq_bytes=2202009600 transported_frames=4200 wall_ns=55019909251 stage=sampler_admit count=4200 total_ns=1813850297 max_ns=3253416
SPF_IIOD_TIMING_V1 snapshot=1 dev=cf-ad9361-lpc metadata=1 burst=0 ring=0 direct=0 frame_iq_bytes=524288 transported_iq_bytes=2202009600 transported_frames=4200 wall_ns=55019909251 stage=dma_refill count=4200 total_ns=2739188527 max_ns=3344232
SPF_IIOD_TIMING_V1 snapshot=1 dev=cf-ad9361-lpc metadata=1 burst=0 ring=0 direct=0 frame_iq_bytes=524288 transported_iq_bytes=2202009600 transported_frames=4200 wall_ns=55019909251 stage=sampler_finish count=4200 total_ns=3894891304 max_ns=4632282
SPF_IIOD_TIMING_V1 snapshot=1 dev=cf-ad9361-lpc metadata=1 burst=0 ring=0 direct=0 frame_iq_bytes=524288 transported_iq_bytes=2202009600 transported_frames=4200 wall_ns=55019909251 stage=metadata_build count=4200 total_ns=2505156967 max_ns=4048008
SPF_IIOD_TIMING_V1 snapshot=1 dev=cf-ad9361-lpc metadata=1 burst=0 ring=0 direct=0 frame_iq_bytes=524288 transported_iq_bytes=2202009600 transported_frames=4200 wall_ns=55019909251 stage=transport_frame count=4200 total_ns=41633099578 max_ns=14705208
SPF_IIOD_TIMING_V1 snapshot=1 dev=cf-ad9361-lpc metadata=1 burst=0 ring=0 direct=0 frame_iq_bytes=524288 transported_iq_bytes=2202009600 transported_frames=4200 wall_ns=55019909251 stage=transport_iq count=4200 total_ns=37627785555 max_ns=13663734
SPF_IIOD_TIMING_V1 snapshot=1 dev=cf-ad9361-lpc metadata=1 burst=0 ring=0 direct=0 frame_iq_bytes=524288 transported_iq_bytes=2254438400 transported_frames=4300 wall_ns=56326072268 stage=sampler_admit count=4300 total_ns=1859430335 max_ns=3253416
SPF_IIOD_TIMING_V1 snapshot=1 dev=cf-ad9361-lpc metadata=1 burst=0 ring=0 direct=0 frame_iq_bytes=524288 transported_iq_bytes=2254438400 transported_frames=4300 wall_ns=56326072268 stage=dma_refill count=4300 total_ns=2820097016 max_ns=3344232
SPF_IIOD_TIMING_V1 snapshot=1 dev=cf-ad9361-lpc metadata=1 burst=0 ring=0 direct=0 frame_iq_bytes=524288 transported_iq_bytes=2254438400 transported_frames=4300 wall_ns=56326072268 stage=sampler_finish count=4300 total_ns=3978444574 max_ns=4632282
SPF_IIOD_TIMING_V1 snapshot=1 dev=cf-ad9361-lpc metadata=1 burst=0 ring=0 direct=0 frame_iq_bytes=524288 transported_iq_bytes=2254438400 transported_frames=4300 wall_ns=56326072268 stage=metadata_build count=4300 total_ns=2564425431 max_ns=4048008
SPF_IIOD_TIMING_V1 snapshot=1 dev=cf-ad9361-lpc metadata=1 burst=0 ring=0 direct=0 frame_iq_bytes=524288 transported_iq_bytes=2254438400 transported_frames=4300 wall_ns=56326072268 stage=transport_frame count=4300 total_ns=42614649796 max_ns=14705208
SPF_IIOD_TIMING_V1 snapshot=1 dev=cf-ad9361-lpc metadata=1 burst=0 ring=0 direct=0 frame_iq_bytes=524288 transported_iq_bytes=2254438400 transported_frames=4300 wall_ns=56326072268 stage=transport_iq count=4300 total_ns=38514892500 max_ns=13663734
SPF_IIOD_TIMING_V1 snapshot=1 dev=cf-ad9361-lpc metadata=1 burst=0 ring=0 direct=0 frame_iq_bytes=524288 transported_iq_bytes=2306867200 transported_frames=4400 wall_ns=57639547857 stage=sampler_admit count=4400 total_ns=1903765200 max_ns=3253416
SPF_IIOD_TIMING_V1 snapshot=1 dev=cf-ad9361-lpc metadata=1 burst=0 ring=0 direct=0 frame_iq_bytes=524288 transported_iq_bytes=2306867200 transported_frames=4400 wall_ns=57639547857 stage=dma_refill count=4400 total_ns=2887081516 max_ns=3344232
SPF_IIOD_TIMING_V1 snapshot=1 dev=cf-ad9361-lpc metadata=1 burst=0 ring=0 direct=0 frame_iq_bytes=524288 transported_iq_bytes=2306867200 transported_frames=4400 wall_ns=57639547857 stage=sampler_finish count=4400 total_ns=4074549058 max_ns=5717328
SPF_IIOD_TIMING_V1 snapshot=1 dev=cf-ad9361-lpc metadata=1 burst=0 ring=0 direct=0 frame_iq_bytes=524288 transported_iq_bytes=2306867200 transported_frames=4400 wall_ns=57639547857 stage=metadata_build count=4400 total_ns=2624082429 max_ns=4048008
SPF_IIOD_TIMING_V1 snapshot=1 dev=cf-ad9361-lpc metadata=1 burst=0 ring=0 direct=0 frame_iq_bytes=524288 transported_iq_bytes=2306867200 transported_frames=4400 wall_ns=57639547857 stage=transport_frame count=4400 total_ns=43603648645 max_ns=14705208
SPF_IIOD_TIMING_V1 snapshot=1 dev=cf-ad9361-lpc metadata=1 burst=0 ring=0 di