Canary: (1,), 10 MS/s, 300s, isolated writer
validated release publication metadata: /opt/leo-tracker/release-metadata/9948c31199bba4cb315d012ed8f439c763c5b3fe.txt
validated published release runtime: /opt/leo-tracker/releases/9948c31199bba4cb315d012ed8f439c763c5b3fe
Traceback (most recent call last):
  File "/home/mouse9911/gits/leo-tracker-single-rx-10m/reports/2026_09_12_single_rx_10m_profile/canary.py", line 68, in <module>
    result = backend.capture_scheduled_scanner(intent, cancel=Event())
  File "/home/mouse9911/gits/leo-tracker-single-rx-10m/src/leo/cli/composition.py", line 1434, in capture_scheduled_scanner
    return self._capture_scheduled_persistent_hop(intent, cancel=cancel)
           ~~~~~~~~~~~~~~~~~~~~~~~~~~~~~~~~~~~~~~^^^^^^^^^^^^^^^^^^^^^^^
  File "/home/mouse9911/gits/leo-tracker-single-rx-10m/src/leo/cli/composition.py", line 1674, in _capture_scheduled_persistent_hop
    published = capture_persistent_hop_to_store(
        radio,
    ...<7 lines>...
        before_publish=cleanup_before_publish,
    )
  File "/home/mouse9911/gits/leo-tracker-single-rx-10m/src/leo/storage/persistent_hop_capture.py", line 32, in capture_persistent_hop_to_store
    writer = store.begin_queued(
        session_id,
        plan,
        capacity_visits=queue_capacity_visits,
    )
  File "/home/mouse9911/gits/leo-tracker-single-rx-10m/src/leo/storage/persistent_hop.py", line 672, in begin_queued
    self.begin(session_id, plan, compression=compression),
    ~~~~~~~~~~^^^^^^^^^^^^^^^^^^^^^^^^^^^^^^^^^^^^^^^^^^^
  File "/home/mouse9911/gits/leo-tracker-single-rx-10m/src/leo/storage/persistent_hop.py", line 661, in begin
    return PersistentHopSessionWriter(self, session_id, plan, selected)
  File "/home/mouse9911/gits/leo-tracker-single-rx-10m/src/leo/storage/persistent_hop.py", line 329, in __init__
    _fsync_directory(store.spool_root)
    ~~~~~~~~~~~~~~~~^^^^^^^^^^^^^^^^^^
  File "/home/mouse9911/gits/leo-tracker-single-rx-10m/src/leo/storage/writer.py", line 1361, in _fsync_directory
    os.fsync(descriptor)
    ~~~~~~~~^^^^^^^^^^^^
  File "/home/mouse9911/gits/leo-tracker-single-rx-10m/reports/2026_09_12_single_rx_10m_profile/canary.py", line 59, in deadline
    raise TimeoutError("bounded qualification exceeded its 15-minute total deadline")
TimeoutError: bounded qualification exceeded its 15-minute total deadline
