{
  "temporal": {
    "selected_frame_slope": 0,
    "evaluation_count": 336,
    "evaluation_correct": 22,
    "per_visit_mode_correct": 22,
    "lcg": {
      "a": 5,
      "b": 56,
      "train_pairs": 52,
      "evaluation_pairs": 135,
      "evaluation_correct": 1,
      "persistence_correct": 6
    },
    "branching_states": 20
  },
  "header": [
    {
      "signal": "S01",
      "header_ofdm_symbols": [
        2,
        3,
        4,
        5,
        6,
        7,
        8,
        9,
        10,
        11,
        12,
        13
      ],
      "header_bins": [
        482,
        483,
        484,
        485,
        486,
        487,
        496,
        497
      ],
      "train_frames": 15,
      "evaluation_frames": 18,
      "raw": {
        "eligible_positions": 0,
        "corroborated_training_bits": 221,
        "stable_positions": 0,
        "stable_position_indices": [],
        "evaluated_bits": 0,
        "evaluation_agreement": null,
        "per_symbol_stable": [
          0,
          0,
          0,
          0,
          0,
          0,
          0,
          0,
          0,
          0,
          0,
          0
        ]
      },
      "phase_removed": {
        "eligible_positions": 0,
        "corroborated_training_bits": 221,
        "stable_positions": 0,
        "stable_position_indices": [],
        "evaluated_bits": 0,
        "evaluation_agreement": null,
        "per_symbol_stable": [
          0,
          0,
          0,
          0,
          0,
          0,
          0,
          0,
          0,
          0,
          0,
          0
        ]
      }
    },
    {
      "signal": "S02",
      "header_ofdm_symbols": [
        2,
        3,
        4,
        5,
        6,
        7,
        8,
        9,
        10,
        11,
        12,
        13
      ],
      "header_bins": [
        482,
        483,
        484,
        485,
        486,
        487,
        496,
        497
      ],
      "train_frames": 17,
      "evaluation_frames": 20,
      "raw": {
        "eligible_positions": 1,
        "corroborated_training_bits": 296,
        "stable_positions": 0,
        "stable_position_indices": [],
        "evaluated_bits": 0,
        "evaluation_agreement": null,
        "per_symbol_stable": [
          0,
          0,
          0,
          0,
          0,
          0,
          0,
          0,
          0,
          0,
          0,
          0
        ]
      },
      "phase_removed": {
        "eligible_positions": 1,
        "corroborated_training_bits": 296,
        "stable_positions": 0,
        "stable_position_indices": [],
        "evaluated_bits": 0,
        "evaluation_agreement": null,
        "per_symbol_stable": [
          0,
          0,
          0,
          0,
          0,
          0,
          0,
          0,
          0,
          0,
          0,
          0
        ]
      }
    },
    {
      "signal": "S06",
      "header_ofdm_symbols": [
        2,
        3,
        4,
        5,
        6,
        7,
        8,
        9,
        10,
        11,
        12,
        13
      ],
      "header_bins": [
        476,
        477,
        478,
        479,
        480,
        481,
        482,
        483,
        484,
        485,
        486,
        487,
        496,
        497,
        498,
        499,
        500,
        501,
        502,
        503,
        504,
        505,
        506,
        507
      ],
      "train_frames": 13,
      "evaluation_frames": 18,
      "raw": {
        "eligible_positions": 0,
        "corroborated_training_bits": 347,
        "stable_positions": 0,
        "stable_position_indices": [],
        "evaluated_bits": 0,
        "evaluation_agreement": null,
        "per_symbol_stable": [
          0,
          0,
          0,
          0,
          0,
          0,
          0,
          0,
          0,
          0,
          0,
          0
        ]
      },
      "phase_removed": {
        "eligible_positions": 0,
        "corroborated_training_bits": 347,
        "stable_positions": 0,
        "stable_position_indices": [],
        "evaluated_bits": 0,
        "evaluation_agreement": null,
        "per_symbol_stable": [
          0,
          0,
          0,
          0,
          0,
          0,
          0,
          0,
          0,
          0,
          0,
          0
        ]
      }
    },
    {
      "signal": "S07",
      "header_ofdm_symbols": [
        2,
        3,
        4,
        5,
        6,
        7,
        8,
        9,
        10,
        11,
        12,
        13
      ],
      "header_bins": [
        476,
        477,
        478,
        479,
        480,
        481,
        482,
        483,
        484,
        485,
        486,
        487,
        496,
        497,
        498,
        499,
        500,
        501,
        502,
        503,
        504,
        505,
        506,
        507
      ],
      "train_frames": 11,
      "evaluation_frames": 18,
      "raw": {
        "eligible_positions": 0,
        "corroborated_training_bits": 338,
        "stable_positions": 0,
        "stable_position_indices": [],
        "evaluated_bits": 0,
        "evaluation_agreement": null,
        "per_symbol_stable": [
          0,
          0,
          0,
          0,
          0,
          0,
          0,
          0,
          0,
          0,
          0,
          0
        ]
      },
      "phase_removed": {
        "eligible_positions": 0,
        "corroborated_training_bits": 338,
        "stable_positions": 0,
        "stable_position_indices": [],
        "evaluated_bits": 0,
        "evaluation_agreement": null,
        "per_symbol_stable": [
          0,
          0,
          0,
          0,
          0,
          0,
          0,
          0,
          0,
          0,
          0,
          0
        ]
      }
    },
    {
      "signal": "S13",
      "header_ofdm_symbols": [
        2,
        3,
        4,
        5,
        6,
        7,
        8,
        9,
        10,
        11,
        12,
        13
      ],
      "header_bins": [
        476,
        477,
        478,
        479,
        480,
        481,
        482,
        483,
        484,
        485,
        486,
        487,
        496,
        497,
        498,
        499,
        500,
        501,
        502,
        503,
        504,
        505,
        506,
        507
      ],
      "train_frames": 14,
      "evaluation_frames": 21,
      "raw": {
        "eligible_positions": 0,
        "corroborated_training_bits": 539,
        "stable_positions": 0,
        "stable_position_indices": [],
        "evaluated_bits": 0,
        "evaluation_agreement": null,
        "per_symbol_stable": [
          0,
          0,
          0,
          0,
          0,
          0,
          0,
          0,
          0,
          0,
          0,
          0
        ]
      },
      "phase_removed": {
        "eligible_positions": 0,
        "corroborated_training_bits": 539,
        "stable_positions": 0,
        "stable_position_indices": [],
        "evaluated_bits": 0,
        "evaluation_agreement": null,
        "per_symbol_stable": [
          0,
          0,
          0,
          0,
          0,
          0,
          0,
          0,
          0,
          0,
          0,
          0
        ]
      }
    },
    {
      "signal": "S18",
      "header_ofdm_symbols": [
        2,
        3,
        4,
        5,
        6,
        7,
        8,
        9,
        10,
        11,
        12,
        13
      ],
      "header_bins": [
        516,
        517,
        518,
        519,
        520,
        521,
        522,
        523,
        524,
        525,
        526,
        527,
        536,
        537,
        538,
        539,
        540,
        541,
        542,
        543,
        544,
        545,
        546,
        547
      ],
      "train_frames": 7,
      "evaluation_frames": 12,
      "raw": {
        "eligible_positions": 0,
        "corroborated_training_bits": 199,
        "stable_positions": 0,
        "stable_position_indices": [],
        "evaluated_bits": 0,
        "evaluation_agreement": null,
        "per_symbol_stable": [
          0,
          0,
          0,
          0,
          0,
          0,
          0,
          0,
          0,
          0,
          0,
          0
        ]
      },
      "phase_removed": {
        "eligible_positions": 0,
        "corroborated_training_bits": 199,
        "stable_positions": 0,
        "stable_position_indices": [],
        "evaluated_bits": 0,
        "evaluation_agreement": null,
        "per_symbol_stable": [
          0,
          0,
          0,
          0,
          0,
          0,
          0,
          0,
          0,
          0,
          0,
          0
        ]
      }
    },
    {
      "signal": "S19",
      "header_ofdm_symbols": [
        2,
        3,
        4,
        5,
        6,
        7,
        8,
        9,
        10,
        11,
        12,
        13
      ],
      "header_bins": [
        516,
        517,
        518,
        519,
        520,
        521,
        522,
        523,
        524,
        525,
        526,
        527,
        536,
        537,
        538,
        539,
        540,
        541,
        542,
        543,
        544,
        545,
        546,
        547
      ],
      "train_frames": 10,
      "evaluation_frames": 10,
      "raw": {
        "eligible_positions": 0,
        "corroborated_training_bits": 270,
        "stable_positions": 0,
        "stable_position_indices": [],
        "evaluated_bits": 0,
        "evaluation_agreement": null,
        "per_symbol_stable": [
          0,
          0,
          0,
          0,
          0,
          0,
          0,
          0,
          0,
          0,
          0,
          0
        ]
      },
      "phase_removed": {
        "eligible_positions": 0,
        "corroborated_training_bits": 270,
        "stable_positions": 0,
        "stable_position_indices": [],
        "evaluated_bits": 0,
        "evaluation_agreement": null,
        "per_symbol_stable": [
          0,
          0,
          0,
          0,
          0,
          0,
          0,
          0,
          0,
          0,
          0,
          0
        ]
      }
    },
    {
      "signal": "S22",
      "header_ofdm_symbols": [
        2,
        3,
        4,
        5,
        6,
        7,
        8,
        9,
        10,
        11,
        12,
        13
      ],
      "header_bins": [
        476,
        477,
        478,
        479,
        480,
        481,
        482,
        483,
        484,
        485,
        486,
        487,
        496,
        497,
        498,
        499,
        500,
        501,
        502,
        503,
        504,
        505,
        506,
        507
      ],
      "train_frames": 17,
      "evaluation_frames": 26,
      "raw": {
        "eligible_positions": 4,
        "corroborated_training_bits": 853,
        "stable_positions": 0,
        "stable_position_indices": [],
        "evaluated_bits": 0,
        "evaluation_agreement": null,
        "per_symbol_stable": [
          0,
          0,
          0,
          0,
          0,
          0,
          0,
          0,
          0,
          0,
          0,
          0
        ]
      },
      "phase_removed": {
        "eligible_positions": 4,
        "corroborated_training_bits": 853,
        "stable_positions": 0,
        "stable_position_indices": [],
        "evaluated_bits": 0,
        "evaluation_agreement": null,
        "per_symbol_stable": [
          0,
          0,
          0,
          0,
          0,
          0,
          0,
          0,
          0,
          0,
          0,
          0
        ]
      }
    },
    {
      "signal": "S23",
      "header_ofdm_symbols": [
        2,
        3,
        4,
        5,
        6,
        7,
        8,
        9,
        10,
        11,
        12,
        13
      ],
      "header_bins": [
        476,
        477,
        478,
        479,
        480,
        481,
        482,
        483,
        484,
        485,
        486,
        487,
        496,
        497,
        498,
        499,
        500,
        501,
        502,
        503,
        504,
        505,
        506,
        507
      ],
      "train_frames": 18,
      "evaluation_frames": 27,
      "raw": {
        "eligible_positions": 1,
        "corroborated_training_bits": 898,
        "stable_positions": 0,
        "stable_position_indices": [],
        "evaluated_bits": 0,
        "evaluation_agreement": null,
        "per_symbol_stable": [
          0,
          0,
          0,
          0,
          0,
          0,
          0,
          0,
          0,
          0,
          0,
          0
        ]
      },
      "phase_removed": {
        "eligible_positions": 1,
        "corroborated_training_bits": 898,
        "stable_positions": 0,
        "stable_position_indices": [],
        "evaluated_bits": 0,
        "evaluation_agreement": null,
        "per_symbol_stable": [
          0,
          0,
          0,
          0,
          0,
          0,
          0,
          0,
          0,
          0,
          0,
          0
        ]
      }
    }
  ],
  "ut_header": {
    "header_ofdm_symbols": [
      2,
      3,
      4,
      5,
      6,
      7,
      8,
      9,
      10,
      11,
      12,
      13
    ],
    "header_bins": [
      100,
      101,
      102,
      103,
      200,
      201,
      202,
      203
    ],
    "training_frames": 153,
    "evaluation_frames": 248,
    "raw": {
      "eligible_positions": 96,
      "corroborated_training_bits": 11105,
      "stable_positions": 8,
      "stable_position_indices": [
        [
          0,
          3
        ],
        [
          0,
          4
        ],
        [
          0,
          5
        ],
        [
          2,
          1
        ],
        [
          2,
          2
        ],
        [
          2,
          4
        ],
        [
          2,
          6
        ],
        [
          2,
          7
        ]
      ],
      "evaluated_bits": 1984,
      "evaluation_agreement": 0.938508064516129,
      "per_symbol_stable": [
        3,
        0,
        5,
        0,
        0,
        0,
        0,
        0,
        0,
        0,
        0,
        0
      ]
    },
    "phase_removed": {
      "eligible_positions": 96,
      "corroborated_training_bits": 11105,
      "stable_positions": 0,
      "stable_position_indices": [],
      "evaluated_bits": 0,
      "evaluation_agreement": null,
      "per_symbol_stable": [
        0,
        0,
        0,
        0,
        0,
        0,
        0,
        0,
        0,
        0,
        0,
        0
      ]
    },
    "phase_field_tests": [
      {
        "symbol": 2,
        "carrier_index": 0,
        "phase_bit_mask": 0,
        "polarity": 1,
        "discovery_agreement": 0.869281045751634,
        "evaluation_n": 248,
        "evaluation_agreement": 0.9153225806451613,
        "baseline_agreement": 0.9153225806451613
      },
      {
        "symbol": 2,
        "carrier_index": 1,
        "phase_bit_mask": 0,
        "polarity": -1,
        "discovery_agreement": 0.8954248366013071,
        "evaluation_n": 248,
        "evaluation_agreement": 0.8951612903225806,
        "baseline_agreement": 0.8951612903225806
      },
      {
        "symbol": 2,
        "carrier_index": 2,
        "phase_bit_mask": 0,
        "polarity": 1,
        "discovery_agreement": 0.8627450980392157,
        "evaluation_n": 248,
        "evaluation_agreement": 0.8870967741935484,
        "baseline_agreement": 0.8870967741935484
      },
      {
        "symbol": 2,
        "carrier_index": 3,
        "phase_bit_mask": 0,
        "polarity": 1,
        "discovery_agreement": 0.9019607843137255,
        "evaluation_n": 248,
        "evaluation_agreement": 0.9233870967741935,
        "baseline_agreement": 0.9233870967741935
      },
      {
        "symbol": 2,
        "carrier_index": 4,
        "phase_bit_mask": 0,
        "polarity": -1,
        "discovery_agreement": 0.9150326797385622,
        "evaluation_n": 248,
        "evaluation_agreement": 0.8548387096774194,
        "baseline_agreement": 0.8548387096774194
      },
      {
        "symbol": 2,
        "carrier_index": 5,
        "phase_bit_mask": 0,
        "polarity": -1,
        "discovery_agreement": 0.9019607843137255,
        "evaluation_n": 248,
        "evaluation_agreement": 0.8790322580645161,
        "baseline_agreement": 0.8790322580645161
      },
      {
        "symbol": 2,
        "carrier_index": 6,
        "phase_bit_mask": 0,
        "polarity": -1,
        "discovery_agreement": 0.8562091503267975,
        "evaluation_n": 248,
        "evaluation_agreement": 0.8629032258064516,
        "baseline_agreement": 0.8629032258064516
      },
      {
        "symbol": 2,
        "carrier_index": 7,
        "phase_bit_mask": 0,
        "polarity": -1,
        "discovery_agreement": 0.8169934640522876,
        "evaluation_n": 248,
        "evaluation_agreement": 0.842741935483871,
        "baseline_agreement": 0.842741935483871
      },
      {
        "symbol": 3,
        "carrier_index": 0,
        "phase_bit_mask": 25,
        "polarity": 1,
        "discovery_agreement": 0.5947712418300654,
        "evaluation_n": 248,
        "evaluation_agreement": 0.47580645161290325,
        "baseline_agreement": 0.5
      },
      {
        "symbol": 3,
        "carrier_index": 1,
        "phase_bit_mask": 15,
        "polarity": 1,
        "discovery_agreement": 0.6209150326797386,
        "evaluation_n": 248,
        "evaluation_agreement": 0.47580645161290325,
        "baseline_agreement": 0.5524193548387096
      },
      {
        "symbol": 3,
        "carrier_index": 2,
        "phase_bit_mask": 3,
        "polarity": 1,
        "discovery_agreement": 0.6274509803921569,
        "evaluation_n": 248,
        "evaluation_agreement": 0.49193548387096775,
        "baseline_agreement": 0.46774193548387094
      },
      {
        "symbol": 3,
        "carrier_index": 3,
        "phase_bit_mask": 47,
        "polarity": 1,
        "discovery_agreement": 0.5947712418300654,
        "evaluation_n": 248,
        "evaluation_agreement": 0.5483870967741935,
        "baseline_agreement": 0.5120967741935484
      },
      {
        "symbol": 3,
        "carrier_index": 4,
        "phase_bit_mask": 1,
        "polarity": 1,
        "discovery_agreement": 0.5882352941176471,
        "evaluation_n": 248,
        "evaluation_agreement": 0.43548387096774194,
        "baseline_agreement": 0.5161290322580645
      },
      {
        "symbol": 3,
        "carrier_index": 5,
        "phase_bit_mask": 10,
        "polarity": 1,
        "discovery_agreement": 0.6143790849673203,
        "evaluation_n": 248,
        "evaluation_agreement": 0.4798387096774194,
        "baseline_agreement": 0.45564516129032256
      },
      {
        "symbol": 3,
        "carrier_index": 6,
        "phase_bit_mask": 29,
        "polarity": 1,
        "discovery_agreement": 0.6339869281045751,
        "evaluation_n": 248,
        "evaluation_agreement": 0.5120967741935484,
        "baseline_agreement": 0.49193548387096775
      },
      {
        "symbol": 3,
        "carrier_index": 7,
        "phase_bit_mask": 19,
        "polarity": 1,
        "discovery_agreement": 0.5816993464052288,
        "evaluation_n": 248,
        "evaluation_agreement": 0.46774193548387094,
        "baseline_agreement": 0.5080645161290323
      },
      {
        "symbol": 4,
        "carrier_index": 0,
        "phase_bit_mask": 0,
        "polarity": 1,
        "discovery_agreement": 0.7516339869281046,
        "evaluation_n": 248,
        "evaluation_agreement": 0.8548387096774194,
        "baseline_agreement": 0.8548387096774194
      },
      {
        "symbol": 4,
        "carrier_index": 1,
        "phase_bit_mask": 0,
        "polarity": -1,
        "discovery_agreement": 0.9803921568627452,
        "evaluation_n": 248,
        "evaluation_agreement": 0.9919354838709677,
        "baseline_agreement": 0.9919354838709677
      },
      {
        "symbol": 4,
        "carrier_index": 2,
        "phase_bit_mask": 0,
        "polarity": -1,
        "discovery_agreement": 0.9542483660130718,
        "evaluation_n": 248,
        "evaluation_agreement": 0.9959677419354839,
        "baseline_agreement": 0.9959677419354839
      },
      {
        "symbol": 4,
        "carrier_index": 3,
        "phase_bit_mask": 0,
        "polarity": 1,
        "discovery_agreement": 0.8823529411764706,
        "evaluation_n": 248,
        "evaluation_agreement": 0.9193548387096774,
        "baseline_agreement": 0.9193548387096774
      },
      {
        "symbol": 4,
        "carrier_index": 4,
        "phase_bit_mask": 0,
        "polarity": -1,
        "discovery_agreement": 0.9869281045751634,
        "evaluation_n": 248,
        "evaluation_agreement": 0.9717741935483871,
        "baseline_agreement": 0.9717741935483871
      },
      {
        "symbol": 4,
        "carrier_index": 5,
        "phase_bit_mask": 0,
        "polarity": -1,
        "discovery_agreement": 0.8169934640522876,
        "evaluation_n": 248,
        "evaluation_agreement": 0.8508064516129032,
        "baseline_agreement": 0.8508064516129032
      },
      {
        "symbol": 4,
        "carrier_index": 6,
        "phase_bit_mask": 0,
        "polarity": -1,
        "discovery_agreement": 1.0,
        "evaluation_n": 248,
        "evaluation_agreement": 0.9919354838709677,
        "baseline_agreement": 0.9919354838709677
      },
      {
        "symbol": 4,
        "carrier_index": 7,
        "phase_bit_mask": 0,
        "polarity": -1,
        "discovery_agreement": 0.9281045751633987,
        "evaluation_n": 248,
        "evaluation_agreement": 0.8991935483870968,
        "baseline_agreement": 0.8991935483870968
      },
      {
        "symbol": 5,
        "carrier_index": 0,
        "phase_bit_mask": 3,
        "polarity": -1,
        "discovery_agreement": 0.6274509803921569,
        "evaluation_n": 248,
        "evaluation_agreement": 0.5241935483870968,
        "baseline_agreement": 0.5080645161290323
      },
      {
        "symbol": 5,
        "carrier_index": 1,
        "phase_bit_mask": 7,
        "polarity": -1,
        "discovery_agreement": 0.6470588235294118,
        "evaluation_n": 248,
        "evaluation_agreement": 0.5483870967741935,
        "baseline_agreement": 0.5040322580645161
      },
      {
        "symbol": 5,
        "carrier_index": 2,
        "phase_bit_mask": 32,
        "polarity": -1,
        "discovery_agreement": 0.6274509803921569,
        "evaluation_n": 248,
        "evaluation_agreement": 0.4838709677419355,
        "baseline_agreement": 0.5483870967741935
      },
      {
        "symbol": 5,
        "carrier_index": 3,
        "phase_bit_mask": 5,
        "polarity": -1,
        "discovery_agreement": 0.6535947712418301,
        "evaluation_n": 248,
        "evaluation_agreement": 0.5403225806451613,
        "baseline_agreement": 0.5282258064516129
      },
      {
        "symbol": 5,
        "carrier_index": 4,
        "phase_bit_mask": 61,
        "polarity": -1,
        "discovery_agreement": 0.6143790849673203,
        "evaluation_n": 248,
        "evaluation_agreement": 0.5564516129032258,
        "baseline_agreement": 0.5846774193548387
      },
      {
        "symbol": 5,
        "carrier_index": 5,
        "phase_bit_mask": 28,
        "polarity": -1,
        "discovery_agreement": 0.6209150326797386,
        "evaluation_n": 248,
        "evaluation_agreement": 0.592741935483871,
        "baseline_agreement": 0.6129032258064516
      },
      {
        "symbol": 5,
        "carrier_index": 6,
        "phase_bit_mask": 3,
        "polarity": -1,
        "discovery_agreement": 0.6274509803921569,
        "evaluation_n": 248,
        "evaluation_agreement": 0.5282258064516129,
        "baseline_agreement": 0.5604838709677419
      },
      {
        "symbol": 5,
        "carrier_index": 7,
        "phase_bit_mask": 0,
        "polarity": -1,
        "discovery_agreement": 0.6143790849673203,
        "evaluation_n": 248,
        "evaluation_agreement": 0.5241935483870968,
        "baseline_agreement": 0.5241935483870968
      },
      {
        "symbol": 6,
        "carrier_index": 0,
        "phase_bit_mask": 43,
        "polarity": -1,
        "discovery_agreement": 0.6225165562913907,
        "evaluation_n": 247,
        "evaluation_agreement": 0.562753036437247,
        "baseline_agreement": 0.44534412955465585
      },
      {
        "symbol": 6,
        "carrier_index": 1,
        "phase_bit_mask": 0,
        "polarity": 1,
        "discovery_agreement": 0.66,
        "evaluation_n": 246,
        "evaluation_agreement": 0.6178861788617886,
        "baseline_agreement": 0.6178861788617886
      },
      {
        "symbol": 6,
        "carrier_index": 2,
        "phase_bit_mask": 17,
        "polarity": -1,
        "discovery_agreement": 0.625,
        "evaluation_n": 246,
        "evaluation_agreement": 0.5203252032520326,
        "baseline_agreement": 0.6951219512195121
      },
      {
        "symbol": 6,
        "carrier_index": 3,
        "phase_bit_mask": 0,
        "polarity": -1,
        "discovery_agreement": 0.697986577181208,
        "evaluation_n": 245,
        "evaluation_agreement": 0.7591836734693878,
        "baseline_agreement": 0.7591836734693878
      },
      {
        "symbol": 6,
        "carrier_index": 4,
        "phase_bit_mask": 0,
        "polarity": 1,
        "discovery_agreement": 0.6418918918918919,
        "evaluation_n": 245,
        "evaluation_agreement": 0.5918367346938775,
        "baseline_agreement": 0.5918367346938775
      },
      {
        "symbol": 6,
        "carrier_index": 5,
        "phase_bit_mask": 0,
        "polarity": -1,
        "discovery_agreement": 0.6778523489932886,
        "evaluation_n": 247,
        "evaluation_agreement": 0.6356275303643725,
        "baseline_agreement": 0.6356275303643725
      },
      {
        "symbol": 6,
        "carrier_index": 6,
        "phase_bit_mask": 0,
        "polarity": -1,
        "discovery_agreement": 0.6174496644295302,
        "evaluation_n": 246,
        "evaluation_agreement": 0.5609756097560976,
        "baseline_agreement": 0.5609756097560976
      },
      {
        "symbol": 6,
        "carrier_index": 7,
        "phase_bit_mask": 0,
        "polarity": 1,
        "discovery_agreement": 0.6577181208053691,
        "evaluation_n": 246,
        "evaluation_agreement": 0.6341463414634146,
        "baseline_agreement": 0.6341463414634146
      },
      {
        "symbol": 7,
        "carrier_index": 0,
        "phase_bit_mask": 9,
        "polarity": 1,
        "discovery_agreement": 0.6068965517241379,
        "evaluation_n": 245,
        "evaluation_agreement": 0.46530612244897956,
        "baseline_agreement": 0.5673469387755102
      },
      {
        "symbol": 7,
        "carrier_index": 1,
        "phase_bit_mask": 4,
        "polarity": -1,
        "discovery_agreement": 0.6206896551724138,
        "evaluation_n": 245,
        "evaluation_agreement": 0.5714285714285714,
        "baseline_agreement": 0.5306122448979592
      },
      {
        "symbol": 7,
        "carrier_index": 2,
        "phase_bit_mask": 44,
        "polarity": -1,
        "discovery_agreement": 0.6275862068965518,
        "evaluation_n": 245,
        "evaluation_agreement": 0.5795918367346938,
        "baseline_agreement": 0.5102040816326531
      },
      {
        "symbol": 7,
        "carrier_index": 3,
        "phase_bit_mask": 49,
        "polarity": -1,
        "discovery_agreement": 0.6827586206896552,
        "evaluation_n": 245,
        "evaluation_agreement": 0.5469387755102041,
        "baseline_agreement": 0.5061224489795918
      },
      {
        "symbol": 7,
        "carrier_index": 4,
        "phase_bit_mask": 46,
        "polarity": -1,
        "discovery_agreement": 0.6620689655172414,
        "evaluation_n": 245,
        "evaluation_agreement": 0.49795918367346936,
        "baseline_agreement": 0.5428571428571428
      },
      {
        "symbol": 7,
        "carrier_index": 5,
        "phase_bit_mask": 26,
        "polarity": -1,
        "discovery_agreement": 0.6413793103448275,
        "evaluation_n": 245,
        "evaluation_agreement": 0.49387755102040815,
        "baseline_agreement": 0.5510204081632653
      },
      {
        "symbol": 7,
        "carrier_index": 6,
        "phase_bit_mask": 7,
        "polarity": -1,
        "discovery_agreement": 0.6137931034482759,
        "evaluation_n": 245,
        "evaluation_agreement": 0.5102040816326531,
        "baseline_agreement": 0.5591836734693878
      },
      {
        "symbol": 7,
        "carrier_index": 7,
        "phase_bit_mask": 10,
        "polarity": -1,
        "discovery_agreement": 0.6275862068965518,
        "evaluation_n": 245,
        "evaluation_agreement": 0.5428571428571428,
        "baseline_agreement": 0.5183673469387755
      },
      {
        "symbol": 8,
        "carrier_index": 0,
        "phase_bit_mask": 0,
        "polarity": -1,
        "discovery_agreement": 0.7692307692307692,
        "evaluation_n": 243,
        "evaluation_agreement": 0.7283950617283951,
        "baseline_agreement": 0.7283950617283951
      },
      {
        "symbol": 8,
        "carrier_index": 1,
        "phase_bit_mask": 0,
        "polarity": 1,
        "discovery_agreement": 0.6388888888888888,
        "evaluation_n": 243,
        "evaluation_agreement": 0.6008230452674898,
        "baseline_agreement": 0.6008230452674898
      },
      {
        "symbol": 8,
        "carrier_index": 2,
        "phase_bit_mask": 10,
        "polarity": -1,
        "discovery_agreement": 0.647887323943662,
        "evaluation_n": 241,
        "evaluation_agreement": 0.5103734439834025,
        "baseline_agreement": 0.6016597510373444
      },
      {
        "symbol": 8,
        "carrier_index": 3,
        "phase_bit_mask": 0,
        "polarity": -1,
        "discovery_agreement": 0.6620689655172414,
        "evaluation_n": 242,
        "evaluation_agreement": 0.6942148760330579,
        "baseline_agreement": 0.6942148760330579
      },
      {
        "symbol": 8,
        "carrier_index": 4,
        "phase_bit_mask": 43,
        "polarity": -1,
        "discovery_agreement": 0.6180555555555556,
        "evaluation_n": 240,
        "evaluation_agreement": 0.5458333333333333,
        "baseline_agreement": 0.6583333333333333
      },
      {
        "symbol": 8,
        "carrier_index": 5,
        "phase_bit_mask": 0,
        "polarity": 1,
        "discovery_agreement": 0.6971830985915493,
        "evaluation_n": 237,
        "evaluation_agreement": 0.6751054852320675,
        "baseline_agreement": 0.6751054852320675
      },
      {
        "symbol": 8,
        "carrier_index": 6,
        "phase_bit_mask": 0,
        "polarity": -1,
        "discovery_agreement": 0.6830985915492958,
        "evaluation_n": 234,
        "evaluation_agreement": 0.7094017094017094,
        "baseline_agreement": 0.7094017094017094
      },
      {
        "symbol": 8,
        "carrier_index": 7,
        "phase_bit_mask": 0,
        "polarity": 1,
        "discovery_agreement": 0.6433566433566433,
        "evaluation_n": 236,
        "evaluation_agreement": 0.6779661016949152,
        "baseline_agreement": 0.6779661016949152
      },
      {
        "symbol": 9,
        "carrier_index": 0,
        "phase_bit_mask": 54,
        "polarity": -1,
        "discovery_agreement": 0.6454545454545455,
        "evaluation_n": 194,
        "evaluation_agreement": 0.5567010309278351,
        "baseline_agreement": 0.4845360824742268
      },
      {
        "symbol": 9,
        "carrier_index": 1,
        "phase_bit_mask": 19,
        "polarity": -1,
        "discovery_agreement": 0.7090909090909091,
        "evaluation_n": 194,
        "evaluation_agreement": 0.5103092783505154,
        "baseline_agreement": 0.4948453608247423
      },
      {
        "symbol": 9,
        "carrier_index": 2,
        "phase_bit_mask": 7,
        "polarity": -1,
        "discovery_agreement": 0.6454545454545455,
        "evaluation_n": 194,
        "evaluation_agreement": 0.5721649484536082,
        "baseline_agreement": 0.5103092783505154
      },
      {
        "symbol": 9,
        "carrier_index": 3,
        "phase_bit_mask": 24,
        "polarity": -1,
        "discovery_agreement": 0.6545454545454545,
        "evaluation_n": 194,
        "evaluation_agreement": 0.5876288659793815,
        "baseline_agreement": 0.5103092783505154
      },
      {
        "symbol": 9,
        "carrier_index": 4,
        "phase_bit_mask": 5,
        "polarity": -1,
        "discovery_agreement": 0.6818181818181819,
        "evaluation_n": 194,
        "evaluation_agreement": 0.4845360824742268,
        "baseline_agreement": 0.4072164948453608
      },
      {
        "symbol": 9,
        "carrier_index": 5,
        "phase_bit_mask": 34,
        "polarity": -1,
        "discovery_agreement": 0.6272727272727272,
        "evaluation_n": 194,
        "evaluation_agreement": 0.4948453608247423,
        "baseline_agreement": 0.5618556701030928
      },
      {
        "symbol": 9,
        "carrier_index": 6,
        "phase_bit_mask": 38,
        "polarity": -1,
        "discovery_agreement": 0.6727272727272727,
        "evaluation_n": 194,
        "evaluation_agreement": 0.6752577319587629,
        "baseline_agreement": 0.4690721649484536
      },
      {
        "symbol": 9,
        "carrier_index": 7,
        "phase_bit_mask": 12,
        "polarity": -1,
        "discovery_agreement": 0.6363636363636364,
        "evaluation_n": 194,
        "evaluation_agreement": 0.520618556701031,
        "baseline_agreement": 0.5515463917525774
      },
      {
        "symbol": 10,
        "carrier_index": 0,
        "phase_bit_mask": 0,
        "polarity": -1,
        "discovery_agreement": 0.7727272727272727,
        "evaluation_n": 194,
        "evaluation_agreement": 0.6907216494845361,
        "baseline_agreement": 0.6907216494845361
      },
      {
        "symbol": 10,
        "carrier_index": 1,
        "phase_bit_mask": 0,
        "polarity": -1,
        "discovery_agreement": 0.7727272727272727,
        "evaluation_n": 194,
        "evaluation_agreement": 0.6804123711340206,
        "baseline_agreement": 0.6804123711340206
      },
      {
        "symbol": 10,
        "carrier_index": 2,
        "phase_bit_mask": 0,
        "polarity": 1,
        "discovery_agreement": 0.6636363636363636,
        "evaluation_n": 194,
        "evaluation_agreement": 0.6649484536082474,
        "baseline_agreement": 0.6649484536082474
      },
      {
        "symbol": 10,
        "carrier_index": 3,
        "phase_bit_mask": 0,
        "polarity": -1,
        "discovery_agreement": 0.8181818181818181,
        "evaluation_n": 194,
        "evaluation_agreement": 0.7731958762886598,
        "baseline_agreement": 0.7731958762886598
      },
      {
        "symbol": 10,
        "carrier_index": 4,
        "phase_bit_mask": 3,
        "polarity": -1,
        "discovery_agreement": 0.6909090909090909,
        "evaluation_n": 185,
        "evaluation_agreement": 0.6648648648648648,
        "baseline_agreement": 0.7027027027027027
      },
      {
        "symbol": 10,
        "carrier_index": 5,
        "phase_bit_mask": 0,
        "polarity": -1,
        "discovery_agreement": 0.7155963302752294,
        "evaluation_n": 182,
        "evaluation_agreement": 0.7197802197802198,
        "baseline_agreement": 0.7197802197802198
      },
      {
        "symbol": 10,
        "carrier_index": 6,
        "phase_bit_mask": 23,
        "polarity": -1,
        "discovery_agreement": 0.6574074074074074,
        "evaluation_n": 180,
        "evaluation_agreement": 0.5444444444444444,
        "baseline_agreement": 0.7111111111111111
      },
      {
        "symbol": 10,
        "carrier_index": 7,
        "phase_bit_mask": 40,
        "polarity": -1,
        "discovery_agreement": 0.6851851851851851,
        "evaluation_n": 185,
        "evaluation_agreement": 0.572972972972973,
        "baseline_agreement": 0.6270270270270271
      },
      {
        "symbol": 11,
        "carrier_index": 0,
        "phase_bit_mask": 30,
        "polarity": -1,
        "discovery_agreement": 0.775,
        "evaluation_n": 43,
        "evaluation_agreement": 0.6976744186046512,
        "baseline_agreement": 0.6976744186046512
      },
      {
        "symbol": 11,
        "carrier_index": 1,
        "phase_bit_mask": 45,
        "polarity": -1,
        "discovery_agreement": 0.8,
        "evaluation_n": 43,
        "evaluation_agreement": 0.6976744186046512,
        "baseline_agreement": 0.7209302325581395
      },
      {
        "symbol": 11,
        "carrier_index": 2,
        "phase_bit_mask": 43,
        "polarity": -1,
        "discovery_agreement": 0.8,
        "evaluation_n": 43,
        "evaluation_agreement": 0.7209302325581395,
        "baseline_agreement": 0.6511627906976745
      },
      {
        "symbol": 11,
        "carrier_index": 3,
        "phase_bit_mask": 53,
        "polarity": -1,
        "discovery_agreement": 0.825,
        "evaluation_n": 43,
        "evaluation_agreement": 0.8372093023255814,
        "baseline_agreement": 0.7674418604651163
      },
      {
        "symbol": 11,
        "carrier_index": 4,
        "phase_bit_mask": 39,
        "polarity": -1,
        "discovery_agreement": 0.825,
        "evaluation_n": 43,
        "evaluation_agreement": 0.7674418604651163,
        "baseline_agreement": 0.7674418604651163
      },
      {
        "symbol": 11,
        "carrier_index": 5,
        "phase_bit_mask": 27,
        "polarity": -1,
        "discovery_agreement": 0.775,
        "evaluation_n": 43,
        "evaluation_agreement": 0.6744186046511628,
        "baseline_agreement": 0.7906976744186046
      },
      {
        "symbol": 11,
        "carrier_index": 6,
        "phase_bit_mask": 17,
        "polarity": -1,
        "discovery_agreement": 0.775,
        "evaluation_n": 43,
        "evaluation_agreement": 0.627906976744186,
        "baseline_agreement": 0.7209302325581395
      },
      {
        "symbol": 11,
        "carrier_index": 7,
        "phase_bit_mask": 47,
        "polarity": -1,
        "discovery_agreement": 0.75,
        "evaluation_n": 43,
        "evaluation_agreement": 0.5813953488372093,
        "baseline_agreement": 0.627906976744186
      },
      {
        "symbol": 12,
        "carrier_index": 0,
        "phase_bit_mask": 56,
        "polarity": -1,
        "discovery_agreement": 0.8,
        "evaluation_n": 43,
        "evaluation_agreement": 0.6744186046511628,
        "baseline_agreement": 0.7209302325581395
      },
      {
        "symbol": 12,
        "carrier_index": 1,
        "phase_bit_mask": 24,
        "polarity": -1,
        "discovery_agreement": 0.8,
        "evaluation_n": 43,
        "evaluation_agreement": 0.7441860465116279,
        "baseline_agreement": 0.6976744186046512
      },
      {
        "symbol": 12,
        "carrier_index": 2,
        "phase_bit_mask": 35,
        "polarity": -1,
        "discovery_agreement": 0.775,
        "evaluation_n": 43,
        "evaluation_agreement": 0.6976744186046512,
        "baseline_agreement": 0.9069767441860465
      },
      {
        "symbol": 12,
        "carrier_index": 3,
        "phase_bit_mask": 53,
        "polarity": -1,
        "discovery_agreement": 0.775,
        "evaluation_n": 43,
        "evaluation_agreement": 0.6744186046511628,
        "baseline_agreement": 0.6511627906976745
      },
      {
        "symbol": 12,
        "carrier_index": 4,
        "phase_bit_mask": 15,
        "polarity": -1,
        "discovery_agreement": 0.825,
        "evaluation_n": 43,
        "evaluation_agreement": 0.7441860465116279,
        "baseline_agreement": 0.7441860465116279
      },
      {
        "symbol": 12,
        "carrier_index": 5,
        "phase_bit_mask": 0,
        "polarity": -1,
        "discovery_agreement": 0.775,
        "evaluation_n": 43,
        "evaluation_agreement": 0.7906976744186046,
        "baseline_agreement": 0.7906976744186046
      },
      {
        "symbol": 12,
        "carrier_index": 6,
        "phase_bit_mask": 39,
        "polarity": -1,
        "discovery_agreement": 0.825,
        "evaluation_n": 43,
        "evaluation_agreement": 0.627906976744186,
        "baseline_agreement": 0.5348837209302325
      },
      {
        "symbol": 12,
        "carrier_index": 7,
        "phase_bit_mask": 14,
        "polarity": -1,
        "discovery_agreement": 0.775,
        "evaluation_n": 43,
        "evaluation_agreement": 0.7209302325581395,
        "baseline_agreement": 0.627906976744186
      },
      {
        "symbol": 13,
        "carrier_index": 0,
        "phase_bit_mask": 54,
        "polarity": -1,
        "discovery_agreement": 0.7692307692307692,
        "evaluation_n": 43,
        "evaluation_agreement": 0.6976744186046512,
        "baseline_agreement": 0.7906976744186046
      },
      {
        "symbol": 13,
        "carrier_index": 1,
        "phase_bit_mask": 42,
        "polarity": -1,
        "discovery_agreement": 0.7692307692307692,
        "evaluation_n": 43,
        "evaluation_agreement": 0.7209302325581395,
        "baseline_agreement": 0.6511627906976745
      },
      {
        "symbol": 13,
        "carrier_index": 2,
        "phase_bit_mask": 15,
        "polarity": -1,
        "discovery_agreement": 0.7692307692307692,
        "evaluation_n": 43,
        "evaluation_agreement": 0.6744186046511628,
        "baseline_agreement": 0.7441860465116279
      },
      {
        "symbol": 13,
        "carrier_index": 3,
        "phase_bit_mask": 24,
        "polarity": -1,
        "discovery_agreement": 0.7692307692307692,
        "evaluation_n": 43,
        "evaluation_agreement": 0.6976744186046512,
        "baseline_agreement": 0.627906976744186
      },
      {
        "symbol": 13,
        "carrier_index": 4,
        "phase_bit_mask": 54,
        "polarity": -1,
        "discovery_agreement": 0.8461538461538461,
        "evaluation_n": 43,
        "evaluation_agreement": 0.6511627906976745,
        "baseline_agreement": 0.6511627906976745
      },
      {
        "symbol": 13,
        "carrier_index": 5,
        "phase_bit_mask": 61,
        "polarity": -1,
        "discovery_agreement": 0.7692307692307692,
        "evaluation_n": 43,
        "evaluation_agreement": 0.6744186046511628,
        "baseline_agreement": 0.7441860465116279
      },
      {
        "symbol": 13,
        "carrier_index": 6,
        "phase_bit_mask": 40,
        "polarity": -1,
        "discovery_agreement": 0.8205128205128205,
        "evaluation_n": 43,
        "evaluation_agreement": 0.6976744186046512,
        "baseline_agreement": 0.7441860465116279
      },
      {
        "symbol": 13,
        "carrier_index": 7,
        "phase_bit_mask": 56,
        "polarity": -1,
        "discovery_agreement": 0.7692307692307692,
        "evaluation_n": 43,
        "evaluation_agreement": 0.813953488372093,
        "baseline_agreement": 0.7441860465116279
      }
    ],
    "scope": "Published hard-symbol header at eight carriers, first 466 dataset frames for discovery and remaining frames for evaluation; only frames with a recovered phase."
  },
  "input_sha256": {
    "/home/mouse9911/gits/leo-tracker-reduxredux/reports/2026_09_28_sequence_semantics/local/phase_indices.csv": "dec0986338baf7412c3581480a3a14c6a9054f571dbc1fe638e08aa02bdbb5ef",
    "/home/mouse9911/gits/leo-tracker-reduxredux/reports/2026_09_28_sequence_semantics/local/phase_model.json": "301577ab84d6dcb024d82bbf5536002b67a4a7991036346280116b336108d707",
    "/home/mouse9911/gits/leo-tracker-reduxredux/reports/2026_09_28_sequence_semantics/local/UT-windows.json": "86defca48a6a3d5f3a242eded3ded9c6565c206c9734d69fa03c02442728f317",
    "/home/mouse9911/gits/leo-tracker-reduxredux/reports/2026_09_28_ds7_ds8_correspondence/local/ut-codebook/bins-100.npz": "6b2528d94a4ea33a1452f437f2b8559ee4bd6d102ef0b3ec171ca6c714a2fbfc",
    "/home/mouse9911/gits/leo-tracker-reduxredux/reports/2026_09_28_ds7_ds8_correspondence/local/ut-codebook/bins-200.npz": "534fbfc9d622a2432aadba82edfa92d72c8fe9f077010048edbb4b03c404dbe4",
    "/home/mouse9911/gits/leo-tracker-reduxredux/reports/2026_09_28_sequence_semantics/local/S01-soft.npz": "6a0fda2ec58ad21c63b8e69e42731a538bb4d6e20d0b51a405a7a78a7bc06939",
    "/home/mouse9911/gits/leo-tracker-reduxredux/reports/2026_09_28_sequence_semantics/local/S02-soft.npz": "df7f909e292d664072acc984f719b960905295016943f49b10c39af0a2739e63",
    "/home/mouse9911/gits/leo-tracker-reduxredux/reports/2026_09_28_sequence_semantics/local/S06-soft.npz": "e27ae50e20510daa14804047e6eb509bbec60b98976c2ca1169020ca1fb9635f",
    "/home/mouse9911/gits/leo-tracker-reduxredux/reports/2026_09_28_sequence_semantics/local/S07-soft.npz": "600fb75fe3fb6ff7608b21fa802ededfc9fd9013effdcb69754a3c10b62fef64",
    "/home/mouse9911/gits/leo-tracker-reduxredux/reports/2026_09_28_sequence_semantics/local/S13-soft.npz": "b8ab31ee8c36a5733414511f44ae9f514d3b2f9741eb951108b70e37dde7404b",
    "/home/mouse9911/gits/leo-tracker-reduxredux/reports/2026_09_28_sequence_semantics/local/S18-soft.npz": "325fea50046c5d691627479b582c9f60f2c86dcf637180382d9a03f5c128c6ce",
    "/home/mouse9911/gits/leo-tracker-reduxredux/reports/2026_09_28_sequence_semantics/local/S19-soft.npz": "77223d18713c2763f5a9f4cc7b9faef06343e79e1cc456bbb8de30d4ac83cf67",
    "/home/mouse9911/gits/leo-tracker-reduxredux/reports/2026_09_28_sequence_semantics/local/S22-soft.npz": "61c2d389aa1f37fb101a9c77fd201d3652fcdd6cda82b3c540ed5e51f77aeba5",
    "/home/mouse9911/gits/leo-tracker-reduxredux/reports/2026_09_28_sequence_semantics/local/S23-soft.npz": "b53a624c757a8d961dd473936dd0f6cc3ed5d7a5486ad41488a007a3a9b5ae64"
  },
  "limits": "Chronological evaluation reuses inspected recordings. Phase-index zero and direction are mathematical conventions, not a decoded field layout. Header stability is receiver-agreeing hard signs at narrow-band positions, not a FEC or semantic decode. No gaps are concatenated into transitions."
}
