{
  "dataset_id": "DS8",
  "point_source": "reports/2026_09_28_pooled_receiver_slope/polished/DS8/receiver_slope/result.json",
  "state": "checked",
  "visibility_stable": true,
  "normalized_raw_asymmetry": [
    5.2131334734487645e-05,
    1.2726064550569042e-05
  ],
  "normalized_step_sensitivity": 0.026939863447716286,
  "two_step_stable": true,
  "positive_profiled_information": true,
  "comparisons": [
    {
      "state": "positive",
      "fixed_slope_information": [
        [
          210.8095023204109,
          28.81823389513896
        ],
        [
          28.81823389513896,
          288.7664164982311
        ]
      ],
      "free_slope_information": [
        [
          156.09028012915024,
          24.005844831934134
        ],
        [
          24.005844831934134,
          288.32958530040804
        ]
      ],
      "retention_eigenvalues": [
        0.7399760849261596,
        0.9999523488030453
      ]
    },
    {
      "state": "positive",
      "fixed_slope_information": [
        [
          210.78201821399122,
          28.82151509045169
        ],
        [
          28.82151509045169,
          288.82498662060937
        ]
      ],
      "free_slope_information": [
        [
          156.10457866093606,
          23.96936041277438
        ],
        [
          23.96936041277438,
          288.3802357326734
        ]
      ],
      "retention_eigenvalues": [
        0.7401550387993352,
        0.9999503671902337
      ]
    }
  ],
  "interior_identifiability_check_passed": true,
  "minimum_timing_knot_distance_s": 0.0016197849282393317,
  "scope": "Local curvature; not calibrated geographic uncertainty or global uniqueness."
}
