{
  "schema": "rx-ds8-confirmation-cache/v1",
  "status": "complete",
  "sessions": [
    {
      "split": "evaluation",
      "pose": {
        "binding_digest": "sha256:26c9890f1e32c0ecfa0ad3c65d6f8473971ecdd5e552392e1e2f289df11a9911",
        "capture_end_utc_ns": 1790525631374771026,
        "capture_start_earliest_utc_ns": 1790525329337462597,
        "manifest_sha256": "sha256:570571d8a5f1257ee40a541700803117da753d9379837d9c4410a8fdbde01e2f",
        "pose_authority": {
          "altitude_datum": null,
          "altitude_m": null,
          "azimuth_reference": "geographic-north-assumed",
          "fixture_digest": "sha256:6e6f8798e1465691fdb6ad973bc37443651408c4060f091144b1a470fb0817a4",
          "fixture_evidence": "Operator confirms .20 fixture is identical to the fixture previously used by .21. Reference: gauss-r21-lt3d-001a-20260920-v1.json. Nominal mount separation 0.08 m, outward tilt 10 degrees; RF phase centers and world tilt are unmeasured.",
          "fixture_part_id": "LT3D-001A",
          "latitude_deg": 37.849056280893684,
          "longitude_deg": -122.48575489722863,
          "nominal_mount_separation_m": 0.08,
          "nominal_outward_tilt_deg": 10.0,
          "orientation_evidence": "Operator: RX2 points east, RX1 points west. Provisional physical RX1/RX2 to zero-based software RX0/RX1 mapping; not a cable trace. Pointing does not establish a directed phase-center baseline.",
          "phase_center_baseline_enu_m": null,
          "position_evidence": "Operator supplied roof coordinates; interpreted as WGS84. Altitude and survey uncertainty not supplied.",
          "radio_id": "radio_pluto_5d4d",
          "radio_serial": "1040005e0b100007100010000bf33a5d4d",
          "receivers": [
            {
              "azimuth_deg": 270.0,
              "connector_label": "RX1",
              "elevation_deg": null,
              "mapping_status": "provisional",
              "receiver_id": 0
            },
            {
              "azimuth_deg": 90.0,
              "connector_label": "RX2",
              "elevation_deg": null,
              "mapping_status": "provisional",
              "receiver_id": 1
            }
          ],
          "revision": "gauss-r20-roof-20260926-v1",
          "schema_version": 1,
          "station_id": "station_gauss",
          "time_evidence": "Operator confirmed move complete about five minutes before 23:34:50 UTC, approximately 23:30 UTC. Conservative boundary is first inspection after initial completion report, 23:30:17 UTC; not an exact movement timestamp. Exclude earlier and overlapping captures.",
          "valid_from_utc_ns": 1790465417000000000,
          "valid_until_utc_ns": 9223372036854775807
        },
        "pose_authority_digest": "sha256:03e00d1aaaabf0c27244b9733335fd695c649fb2eb2479e7936e2516946ac1d3",
        "schema_version": 1,
        "session_id": "scan-fw-aadcd44b66085469"
      },
      "pose_file_sha256": "sha256:702465a74370d580ff54455ac9065cbe7052acede2e13074a23dcdb6521bf810",
      "cache_sha256": "sha256:ebc788cfede1170757cde983c7f2fd4e363aa3560ae60a25256e564d046c657e",
      "analysis_manifest_sha256": "sha256:6f7d19047de974b8bf65e956a73962fac55978dc5f481adc137495f756aacffd"
    },
    {
      "split": "evaluation",
      "pose": {
        "binding_digest": "sha256:dd39ce82156a67b3f04d0d1e5a4b05b20af07ceeeb0ccd2e346176acd836becf",
        "capture_end_utc_ns": 1790526055018009517,
        "capture_start_earliest_utc_ns": 1790525753832803637,
        "manifest_sha256": "sha256:780afc9cceea90d1ff639bb36caad5598f995d28f18125846ecc6e2d6904978d",
        "pose_authority": {
          "altitude_datum": null,
          "altitude_m": null,
          "azimuth_reference": "geographic-north-assumed",
          "fixture_digest": "sha256:6e6f8798e1465691fdb6ad973bc37443651408c4060f091144b1a470fb0817a4",
          "fixture_evidence": "Operator confirms .20 fixture is identical to the fixture previously used by .21. Reference: gauss-r21-lt3d-001a-20260920-v1.json. Nominal mount separation 0.08 m, outward tilt 10 degrees; RF phase centers and world tilt are unmeasured.",
          "fixture_part_id": "LT3D-001A",
          "latitude_deg": 37.849056280893684,
          "longitude_deg": -122.48575489722863,
          "nominal_mount_separation_m": 0.08,
          "nominal_outward_tilt_deg": 10.0,
          "orientation_evidence": "Operator: RX2 points east, RX1 points west. Provisional physical RX1/RX2 to zero-based software RX0/RX1 mapping; not a cable trace. Pointing does not establish a directed phase-center baseline.",
          "phase_center_baseline_enu_m": null,
          "position_evidence": "Operator supplied roof coordinates; interpreted as WGS84. Altitude and survey uncertainty not supplied.",
          "radio_id": "radio_pluto_5d4d",
          "radio_serial": "1040005e0b100007100010000bf33a5d4d",
          "receivers": [
            {
              "azimuth_deg": 270.0,
              "connector_label": "RX1",
              "elevation_deg": null,
              "mapping_status": "provisional",
              "receiver_id": 0
            },
            {
              "azimuth_deg": 90.0,
              "connector_label": "RX2",
              "elevation_deg": null,
              "mapping_status": "provisional",
              "receiver_id": 1
            }
          ],
          "revision": "gauss-r20-roof-20260926-v1",
          "schema_version": 1,
          "station_id": "station_gauss",
          "time_evidence": "Operator confirmed move complete about five minutes before 23:34:50 UTC, approximately 23:30 UTC. Conservative boundary is first inspection after initial completion report, 23:30:17 UTC; not an exact movement timestamp. Exclude earlier and overlapping captures.",
          "valid_from_utc_ns": 1790465417000000000,
          "valid_until_utc_ns": 9223372036854775807
        },
        "pose_authority_digest": "sha256:03e00d1aaaabf0c27244b9733335fd695c649fb2eb2479e7936e2516946ac1d3",
        "schema_version": 1,
        "session_id": "scan-fw-ac05824a99b22ffd"
      },
      "pose_file_sha256": "sha256:b3bc7efeee00f7f62bda213dcb03426ae734de9ef7339014ee62cdbfcea2242b",
      "cache_sha256": "sha256:902e71ea339293dcd3fa448cdf61b424c405d01b38c11a3390294c819ee5c14a",
      "analysis_manifest_sha256": "sha256:7ccd790f00bc352b007d4063658db4ed6082d02d834800c1f9f254637db11752"
    },
    {
      "split": "evaluation",
      "pose": {
        "binding_digest": "sha256:9b3188a46afac877e5f05c3d142badf0d582cbfda6d05d40f78ec1a2a6df1418",
        "capture_end_utc_ns": 1790526480512927133,
        "capture_start_earliest_utc_ns": 1790526178893742925,
        "manifest_sha256": "sha256:128d9f1ce063663b1b89e633585760a66d995b8f896a01968691b6a3630cc49f",
        "pose_authority": {
          "altitude_datum": null,
          "altitude_m": null,
          "azimuth_reference": "geographic-north-assumed",
          "fixture_digest": "sha256:6e6f8798e1465691fdb6ad973bc37443651408c4060f091144b1a470fb0817a4",
          "fixture_evidence": "Operator confirms .20 fixture is identical to the fixture previously used by .21. Reference: gauss-r21-lt3d-001a-20260920-v1.json. Nominal mount separation 0.08 m, outward tilt 10 degrees; RF phase centers and world tilt are unmeasured.",
          "fixture_part_id": "LT3D-001A",
          "latitude_deg": 37.849056280893684,
          "longitude_deg": -122.48575489722863,
          "nominal_mount_separation_m": 0.08,
          "nominal_outward_tilt_deg": 10.0,
          "orientation_evidence": "Operator: RX2 points east, RX1 points west. Provisional physical RX1/RX2 to zero-based software RX0/RX1 mapping; not a cable trace. Pointing does not establish a directed phase-center baseline.",
          "phase_center_baseline_enu_m": null,
          "position_evidence": "Operator supplied roof coordinates; interpreted as WGS84. Altitude and survey uncertainty not supplied.",
          "radio_id": "radio_pluto_5d4d",
          "radio_serial": "1040005e0b100007100010000bf33a5d4d",
          "receivers": [
            {
              "azimuth_deg": 270.0,
              "connector_label": "RX1",
              "elevation_deg": null,
              "mapping_status": "provisional",
              "receiver_id": 0
            },
            {
              "azimuth_deg": 90.0,
              "connector_label": "RX2",
              "elevation_deg": null,
              "mapping_status": "provisional",
              "receiver_id": 1
            }
          ],
          "revision": "gauss-r20-roof-20260926-v1",
          "schema_version": 1,
          "station_id": "station_gauss",
          "time_evidence": "Operator confirmed move complete about five minutes before 23:34:50 UTC, approximately 23:30 UTC. Conservative boundary is first inspection after initial completion report, 23:30:17 UTC; not an exact movement timestamp. Exclude earlier and overlapping captures.",
          "valid_from_utc_ns": 1790465417000000000,
          "valid_until_utc_ns": 9223372036854775807
        },
        "pose_authority_digest": "sha256:03e00d1aaaabf0c27244b9733335fd695c649fb2eb2479e7936e2516946ac1d3",
        "schema_version": 1,
        "session_id": "scan-fw-226485b45dd0d0cf"
      },
      "pose_file_sha256": "sha256:5edfce81291567d6ac26bf465d58288bfcd55d0373393ddf8a9a2c9de17416df",
      "cache_sha256": "sha256:bfe991726858b03d67b2fd2294e5ac43240d801dd0cdfdcdc722275c9fb4420f",
      "analysis_manifest_sha256": "sha256:0c7bef77b8900acce3be3df7f34e2d05f8b1e8f7242bfd65852f122b1c9676cf"
    },
    {
      "split": "evaluation",
      "pose": {
        "binding_digest": "sha256:3b201b76cffe9bf79fc462cb5cd4282652be6901de4435b052ecbd281f2a7b56",
        "capture_end_utc_ns": 1790527329560617397,
        "capture_start_earliest_utc_ns": 1790527027731865940,
        "manifest_sha256": "sha256:a42d90a95f0d66dbbe7b108fd2af5242063d1c64eade68deb77033cb52e61850",
        "pose_authority": {
          "altitude_datum": null,
          "altitude_m": null,
          "azimuth_reference": "geographic-north-assumed",
          "fixture_digest": "sha256:6e6f8798e1465691fdb6ad973bc37443651408c4060f091144b1a470fb0817a4",
          "fixture_evidence": "Operator confirms .20 fixture is identical to the fixture previously used by .21. Reference: gauss-r21-lt3d-001a-20260920-v1.json. Nominal mount separation 0.08 m, outward tilt 10 degrees; RF phase centers and world tilt are unmeasured.",
          "fixture_part_id": "LT3D-001A",
          "latitude_deg": 37.849056280893684,
          "longitude_deg": -122.48575489722863,
          "nominal_mount_separation_m": 0.08,
          "nominal_outward_tilt_deg": 10.0,
          "orientation_evidence": "Operator: RX2 points east, RX1 points west. Provisional physical RX1/RX2 to zero-based software RX0/RX1 mapping; not a cable trace. Pointing does not establish a directed phase-center baseline.",
          "phase_center_baseline_enu_m": null,
          "position_evidence": "Operator supplied roof coordinates; interpreted as WGS84. Altitude and survey uncertainty not supplied.",
          "radio_id": "radio_pluto_5d4d",
          "radio_serial": "1040005e0b100007100010000bf33a5d4d",
          "receivers": [
            {
              "azimuth_deg": 270.0,
              "connector_label": "RX1",
              "elevation_deg": null,
              "mapping_status": "provisional",
              "receiver_id": 0
            },
            {
              "azimuth_deg": 90.0,
              "connector_label": "RX2",
              "elevation_deg": null,
              "mapping_status": "provisional",
              "receiver_id": 1
            }
          ],
          "revision": "gauss-r20-roof-20260926-v1",
          "schema_version": 1,
          "station_id": "station_gauss",
          "time_evidence": "Operator confirmed move complete about five minutes before 23:34:50 UTC, approximately 23:30 UTC. Conservative boundary is first inspection after initial completion report, 23:30:17 UTC; not an exact movement timestamp. Exclude earlier and overlapping captures.",
          "valid_from_utc_ns": 1790465417000000000,
          "valid_until_utc_ns": 9223372036854775807
        },
        "pose_authority_digest": "sha256:03e00d1aaaabf0c27244b9733335fd695c649fb2eb2479e7936e2516946ac1d3",
        "schema_version": 1,
        "session_id": "scan-fw-9c5f3143152db63d"
      },
      "pose_file_sha256": "sha256:4bea7099e2bff1e1811648677850d0965cf3faedda1b1bb5aed582f21ca3356c",
      "cache_sha256": "sha256:9cbc191cb8c26333a88155b03cc7d862de8df27521650eb7f265a575175c0f7d",
      "analysis_manifest_sha256": "sha256:085c831fbb136f3d9ebd567c4d06d72f1270c237f492c75a5bbe158b3482302d"
    }
  ],
  "readiness_sha256": "sha256:3af7487cec9a3ca2a537f6e7ca9514915c71f6134c20cdea08147ef519a1a0c1",
  "ds8_manifest_sha256": "sha256:33689ed731c176bff865d703ea0aaa2e5f2ef60168f3f150276ffc125fbbbc9b",
  "candidate_or_outcome_fields_inspected": false,
  "public_contract": "leo.contracts.scanner_tracking.TrackingInput"
}
