{
  "dataset_id": "DS8",
  "arm": "control",
  "state": "returned",
  "x": [
    -0.18205212517156819,
    0.6224969568272306,
    -0.43825726756316274,
    -0.7202024413497952,
    -0.40575148589262783,
    -1.3164415881189526,
    -0.6310254676191157,
    -0.9308922338894214,
    -0.056242956492759386,
    -0.47374529321442593
  ],
  "success": true,
  "message": "CONVERGENCE: RELATIVE REDUCTION OF F <= FACTR*EPSMCH",
  "boundary_hit": false,
  "gradient": [
    6.423931645116454e-05,
    0.0001462445942692625,
    0.00036524137622961916,
    0.00010009023913237769,
    -0.00035822938319540754,
    -3.0807026966783724e-05,
    -0.00015464834744349787,
    -8.135746192294846e-05,
    -0.000352867782339672,
    -3.5441056951412975e-05
  ],
  "training_log_score": -100715.25994025142,
  "evaluations": 11,
  "iterations": 1,
  "training_nondecreasing": true,
  "qualified": true,
  "original_qualified": true,
  "original_x": [
    -0.18205212848111066,
    0.6224969499722713,
    -0.43825728492694305,
    -0.7202024466997662,
    -0.40575146773707466,
    -1.3164415862662222,
    -0.6310254595588021,
    -0.9308922298476243,
    -0.05624293800542745,
    -0.47374529164593876
  ],
  "position_displacement_m": 7.612065287028531e-06,
  "estimate": {
    "latitude_deg": 37.86184824593576,
    "longitude_deg": -122.48644862038893
  },
  "held_log_score": -62052.62996060637
}
