[
  {
    "family": "iid",
    "scale": 100,
    "decay_s": 0,
    "id": "iid_s100_t0",
    "train": -95020.46249311544,
    "held": -59779.20390555362
  },
  {
    "family": "iid",
    "scale": 300,
    "decay_s": 0,
    "id": "iid_s300_t0",
    "train": -97468.65226395172,
    "held": -60799.27658084849
  },
  {
    "family": "iid",
    "scale": 1000,
    "decay_s": 0,
    "id": "iid_s1000_t0",
    "train": -109559.05727594082,
    "held": -68646.68319176753
  },
  {
    "family": "mvt",
    "scale": 100,
    "decay_s": 0,
    "id": "mvt_s100_t0",
    "train": -92085.09647518936,
    "held": -57105.09675563111
  },
  {
    "family": "mvt",
    "scale": 300,
    "decay_s": 0,
    "id": "mvt_s300_t0",
    "train": -93743.58515144199,
    "held": -57450.5652307874
  },
  {
    "family": "mvt",
    "scale": 1000,
    "decay_s": 0,
    "id": "mvt_s1000_t0",
    "train": -101886.20340978133,
    "held": -60811.15265560115
  },
  {
    "family": "mvt",
    "scale": 100,
    "decay_s": 1,
    "id": "mvt_s100_t1",
    "train": -89339.91482261833,
    "held": -53522.22404496894
  },
  {
    "family": "mvt",
    "scale": 300,
    "decay_s": 1,
    "id": "mvt_s300_t1",
    "train": -91063.42004069609,
    "held": -53909.144862003704
  },
  {
    "family": "mvt",
    "scale": 1000,
    "decay_s": 1,
    "id": "mvt_s1000_t1",
    "train": -99630.79242283398,
    "held": -57636.93113829978
  },
  {
    "family": "mvt",
    "scale": 100,
    "decay_s": 10,
    "id": "mvt_s100_t10",
    "train": -87007.26539099177,
    "held": -51888.70923617367
  },
  {
    "family": "mvt",
    "scale": 300,
    "decay_s": 10,
    "id": "mvt_s300_t10",
    "train": -87984.79462313332,
    "held": -52080.246164520424
  },
  {
    "family": "mvt",
    "scale": 1000,
    "decay_s": 10,
    "id": "mvt_s1000_t10",
    "train": -95701.57473273917,
    "held": -55063.751593943685
  },
  {
    "family": "mvt",
    "scale": 100,
    "decay_s": 60,
    "id": "mvt_s100_t60",
    "train": -88117.89369865194,
    "held": -52339.06834787075
  },
  {
    "family": "mvt",
    "scale": 300,
    "decay_s": 60,
    "id": "mvt_s300_t60",
    "train": -88307.90032301108,
    "held": -52481.98174240412
  },
  {
    "family": "mvt",
    "scale": 1000,
    "decay_s": 60,
    "id": "mvt_s1000_t60",
    "train": -94541.82147663903,
    "held": -54901.77229817677
  }
]
