[
  {
    "dataset": "DS7",
    "state": "returned",
    "frames": 56,
    "windows": 4,
    "strong_signal_frames": 50,
    "weak_signal_frames": 0,
    "arms": {
      "fixed_zero": {
        "held_gain_vs_fixed_zero_nats_per_frame": 0.0,
        "held_gain_vs_noise_nats_per_frame": 54.622059234913046,
        "scrambled_gain_vs_noise_nats_per_frame": -33.649162174965994,
        "positive_windows_vs_fixed_zero": 0
      },
      "ordinary_point": {
        "held_gain_vs_fixed_zero_nats_per_frame": -0.33741619447237425,
        "held_gain_vs_noise_nats_per_frame": 54.284643040440656,
        "scrambled_gain_vs_noise_nats_per_frame": -34.02994138569079,
        "positive_windows_vs_fixed_zero": 0
      },
      "frequency_mixture": {
        "held_gain_vs_fixed_zero_nats_per_frame": -0.11433990408439904,
        "held_gain_vs_noise_nats_per_frame": 54.50771933082862,
        "scrambled_gain_vs_noise_nats_per_frame": -33.14482688556008,
        "positive_windows_vs_fixed_zero": 2
      },
      "fixed_zero_null": {
        "held_gain_vs_fixed_zero_nats_per_frame": -0.03293968259746245,
        "held_gain_vs_noise_nats_per_frame": 54.589119552315594,
        "scrambled_gain_vs_noise_nats_per_frame": -25.103181267188276,
        "positive_windows_vs_fixed_zero": 0
      },
      "frequency_mixture_null": {
        "held_gain_vs_fixed_zero_nats_per_frame": -0.24188117849077378,
        "held_gain_vs_noise_nats_per_frame": 54.38017805642231,
        "scrambled_gain_vs_noise_nats_per_frame": -23.068255127471033,
        "positive_windows_vs_fixed_zero": 1
      }
    },
    "translated_domain_checks": 112,
    "max_translated_error": 1.8189894035458565e-12,
    "reliable_pairs": 100,
    "max_reliable_shift_error_hz": 3.601030584832188e-11,
    "max_all_shift_error_hz": 1.5470022276531381e-06,
    "prerequisite_passed": false
  },
  {
    "dataset": "DS8",
    "state": "returned",
    "frames": 56,
    "windows": 4,
    "strong_signal_frames": 52,
    "weak_signal_frames": 0,
    "arms": {
      "fixed_zero": {
        "held_gain_vs_fixed_zero_nats_per_frame": 0.0,
        "held_gain_vs_noise_nats_per_frame": 50.92204773503336,
        "scrambled_gain_vs_noise_nats_per_frame": -34.29831462068631,
        "positive_windows_vs_fixed_zero": 0
      },
      "ordinary_point": {
        "held_gain_vs_fixed_zero_nats_per_frame": 1.711048634733694,
        "held_gain_vs_noise_nats_per_frame": 52.63309636976696,
        "scrambled_gain_vs_noise_nats_per_frame": -35.86058585206111,
        "positive_windows_vs_fixed_zero": 2
      },
      "frequency_mixture": {
        "held_gain_vs_fixed_zero_nats_per_frame": 1.9730566640161797,
        "held_gain_vs_noise_nats_per_frame": 52.89510439904954,
        "scrambled_gain_vs_noise_nats_per_frame": -34.968906897258506,
        "positive_windows_vs_fixed_zero": 2
      },
      "fixed_zero_null": {
        "held_gain_vs_fixed_zero_nats_per_frame": -0.034490475375231915,
        "held_gain_vs_noise_nats_per_frame": 50.887557259658124,
        "scrambled_gain_vs_noise_nats_per_frame": -26.16009249372459,
        "positive_windows_vs_fixed_zero": 0
      },
      "frequency_mixture_null": {
        "held_gain_vs_fixed_zero_nats_per_frame": 1.9381451748759801,
        "held_gain_vs_noise_nats_per_frame": 52.860192909909344,
        "scrambled_gain_vs_noise_nats_per_frame": -25.898069411813303,
        "positive_windows_vs_fixed_zero": 2
      }
    },
    "translated_domain_checks": 112,
    "max_translated_error": 9.094947017729282e-13,
    "reliable_pairs": 104,
    "max_reliable_shift_error_hz": 8.993882261165709e-08,
    "max_all_shift_error_hz": 8.993882261165709e-08,
    "prerequisite_passed": true
  },
  {
    "dataset": "DS9",
    "state": "returned",
    "frames": 56,
    "windows": 4,
    "strong_signal_frames": 22,
    "weak_signal_frames": 34,
    "arms": {
      "fixed_zero": {
        "held_gain_vs_fixed_zero_nats_per_frame": 0.0,
        "held_gain_vs_noise_nats_per_frame": 58.8194882934271,
        "scrambled_gain_vs_noise_nats_per_frame": -38.013701471181804,
        "positive_windows_vs_fixed_zero": 0
      },
      "ordinary_point": {
        "held_gain_vs_fixed_zero_nats_per_frame": 0.8741919535654493,
        "held_gain_vs_noise_nats_per_frame": 59.69368024699257,
        "scrambled_gain_vs_noise_nats_per_frame": -39.79134583427862,
        "positive_windows_vs_fixed_zero": 2
      },
      "frequency_mixture": {
        "held_gain_vs_fixed_zero_nats_per_frame": 1.8585672544346445,
        "held_gain_vs_noise_nats_per_frame": 60.678055547861774,
        "scrambled_gain_vs_noise_nats_per_frame": -37.57542468094774,
        "positive_windows_vs_fixed_zero": 3
      },
      "fixed_zero_null": {
        "held_gain_vs_fixed_zero_nats_per_frame": 0.47599615678955487,
        "held_gain_vs_noise_nats_per_frame": 59.295484450216684,
        "scrambled_gain_vs_noise_nats_per_frame": -34.04412453827541,
        "positive_windows_vs_fixed_zero": 3
      },
      "frequency_mixture_null": {
        "held_gain_vs_fixed_zero_nats_per_frame": 2.1038807836713596,
        "held_gain_vs_noise_nats_per_frame": 60.9233690770985,
        "scrambled_gain_vs_noise_nats_per_frame": -34.35792963755516,
        "positive_windows_vs_fixed_zero": 3
      }
    },
    "translated_domain_checks": 112,
    "max_translated_error": 1.8189894035458565e-12,
    "reliable_pairs": 44,
    "max_reliable_shift_error_hz": 5.229594535194337e-12,
    "max_all_shift_error_hz": 952.5542876591886,
    "prerequisite_passed": true
  }
]
