[
  {
    "dataset": "DS8",
    "comparison": "all24",
    "tracks": 485,
    "held_observations": 8959,
    "held_delta": -179.57721962889354,
    "gross_loss": 864.127796684835,
    "gross_gain": 684.5505770559414,
    "positive_tracks": 210,
    "map_changed_tracks": 15,
    "same_map_held_delta": -148.8143789615883,
    "changed_map_held_delta": -30.762840667305284,
    "top_decile_count": 49,
    "training_ranked_gross_loss_share": 0.46259091690242077,
    "held_ranked_gross_loss_share": 0.5150873642082875,
    "training_ranked_held_delta": -399.73766978930644,
    "direction_ranked_positive_gradient_share": 0.4939240190092681,
    "position_gradient_sum": [
      -156.3494184069063,
      254.13033226787914
    ]
  },
  {
    "dataset": "DS8",
    "comparison": "transfer",
    "tracks": 485,
    "held_observations": 8959,
    "held_delta": -523.4981740905498,
    "gross_loss": 1544.9176139893457,
    "gross_gain": 1021.4194398987959,
    "positive_tracks": 201,
    "map_changed_tracks": 28,
    "same_map_held_delta": -463.8848240384997,
    "changed_map_held_delta": -59.613350052050066,
    "top_decile_count": 49,
    "training_ranked_gross_loss_share": 0.44758271450066656,
    "held_ranked_gross_loss_share": 0.5148633576513025,
    "training_ranked_held_delta": -689.3249931339318,
    "direction_ranked_positive_gradient_share": 0.48703974956196494,
    "position_gradient_sum": [
      -323.8690040629636,
      365.834126026736
    ]
  }
]
