{
  "LT3D-003A": {
    "included_angle_deg": 30.0,
    "spacing_mm": 120.0,
    "axis_height_mm": 115.0,
    "mount_bounds_mm": {
      "min": [
        -86.72158807901037,
        -65.00000010000005,
        -1.0000000711929161e-07
      ],
      "max": [
        86.72158807901037,
        35.00000010000005,
        132.91893368546968
      ],
      "size": [
        173.44317615802075,
        100.0000002000001,
        132.91893378546968
      ]
    },
    "mount_volume_cm3": 163.42144485729952,
    "checks": {
      "compact-50": {
        "pair_gap_mm": 38.05723282221889,
        "pair_intersection_mm3": 0,
        "receivers": [
          {
            "side": -1,
            "minimum_z_mm": 31.343390494814066,
            "non_neck_mount_gap_mm": 5.93146830133733,
            "non_neck_intersection_mm3": 0,
            "neck_interference_mm3": 103.61439298399955,
            "connector_mount_gap_mm": 31.60744703290713
          },
          {
            "side": 1,
            "minimum_z_mm": 31.343390494814066,
            "non_neck_mount_gap_mm": 5.9314683013373255,
            "non_neck_intersection_mm3": 0,
            "neck_interference_mm3": 103.61439298399563,
            "connector_mount_gap_mm": 31.60744703290713
          }
        ]
      },
      "wide-60": {
        "pair_gap_mm": 23.221593657277793,
        "pair_intersection_mm3": 0,
        "receivers": [
          {
            "side": -1,
            "minimum_z_mm": 21.68413223192338,
            "non_neck_mount_gap_mm": 5.793674710035047,
            "non_neck_intersection_mm3": 0,
            "neck_interference_mm3": 103.61439298399955,
            "connector_mount_gap_mm": 23.776502404681455
          },
          {
            "side": 1,
            "minimum_z_mm": 21.68413223192338,
            "non_neck_mount_gap_mm": 5.79367471003505,
            "non_neck_intersection_mm3": 0,
            "neck_interference_mm3": 103.61439298399563,
            "connector_mount_gap_mm": 23.77650240468146
          }
        ]
      }
    }
  },
  "LT3D-003B": {
    "included_angle_deg": 40.0,
    "spacing_mm": 120.0,
    "axis_height_mm": 115.0,
    "mount_bounds_mm": {
      "min": [
        -87.07862999129955,
        -65.00000010000004,
        -1.0000000711929161e-07
      ],
      "max": [
        87.07862999129955,
        35.000000100000044,
        134.63830499429494
      ],
      "size": [
        174.1572599825991,
        100.00000020000007,
        134.63830509429494
      ]
    },
    "mount_volume_cm3": 163.38852103899328,
    "checks": {
      "compact-50": {
        "pair_gap_mm": 28.552750328367644,
        "pair_intersection_mm3": 0,
        "receivers": [
          {
            "side": -1,
            "minimum_z_mm": 33.07400637324376,
            "non_neck_mount_gap_mm": 3.9994518188966115,
            "non_neck_intersection_mm3": 0,
            "neck_interference_mm3": 103.61439298399713,
            "connector_mount_gap_mm": 30.706107611303374
          },
          {
            "side": 1,
            "minimum_z_mm": 33.07400637324376,
            "non_neck_mount_gap_mm": 3.9994518188966066,
            "non_neck_intersection_mm3": 0,
            "neck_interference_mm3": 103.6143929839938,
            "connector_mount_gap_mm": 30.706107611303374
          }
        ]
      },
      "wide-60": {
        "pair_gap_mm": 12.31542125399519,
        "pair_intersection_mm3": 0,
        "receivers": [
          {
            "side": -1,
            "minimum_z_mm": 23.677080165384684,
            "non_neck_mount_gap_mm": 3.5651374741806188,
            "non_neck_intersection_mm3": 0,
            "neck_interference_mm3": 103.61439298399713,
            "connector_mount_gap_mm": 20.8406046104085
          },
          {
            "side": 1,
            "minimum_z_mm": 23.67708016538468,
            "non_neck_mount_gap_mm": 3.5651374741806325,
            "non_neck_intersection_mm3": 0,
            "neck_interference_mm3": 103.6143929839938,
            "connector_mount_gap_mm": 20.8406046104085
          }
        ]
      }
    }
  }
}
