
> leo-tracker-web@0.1.0 qualify:release
> vitest run && tsc -b && vite build --outDir /srv/bulk/leo-build-cache/tmp/leo-release-qualification-714vqqlq/web-dist


 RUN  v3.2.7 /srv/bulk/leo-build-cache/tmp/leo-release-qualification-714vqqlq/web

 ✓ report-assets.test.js (4 tests) 5ms
 ✓ src/sky-interaction.test.ts (2 tests) 4ms
 ✓ src/sky-interpolate.test.ts (22 tests) 15ms
 ✓ src/ScannerGlrtPanel.test.tsx (23 tests) 229ms
stderr | src/SkyView.test.tsx > Sky interface > shows the element-set provenance rather than presenting the sky anonymously
Error: Not implemented: HTMLCanvasElement.prototype.getContext (without installing the canvas npm package)
    at module.exports (/srv/bulk/leo-build-cache/tmp/leo-release-qualification-714vqqlq/web/node_modules/jsdom/lib/jsdom/browser/not-implemented.js:9:17)
    at HTMLCanvasElementImpl.getContext (/srv/bulk/leo-build-cache/tmp/leo-release-qualification-714vqqlq/web/node_modules/jsdom/lib/jsdom/living/nodes/HTMLCanvasElement-impl.js:42:5)
    at HTMLCanvasElement.getContext (/srv/bulk/leo-build-cache/tmp/leo-release-qualification-714vqqlq/web/node_modules/jsdom/lib/jsdom/living/generated/HTMLCanvasElement.js:131:58)
    at getContext (file:///srv/bulk/leo-build-cache/tmp/leo-release-qualification-714vqqlq/web/node_modules/three/build/three.module.js:16360:18)
    at new WebGLRenderer (file:///srv/bulk/leo-build-cache/tmp/leo-release-qualification-714vqqlq/web/node_modules/three/build/three.module.js:16389:11)
    at createGlobeScene (/srv/bulk/leo-build-cache/tmp/leo-release-qualification-714vqqlq/web/src/SkyView.tsx:811:16)
    at /srv/bulk/leo-build-cache/tmp/leo-release-qualification-714vqqlq/web/src/SkyView.tsx:367:21
    at Object.react_stack_bottom_frame (/srv/bulk/leo-build-cache/tmp/leo-release-qualification-714vqqlq/web/node_modules/react-dom/cjs/react-dom-client.development.js:25989:20)
    at runWithFiberInDEV (/srv/bulk/leo-build-cache/tmp/leo-release-qualification-714vqqlq/web/node_modules/react-dom/cjs/react-dom-client.development.js:874:13)
    at commitHookEffectListMount (/srv/bulk/leo-build-cache/tmp/leo-release-qualification-714vqqlq/web/node_modules/react-dom/cjs/react-dom-client.development.js:13249:29) [90mundefined[39m
Error: Not implemented: HTMLCanvasElement.prototype.getContext (without installing the canvas npm package)
    at module.exports (/srv/bulk/leo-build-cache/tmp/leo-release-qualification-714vqqlq/web/node_modules/jsdom/lib/jsdom/browser/not-implemented.js:9:17)
    at HTMLCanvasElementImpl.getContext (/srv/bulk/leo-build-cache/tmp/leo-release-qualification-714vqqlq/web/node_modules/jsdom/lib/jsdom/living/nodes/HTMLCanvasElement-impl.js:42:5)
    at HTMLCanvasElement.getContext (/srv/bulk/leo-build-cache/tmp/leo-release-qualification-714vqqlq/web/node_modules/jsdom/lib/jsdom/living/generated/HTMLCanvasElement.js:131:58)
    at getContext (file:///srv/bulk/leo-build-cache/tmp/leo-release-qualification-714vqqlq/web/node_modules/three/build/three.module.js:16360:18)
    at new WebGLRenderer (file:///srv/bulk/leo-build-cache/tmp/leo-release-qualification-714vqqlq/web/node_modules/three/build/three.module.js:16393:11)
    at createGlobeScene (/srv/bulk/leo-build-cache/tmp/leo-release-qualification-714vqqlq/web/src/SkyView.tsx:811:16)
    at /srv/bulk/leo-build-cache/tmp/leo-release-qualification-714vqqlq/web/src/SkyView.tsx:367:21
    at Object.react_stack_bottom_frame (/srv/bulk/leo-build-cache/tmp/leo-release-qualification-714vqqlq/web/node_modules/react-dom/cjs/react-dom-client.development.js:25989:20)
    at runWithFiberInDEV (/srv/bulk/leo-build-cache/tmp/leo-release-qualification-714vqqlq/web/node_modules/react-dom/cjs/react-dom-client.development.js:874:13)
    at commitHookEffectListMount (/srv/bulk/leo-build-cache/tmp/leo-release-qualification-714vqqlq/web/node_modules/react-dom/cjs/react-dom-client.development.js:13249:29) [90mundefined[39m
THREE.WebGLRenderer: THREE.WebGLRenderer: Error creating WebGL context.

 ✓ src/TleView.test.tsx (2 tests) 107ms
 ✓ src/ScannerRefinementPanel.test.tsx (3 tests) 104ms
stderr | src/SkyView.test.tsx > Sky interface > reports how many objects are drawn and that the rest are not
Error: Not implemented: HTMLCanvasElement.prototype.getContext (without installing the canvas npm package)
    at module.exports (/srv/bulk/leo-build-cache/tmp/leo-release-qualification-714vqqlq/web/node_modules/jsdom/lib/jsdom/browser/not-implemented.js:9:17)
    at HTMLCanvasElementImpl.getContext (/srv/bulk/leo-build-cache/tmp/leo-release-qualification-714vqqlq/web/node_modules/jsdom/lib/jsdom/living/nodes/HTMLCanvasElement-impl.js:42:5)
    at HTMLCanvasElement.getContext (/srv/bulk/leo-build-cache/tmp/leo-release-qualification-714vqqlq/web/node_modules/jsdom/lib/jsdom/living/generated/HTMLCanvasElement.js:131:58)
    at getContext (file:///srv/bulk/leo-build-cache/tmp/leo-release-qualification-714vqqlq/web/node_modules/three/build/three.module.js:16360:18)
    at new WebGLRenderer (file:///srv/bulk/leo-build-cache/tmp/leo-release-qualification-714vqqlq/web/node_modules/three/build/three.module.js:16389:11)
    at createGlobeScene (/srv/bulk/leo-build-cache/tmp/leo-release-qualification-714vqqlq/web/src/SkyView.tsx:811:16)
    at /srv/bulk/leo-build-cache/tmp/leo-release-qualification-714vqqlq/web/src/SkyView.tsx:367:21
    at Object.react_stack_bottom_frame (/srv/bulk/leo-build-cache/tmp/leo-release-qualification-714vqqlq/web/node_modules/react-dom/cjs/react-dom-client.development.js:25989:20)
    at runWithFiberInDEV (/srv/bulk/leo-build-cache/tmp/leo-release-qualification-714vqqlq/web/node_modules/react-dom/cjs/react-dom-client.development.js:874:13)
    at commitHookEffectListMount (/srv/bulk/leo-build-cache/tmp/leo-release-qualification-714vqqlq/web/node_modules/react-dom/cjs/react-dom-client.development.js:13249:29) [90mundefined[39m
Error: Not implemented: HTMLCanvasElement.prototype.getContext (without installing the canvas npm package)
    at module.exports (/srv/bulk/leo-build-cache/tmp/leo-release-qualification-714vqqlq/web/node_modules/jsdom/lib/jsdom/browser/not-implemented.js:9:17)
    at HTMLCanvasElementImpl.getContext (/srv/bulk/leo-build-cache/tmp/leo-release-qualification-714vqqlq/web/node_modules/jsdom/lib/jsdom/living/nodes/HTMLCanvasElement-impl.js:42:5)
    at HTMLCanvasElement.getContext (/srv/bulk/leo-build-cache/tmp/leo-release-qualification-714vqqlq/web/node_modules/jsdom/lib/jsdom/living/generated/HTMLCanvasElement.js:131:58)
    at getContext (file:///srv/bulk/leo-build-cache/tmp/leo-release-qualification-714vqqlq/web/node_modules/three/build/three.module.js:16360:18)
    at new WebGLRenderer (file:///srv/bulk/leo-build-cache/tmp/leo-release-qualification-714vqqlq/web/node_modules/three/build/three.module.js:16393:11)
    at createGlobeScene (/srv/bulk/leo-build-cache/tmp/leo-release-qualification-714vqqlq/web/src/SkyView.tsx:811:16)
    at /srv/bulk/leo-build-cache/tmp/leo-release-qualification-714vqqlq/web/src/SkyView.tsx:367:21
    at Object.react_stack_bottom_frame (/srv/bulk/leo-build-cache/tmp/leo-release-qualification-714vqqlq/web/node_modules/react-dom/cjs/react-dom-client.development.js:25989:20)
    at runWithFiberInDEV (/srv/bulk/leo-build-cache/tmp/leo-release-qualification-714vqqlq/web/node_modules/react-dom/cjs/react-dom-client.development.js:874:13)
    at commitHookEffectListMount (/srv/bulk/leo-build-cache/tmp/leo-release-qualification-714vqqlq/web/node_modules/react-dom/cjs/react-dom-client.development.js:13249:29) [90mundefined[39m
THREE.WebGLRenderer: THREE.WebGLRenderer: Error creating WebGL context.

stderr | src/SkyView.test.tsx > Sky interface > states that the view is predicted, not observed
Error: Not implemented: HTMLCanvasElement.prototype.getContext (without installing the canvas npm package)
    at module.exports (/srv/bulk/leo-build-cache/tmp/leo-release-qualification-714vqqlq/web/node_modules/jsdom/lib/jsdom/browser/not-implemented.js:9:17)
    at HTMLCanvasElementImpl.getContext (/srv/bulk/leo-build-cache/tmp/leo-release-qualification-714vqqlq/web/node_modules/jsdom/lib/jsdom/living/nodes/HTMLCanvasElement-impl.js:42:5)
    at HTMLCanvasElement.getContext (/srv/bulk/leo-build-cache/tmp/leo-release-qualification-714vqqlq/web/node_modules/jsdom/lib/jsdom/living/generated/HTMLCanvasElement.js:131:58)
    at getContext (file:///srv/bulk/leo-build-cache/tmp/leo-release-qualification-714vqqlq/web/node_modules/three/build/three.module.js:16360:18)
    at new WebGLRenderer (file:///srv/bulk/leo-build-cache/tmp/leo-release-qualification-714vqqlq/web/node_modules/three/build/three.module.js:16389:11)
    at createGlobeScene (/srv/bulk/leo-build-cache/tmp/leo-release-qualification-714vqqlq/web/src/SkyView.tsx:811:16)
    at /srv/bulk/leo-build-cache/tmp/leo-release-qualification-714vqqlq/web/src/SkyView.tsx:367:21
    at Object.react_stack_bottom_frame (/srv/bulk/leo-build-cache/tmp/leo-release-qualification-714vqqlq/web/node_modules/react-dom/cjs/react-dom-client.development.js:25989:20)
    at runWithFiberInDEV (/srv/bulk/leo-build-cache/tmp/leo-release-qualification-714vqqlq/web/node_modules/react-dom/cjs/react-dom-client.development.js:874:13)
    at commitHookEffectListMount (/srv/bulk/leo-build-cache/tmp/leo-release-qualification-714vqqlq/web/node_modules/react-dom/cjs/react-dom-client.development.js:13249:29) [90mundefined[39m
Error: Not implemented: HTMLCanvasElement.prototype.getContext (without installing the canvas npm package)
    at module.exports (/srv/bulk/leo-build-cache/tmp/leo-release-qualification-714vqqlq/web/node_modules/jsdom/lib/jsdom/browser/not-implemented.js:9:17)
    at HTMLCanvasElementImpl.getContext (/srv/bulk/leo-build-cache/tmp/leo-release-qualification-714vqqlq/web/node_modules/jsdom/lib/jsdom/living/nodes/HTMLCanvasElement-impl.js:42:5)
    at HTMLCanvasElement.getContext (/srv/bulk/leo-build-cache/tmp/leo-release-qualification-714vqqlq/web/node_modules/jsdom/lib/jsdom/living/generated/HTMLCanvasElement.js:131:58)
    at getContext (file:///srv/bulk/leo-build-cache/tmp/leo-release-qualification-714vqqlq/web/node_modules/three/build/three.module.js:16360:18)
    at new WebGLRenderer (file:///srv/bulk/leo-build-cache/tmp/leo-release-qualification-714vqqlq/web/node_modules/three/build/three.module.js:16393:11)
    at createGlobeScene (/srv/bulk/leo-build-cache/tmp/leo-release-qualification-714vqqlq/web/src/SkyView.tsx:811:16)
    at /srv/bulk/leo-build-cache/tmp/leo-release-qualification-714vqqlq/web/src/SkyView.tsx:367:21
    at Object.react_stack_bottom_frame (/srv/bulk/leo-build-cache/tmp/leo-release-qualification-714vqqlq/web/node_modules/react-dom/cjs/react-dom-client.development.js:25989:20)
    at runWithFiberInDEV (/srv/bulk/leo-build-cache/tmp/leo-release-qualification-714vqqlq/web/node_modules/react-dom/cjs/react-dom-client.development.js:874:13)
    at commitHookEffectListMount (/srv/bulk/leo-build-cache/tmp/leo-release-qualification-714vqqlq/web/node_modules/react-dom/cjs/react-dom-client.development.js:13249:29) [90mundefined[39m
THREE.WebGLRenderer: THREE.WebGLRenderer: Error creating WebGL context.

stderr | src/SkyView.test.tsx > Sky interface > centres a 120 second slider on the anchor and moves the displayed instant
Error: Not implemented: HTMLCanvasElement.prototype.getContext (without installing the canvas npm package)
    at module.exports (/srv/bulk/leo-build-cache/tmp/leo-release-qualification-714vqqlq/web/node_modules/jsdom/lib/jsdom/browser/not-implemented.js:9:17)
    at HTMLCanvasElementImpl.getContext (/srv/bulk/leo-build-cache/tmp/leo-release-qualification-714vqqlq/web/node_modules/jsdom/lib/jsdom/living/nodes/HTMLCanvasElement-impl.js:42:5)
    at HTMLCanvasElement.getContext (/srv/bulk/leo-build-cache/tmp/leo-release-qualification-714vqqlq/web/node_modules/jsdom/lib/jsdom/living/generated/HTMLCanvasElement.js:131:58)
    at getContext (file:///srv/bulk/leo-build-cache/tmp/leo-release-qualification-714vqqlq/web/node_modules/three/build/three.module.js:16360:18)
    at new WebGLRenderer (file:///srv/bulk/leo-build-cache/tmp/leo-release-qualification-714vqqlq/web/node_modules/three/build/three.module.js:16389:11)
    at createGlobeScene (/srv/bulk/leo-build-cache/tmp/leo-release-qualification-714vqqlq/web/src/SkyView.tsx:811:16)
    at /srv/bulk/leo-build-cache/tmp/leo-release-qualification-714vqqlq/web/src/SkyView.tsx:367:21
    at Object.react_stack_bottom_frame (/srv/bulk/leo-build-cache/tmp/leo-release-qualification-714vqqlq/web/node_modules/react-dom/cjs/react-dom-client.development.js:25989:20)
    at runWithFiberInDEV (/srv/bulk/leo-build-cache/tmp/leo-release-qualification-714vqqlq/web/node_modules/react-dom/cjs/react-dom-client.development.js:874:13)
    at commitHookEffectListMount (/srv/bulk/leo-build-cache/tmp/leo-release-qualification-714vqqlq/web/node_modules/react-dom/cjs/react-dom-client.development.js:13249:29) [90mundefined[39m
Error: Not implemented: HTMLCanvasElement.prototype.getContext (without installing the canvas npm package)
    at module.exports (/srv/bulk/leo-build-cache/tmp/leo-release-qualification-714vqqlq/web/node_modules/jsdom/lib/jsdom/browser/not-implemented.js:9:17)
    at HTMLCanvasElementImpl.getContext (/srv/bulk/leo-build-cache/tmp/leo-release-qualification-714vqqlq/web/node_modules/jsdom/lib/jsdom/living/nodes/HTMLCanvasElement-impl.js:42:5)
    at HTMLCanvasElement.getContext (/srv/bulk/leo-build-cache/tmp/leo-release-qualification-714vqqlq/web/node_modules/jsdom/lib/jsdom/living/generated/HTMLCanvasElement.js:131:58)
    at getContext (file:///srv/bulk/leo-build-cache/tmp/leo-release-qualification-714vqqlq/web/node_modules/three/build/three.module.js:16360:18)
    at new WebGLRenderer (file:///srv/bulk/leo-build-cache/tmp/leo-release-qualification-714vqqlq/web/node_modules/three/build/three.module.js:16393:11)
    at createGlobeScene (/srv/bulk/leo-build-cache/tmp/leo-release-qualification-714vqqlq/web/src/SkyView.tsx:811:16)
    at /srv/bulk/leo-build-cache/tmp/leo-release-qualification-714vqqlq/web/src/SkyView.tsx:367:21
    at Object.react_stack_bottom_frame (/srv/bulk/leo-build-cache/tmp/leo-release-qualification-714vqqlq/web/node_modules/react-dom/cjs/react-dom-client.development.js:25989:20)
    at runWithFiberInDEV (/srv/bulk/leo-build-cache/tmp/leo-release-qualification-714vqqlq/web/node_modules/react-dom/cjs/react-dom-client.development.js:874:13)
    at commitHookEffectListMount (/srv/bulk/leo-build-cache/tmp/leo-release-qualification-714vqqlq/web/node_modules/react-dom/cjs/react-dom-client.development.js:13249:29) [90mundefined[39m
THREE.WebGLRenderer: THREE.WebGLRenderer: Error creating WebGL context.

stderr | src/SkyView.test.tsx > Sky interface > refuses an unparsable anchor instead of silently keeping the old one
Error: Not implemented: HTMLCanvasElement.prototype.getContext (without installing the canvas npm package)
    at module.exports (/srv/bulk/leo-build-cache/tmp/leo-release-qualification-714vqqlq/web/node_modules/jsdom/lib/jsdom/browser/not-implemented.js:9:17)
    at HTMLCanvasElementImpl.getContext (/srv/bulk/leo-build-cache/tmp/leo-release-qualification-714vqqlq/web/node_modules/jsdom/lib/jsdom/living/nodes/HTMLCanvasElement-impl.js:42:5)
    at HTMLCanvasElement.getContext (/srv/bulk/leo-build-cache/tmp/leo-release-qualification-714vqqlq/web/node_modules/jsdom/lib/jsdom/living/generated/HTMLCanvasElement.js:131:58)
    at getContext (file:///srv/bulk/leo-build-cache/tmp/leo-release-qualification-714vqqlq/web/node_modules/three/build/three.module.js:16360:18)
    at new WebGLRenderer (file:///srv/bulk/leo-build-cache/tmp/leo-release-qualification-714vqqlq/web/node_modules/three/build/three.module.js:16389:11)
    at createGlobeScene (/srv/bulk/leo-build-cache/tmp/leo-release-qualification-714vqqlq/web/src/SkyView.tsx:811:16)
    at /srv/bulk/leo-build-cache/tmp/leo-release-qualification-714vqqlq/web/src/SkyView.tsx:367:21
    at Object.react_stack_bottom_frame (/srv/bulk/leo-build-cache/tmp/leo-release-qualification-714vqqlq/web/node_modules/react-dom/cjs/react-dom-client.development.js:25989:20)
    at runWithFiberInDEV (/srv/bulk/leo-build-cache/tmp/leo-release-qualification-714vqqlq/web/node_modules/react-dom/cjs/react-dom-client.development.js:874:13)
    at commitHookEffectListMount (/srv/bulk/leo-build-cache/tmp/leo-release-qualification-714vqqlq/web/node_modules/react-dom/cjs/react-dom-client.development.js:13249:29) [90mundefined[39m
Error: Not implemented: HTMLCanvasElement.prototype.getContext (without installing the canvas npm package)
    at module.exports (/srv/bulk/leo-build-cache/tmp/leo-release-qualification-714vqqlq/web/node_modules/jsdom/lib/jsdom/browser/not-implemented.js:9:17)
    at HTMLCanvasElementImpl.getContext (/srv/bulk/leo-build-cache/tmp/leo-release-qualification-714vqqlq/web/node_modules/jsdom/lib/jsdom/living/nodes/HTMLCanvasElement-impl.js:42:5)
    at HTMLCanvasElement.getContext (/srv/bulk/leo-build-cache/tmp/leo-release-qualification-714vqqlq/web/node_modules/jsdom/lib/jsdom/living/generated/HTMLCanvasElement.js:131:58)
    at getContext (file:///srv/bulk/leo-build-cache/tmp/leo-release-qualification-714vqqlq/web/node_modules/three/build/three.module.js:16360:18)
    at new WebGLRenderer (file:///srv/bulk/leo-build-cache/tmp/leo-release-qualification-714vqqlq/web/node_modules/three/build/three.module.js:16393:11)
    at createGlobeScene (/srv/bulk/leo-build-cache/tmp/leo-release-qualification-714vqqlq/web/src/SkyView.tsx:811:16)
    at /srv/bulk/leo-build-cache/tmp/leo-release-qualification-714vqqlq/web/src/SkyView.tsx:367:21
    at Object.react_stack_bottom_frame (/srv/bulk/leo-build-cache/tmp/leo-release-qualification-714vqqlq/web/node_modules/react-dom/cjs/react-dom-client.development.js:25989:20)
    at runWithFiberInDEV (/srv/bulk/leo-build-cache/tmp/leo-release-qualification-714vqqlq/web/node_modules/react-dom/cjs/react-dom-client.development.js:874:13)
    at commitHookEffectListMount (/srv/bulk/leo-build-cache/tmp/leo-release-qualification-714vqqlq/web/node_modules/react-dom/cjs/react-dom-client.development.js:13249:29) [90mundefined[39m
THREE.WebGLRenderer: THREE.WebGLRenderer: Error creating WebGL context.

stderr | src/SkyView.test.tsx > Sky interface > requires a position before it will look up from one
Error: Not implemented: HTMLCanvasElement.prototype.getContext (without installing the canvas npm package)
    at module.exports (/srv/bulk/leo-build-cache/tmp/leo-release-qualification-714vqqlq/web/node_modules/jsdom/lib/jsdom/browser/not-implemented.js:9:17)
    at HTMLCanvasElementImpl.getContext (/srv/bulk/leo-build-cache/tmp/leo-release-qualification-714vqqlq/web/node_modules/jsdom/lib/jsdom/living/nodes/HTMLCanvasElement-impl.js:42:5)
    at HTMLCanvasElement.getContext (/srv/bulk/leo-build-cache/tmp/leo-release-qualification-714vqqlq/web/node_modules/jsdom/lib/jsdom/living/generated/HTMLCanvasElement.js:131:58)
    at getContext (file:///srv/bulk/leo-build-cache/tmp/leo-release-qualification-714vqqlq/web/node_modules/three/build/three.module.js:16360:18)
    at new WebGLRenderer (file:///srv/bulk/leo-build-cache/tmp/leo-release-qualification-714vqqlq/web/node_modules/three/build/three.module.js:16389:11)
    at createGlobeScene (/srv/bulk/leo-build-cache/tmp/leo-release-qualification-714vqqlq/web/src/SkyView.tsx:811:16)
    at /srv/bulk/leo-build-cache/tmp/leo-release-qualification-714vqqlq/web/src/SkyView.tsx:367:21
    at Object.react_stack_bottom_frame (/srv/bulk/leo-build-cache/tmp/leo-release-qualification-714vqqlq/web/node_modules/react-dom/cjs/react-dom-client.development.js:25989:20)
    at runWithFiberInDEV (/srv/bulk/leo-build-cache/tmp/leo-release-qualification-714vqqlq/web/node_modules/react-dom/cjs/react-dom-client.development.js:874:13)
    at commitHookEffectListMount (/srv/bulk/leo-build-cache/tmp/leo-release-qualification-714vqqlq/web/node_modules/react-dom/cjs/react-dom-client.development.js:13249:29) [90mundefined[39m
Error: Not implemented: HTMLCanvasElement.prototype.getContext (without installing the canvas npm package)
    at module.exports (/srv/bulk/leo-build-cache/tmp/leo-release-qualification-714vqqlq/web/node_modules/jsdom/lib/jsdom/browser/not-implemented.js:9:17)
    at HTMLCanvasElementImpl.getContext (/srv/bulk/leo-build-cache/tmp/leo-release-qualification-714vqqlq/web/node_modules/jsdom/lib/jsdom/living/nodes/HTMLCanvasElement-impl.js:42:5)
    at HTMLCanvasElement.getContext (/srv/bulk/leo-build-cache/tmp/leo-release-qualification-714vqqlq/web/node_modules/jsdom/lib/jsdom/living/generated/HTMLCanvasElement.js:131:58)
    at getContext (file:///srv/bulk/leo-build-cache/tmp/leo-release-qualification-714vqqlq/web/node_modules/three/build/three.module.js:16360:18)
    at new WebGLRenderer (file:///srv/bulk/leo-build-cache/tmp/leo-release-qualification-714vqqlq/web/node_modules/three/build/three.module.js:16393:11)
    at createGlobeScene (/srv/bulk/leo-build-cache/tmp/leo-release-qualification-714vqqlq/web/src/SkyView.tsx:811:16)
    at /srv/bulk/leo-build-cache/tmp/leo-release-qualification-714vqqlq/web/src/SkyView.tsx:367:21
    at Object.react_stack_bottom_frame (/srv/bulk/leo-build-cache/tmp/leo-release-qualification-714vqqlq/web/node_modules/react-dom/cjs/react-dom-client.development.js:25989:20)
    at runWithFiberInDEV (/srv/bulk/leo-build-cache/tmp/leo-release-qualification-714vqqlq/web/node_modules/react-dom/cjs/react-dom-client.development.js:874:13)
    at commitHookEffectListMount (/srv/bulk/leo-build-cache/tmp/leo-release-qualification-714vqqlq/web/node_modules/react-dom/cjs/react-dom-client.development.js:13249:29) [90mundefined[39m
THREE.WebGLRenderer: THREE.WebGLRenderer: Error creating WebGL context.

 ✓ src/AdaptiveAnalysisPanel.test.tsx (19 tests) 200ms
stderr | src/SkyView.test.tsx > Sky interface > rejects an out of range latitude
Error: Not implemented: HTMLCanvasElement.prototype.getContext (without installing the canvas npm package)
    at module.exports (/srv/bulk/leo-build-cache/tmp/leo-release-qualification-714vqqlq/web/node_modules/jsdom/lib/jsdom/browser/not-implemented.js:9:17)
    at HTMLCanvasElementImpl.getContext (/srv/bulk/leo-build-cache/tmp/leo-release-qualification-714vqqlq/web/node_modules/jsdom/lib/jsdom/living/nodes/HTMLCanvasElement-impl.js:42:5)
    at HTMLCanvasElement.getContext (/srv/bulk/leo-build-cache/tmp/leo-release-qualification-714vqqlq/web/node_modules/jsdom/lib/jsdom/living/generated/HTMLCanvasElement.js:131:58)
    at getContext (file:///srv/bulk/leo-build-cache/tmp/leo-release-qualification-714vqqlq/web/node_modules/three/build/three.module.js:16360:18)
    at new WebGLRenderer (file:///srv/bulk/leo-build-cache/tmp/leo-release-qualification-714vqqlq/web/node_modules/three/build/three.module.js:16389:11)
    at createGlobeScene (/srv/bulk/leo-build-cache/tmp/leo-release-qualification-714vqqlq/web/src/SkyView.tsx:811:16)
    at /srv/bulk/leo-build-cache/tmp/leo-release-qualification-714vqqlq/web/src/SkyView.tsx:367:21
    at Object.react_stack_bottom_frame (/srv/bulk/leo-build-cache/tmp/leo-release-qualification-714vqqlq/web/node_modules/react-dom/cjs/react-dom-client.development.js:25989:20)
    at runWithFiberInDEV (/srv/bulk/leo-build-cache/tmp/leo-release-qualification-714vqqlq/web/node_modules/react-dom/cjs/react-dom-client.development.js:874:13)
    at commitHookEffectListMount (/srv/bulk/leo-build-cache/tmp/leo-release-qualification-714vqqlq/web/node_modules/react-dom/cjs/react-dom-client.development.js:13249:29) [90mundefined[39m
Error: Not implemented: HTMLCanvasElement.prototype.getContext (without installing the canvas npm package)
    at module.exports (/srv/bulk/leo-build-cache/tmp/leo-release-qualification-714vqqlq/web/node_modules/jsdom/lib/jsdom/browser/not-implemented.js:9:17)
    at HTMLCanvasElementImpl.getContext (/srv/bulk/leo-build-cache/tmp/leo-release-qualification-714vqqlq/web/node_modules/jsdom/lib/jsdom/living/nodes/HTMLCanvasElement-impl.js:42:5)
    at HTMLCanvasElement.getContext (/srv/bulk/leo-build-cache/tmp/leo-release-qualification-714vqqlq/web/node_modules/jsdom/lib/jsdom/living/generated/HTMLCanvasElement.js:131:58)
    at getContext (file:///srv/bulk/leo-build-cache/tmp/leo-release-qualification-714vqqlq/web/node_modules/three/build/three.module.js:16360:18)
    at new WebGLRenderer (file:///srv/bulk/leo-build-cache/tmp/leo-release-qualification-714vqqlq/web/node_modules/three/build/three.module.js:16393:11)
    at createGlobeScene (/srv/bulk/leo-build-cache/tmp/leo-release-qualification-714vqqlq/web/src/SkyView.tsx:811:16)
    at /srv/bulk/leo-build-cache/tmp/leo-release-qualification-714vqqlq/web/src/SkyView.tsx:367:21
    at Object.react_stack_bottom_frame (/srv/bulk/leo-build-cache/tmp/leo-release-qualification-714vqqlq/web/node_modules/react-dom/cjs/react-dom-client.development.js:25989:20)
    at runWithFiberInDEV (/srv/bulk/leo-build-cache/tmp/leo-release-qualification-714vqqlq/web/node_modules/react-dom/cjs/react-dom-client.development.js:874:13)
    at commitHookEffectListMount (/srv/bulk/leo-build-cache/tmp/leo-release-qualification-714vqqlq/web/node_modules/react-dom/cjs/react-dom-client.development.js:13249:29) [90mundefined[39m
THREE.WebGLRenderer: THREE.WebGLRenderer: Error creating WebGL context.

stderr | src/SkyView.test.tsx > Sky interface > switches to the sky view for a chosen reviewed site
Error: Not implemented: HTMLCanvasElement.prototype.getContext (without installing the canvas npm package)
    at module.exports (/srv/bulk/leo-build-cache/tmp/leo-release-qualification-714vqqlq/web/node_modules/jsdom/lib/jsdom/browser/not-implemented.js:9:17)
    at HTMLCanvasElementImpl.getContext (/srv/bulk/leo-build-cache/tmp/leo-release-qualification-714vqqlq/web/node_modules/jsdom/lib/jsdom/living/nodes/HTMLCanvasElement-impl.js:42:5)
    at HTMLCanvasElement.getContext (/srv/bulk/leo-build-cache/tmp/leo-release-qualification-714vqqlq/web/node_modules/jsdom/lib/jsdom/living/generated/HTMLCanvasElement.js:131:58)
    at getContext (file:///srv/bulk/leo-build-cache/tmp/leo-release-qualification-714vqqlq/web/node_modules/three/build/three.module.js:16360:18)
    at new WebGLRenderer (file:///srv/bulk/leo-build-cache/tmp/leo-release-qualification-714vqqlq/web/node_modules/three/build/three.module.js:16389:11)
    at createGlobeScene (/srv/bulk/leo-build-cache/tmp/leo-release-qualification-714vqqlq/web/src/SkyView.tsx:811:16)
    at /srv/bulk/leo-build-cache/tmp/leo-release-qualification-714vqqlq/web/src/SkyView.tsx:367:21
    at Object.react_stack_bottom_frame (/srv/bulk/leo-build-cache/tmp/leo-release-qualification-714vqqlq/web/node_modules/react-dom/cjs/react-dom-client.development.js:25989:20)
    at runWithFiberInDEV (/srv/bulk/leo-build-cache/tmp/leo-release-qualification-714vqqlq/web/node_modules/react-dom/cjs/react-dom-client.development.js:874:13)
    at commitHookEffectListMount (/srv/bulk/leo-build-cache/tmp/leo-release-qualification-714vqqlq/web/node_modules/react-dom/cjs/react-dom-client.development.js:13249:29) [90mundefined[39m
Error: Not implemented: HTMLCanvasElement.prototype.getContext (without installing the canvas npm package)
    at module.exports (/srv/bulk/leo-build-cache/tmp/leo-release-qualification-714vqqlq/web/node_modules/jsdom/lib/jsdom/browser/not-implemented.js:9:17)
    at HTMLCanvasElementImpl.getContext (/srv/bulk/leo-build-cache/tmp/leo-release-qualification-714vqqlq/web/node_modules/jsdom/lib/jsdom/living/nodes/HTMLCanvasElement-impl.js:42:5)
    at HTMLCanvasElement.getContext (/srv/bulk/leo-build-cache/tmp/leo-release-qualification-714vqqlq/web/node_modules/jsdom/lib/jsdom/living/generated/HTMLCanvasElement.js:131:58)
    at getContext (file:///srv/bulk/leo-build-cache/tmp/leo-release-qualification-714vqqlq/web/node_modules/three/build/three.module.js:16360:18)
    at new WebGLRenderer (file:///srv/bulk/leo-build-cache/tmp/leo-release-qualification-714vqqlq/web/node_modules/three/build/three.module.js:16393:11)
    at createGlobeScene (/srv/bulk/leo-build-cache/tmp/leo-release-qualification-714vqqlq/web/src/SkyView.tsx:811:16)
    at /srv/bulk/leo-build-cache/tmp/leo-release-qualification-714vqqlq/web/src/SkyView.tsx:367:21
    at Object.react_stack_bottom_frame (/srv/bulk/leo-build-cache/tmp/leo-release-qualification-714vqqlq/web/node_modules/react-dom/cjs/react-dom-client.development.js:25989:20)
    at runWithFiberInDEV (/srv/bulk/leo-build-cache/tmp/leo-release-qualification-714vqqlq/web/node_modules/react-dom/cjs/react-dom-client.development.js:874:13)
    at commitHookEffectListMount (/srv/bulk/leo-build-cache/tmp/leo-release-qualification-714vqqlq/web/node_modules/react-dom/cjs/react-dom-client.development.js:13249:29) [90mundefined[39m
THREE.WebGLRenderer: THREE.WebGLRenderer: Error creating WebGL context.

 ✓ src/NativeRecordings.test.tsx (4 tests) 258ms
stderr | src/SkyView.test.tsx > Sky interface > clamps to the sampled window rather than extrapolating past it
Error: Not implemented: HTMLCanvasElement.prototype.getContext (without installing the canvas npm package)
    at module.exports (/srv/bulk/leo-build-cache/tmp/leo-release-qualification-714vqqlq/web/node_modules/jsdom/lib/jsdom/browser/not-implemented.js:9:17)
    at HTMLCanvasElementImpl.getContext (/srv/bulk/leo-build-cache/tmp/leo-release-qualification-714vqqlq/web/node_modules/jsdom/lib/jsdom/living/nodes/HTMLCanvasElement-impl.js:42:5)
    at HTMLCanvasElement.getContext (/srv/bulk/leo-build-cache/tmp/leo-release-qualification-714vqqlq/web/node_modules/jsdom/lib/jsdom/living/generated/HTMLCanvasElement.js:131:58)
    at getContext (file:///srv/bulk/leo-build-cache/tmp/leo-release-qualification-714vqqlq/web/node_modules/three/build/three.module.js:16360:18)
    at new WebGLRenderer (file:///srv/bulk/leo-build-cache/tmp/leo-release-qualification-714vqqlq/web/node_modules/three/build/three.module.js:16389:11)
    at createGlobeScene (/srv/bulk/leo-build-cache/tmp/leo-release-qualification-714vqqlq/web/src/SkyView.tsx:811:16)
    at /srv/bulk/leo-build-cache/tmp/leo-release-qualification-714vqqlq/web/src/SkyView.tsx:367:21
    at Object.react_stack_bottom_frame (/srv/bulk/leo-build-cache/tmp/leo-release-qualification-714vqqlq/web/node_modules/react-dom/cjs/react-dom-client.development.js:25989:20)
    at runWithFiberInDEV (/srv/bulk/leo-build-cache/tmp/leo-release-qualification-714vqqlq/web/node_modules/react-dom/cjs/react-dom-client.development.js:874:13)
    at commitHookEffectListMount (/srv/bulk/leo-build-cache/tmp/leo-release-qualification-714vqqlq/web/node_modules/react-dom/cjs/react-dom-client.development.js:13249:29) [90mundefined[39m
Error: Not implemented: HTMLCanvasElement.prototype.getContext (without installing the canvas npm package)
    at module.exports (/srv/bulk/leo-build-cache/tmp/leo-release-qualification-714vqqlq/web/node_modules/jsdom/lib/jsdom/browser/not-implemented.js:9:17)
    at HTMLCanvasElementImpl.getContext (/srv/bulk/leo-build-cache/tmp/leo-release-qualification-714vqqlq/web/node_modules/jsdom/lib/jsdom/living/nodes/HTMLCanvasElement-impl.js:42:5)
    at HTMLCanvasElement.getContext (/srv/bulk/leo-build-cache/tmp/leo-release-qualification-714vqqlq/web/node_modules/jsdom/lib/jsdom/living/generated/HTMLCanvasElement.js:131:58)
    at getContext (file:///srv/bulk/leo-build-cache/tmp/leo-release-qualification-714vqqlq/web/node_modules/three/build/three.module.js:16360:18)
    at new WebGLRenderer (file:///srv/bulk/leo-build-cache/tmp/leo-release-qualification-714vqqlq/web/node_modules/three/build/three.module.js:16393:11)
    at createGlobeScene (/srv/bulk/leo-build-cache/tmp/leo-release-qualification-714vqqlq/web/src/SkyView.tsx:811:16)
    at /srv/bulk/leo-build-cache/tmp/leo-release-qualification-714vqqlq/web/src/SkyView.tsx:367:21
    at Object.react_stack_bottom_frame (/srv/bulk/leo-build-cache/tmp/leo-release-qualification-714vqqlq/web/node_modules/react-dom/cjs/react-dom-client.development.js:25989:20)
    at runWithFiberInDEV (/srv/bulk/leo-build-cache/tmp/leo-release-qualification-714vqqlq/web/node_modules/react-dom/cjs/react-dom-client.development.js:874:13)
    at commitHookEffectListMount (/srv/bulk/leo-build-cache/tmp/leo-release-qualification-714vqqlq/web/node_modules/react-dom/cjs/react-dom-client.development.js:13249:29) [90mundefined[39m
THREE.WebGLRenderer: THREE.WebGLRenderer: Error creating WebGL context.

stderr | src/SkyView.test.tsx > Sky interface > draws only objects above the mask and lists them highest first
Error: Not implemented: HTMLCanvasElement.prototype.getContext (without installing the canvas npm package)
    at module.exports (/srv/bulk/leo-build-cache/tmp/leo-release-qualification-714vqqlq/web/node_modules/jsdom/lib/jsdom/browser/not-implemented.js:9:17)
    at HTMLCanvasElementImpl.getContext (/srv/bulk/leo-build-cache/tmp/leo-release-qualification-714vqqlq/web/node_modules/jsdom/lib/jsdom/living/nodes/HTMLCanvasElement-impl.js:42:5)
    at HTMLCanvasElement.getContext (/srv/bulk/leo-build-cache/tmp/leo-release-qualification-714vqqlq/web/node_modules/jsdom/lib/jsdom/living/generated/HTMLCanvasElement.js:131:58)
    at getContext (file:///srv/bulk/leo-build-cache/tmp/leo-release-qualification-714vqqlq/web/node_modules/three/build/three.module.js:16360:18)
    at new WebGLRenderer (file:///srv/bulk/leo-build-cache/tmp/leo-release-qualification-714vqqlq/web/node_modules/three/build/three.module.js:16389:11)
    at createGlobeScene (/srv/bulk/leo-build-cache/tmp/leo-release-qualification-714vqqlq/web/src/SkyView.tsx:811:16)
    at /srv/bulk/leo-build-cache/tmp/leo-release-qualification-714vqqlq/web/src/SkyView.tsx:367:21
    at Object.react_stack_bottom_frame (/srv/bulk/leo-build-cache/tmp/leo-release-qualification-714vqqlq/web/node_modules/react-dom/cjs/react-dom-client.development.js:25989:20)
    at runWithFiberInDEV (/srv/bulk/leo-build-cache/tmp/leo-release-qualification-714vqqlq/web/node_modules/react-dom/cjs/react-dom-client.development.js:874:13)
    at commitHookEffectListMount (/srv/bulk/leo-build-cache/tmp/leo-release-qualification-714vqqlq/web/node_modules/react-dom/cjs/react-dom-client.development.js:13249:29) [90mundefined[39m
Error: Not implemented: HTMLCanvasElement.prototype.getContext (without installing the canvas npm package)
    at module.exports (/srv/bulk/leo-build-cache/tmp/leo-release-qualification-714vqqlq/web/node_modules/jsdom/lib/jsdom/browser/not-implemented.js:9:17)
    at HTMLCanvasElementImpl.getContext (/srv/bulk/leo-build-cache/tmp/leo-release-qualification-714vqqlq/web/node_modules/jsdom/lib/jsdom/living/nodes/HTMLCanvasElement-impl.js:42:5)
    at HTMLCanvasElement.getContext (/srv/bulk/leo-build-cache/tmp/leo-release-qualification-714vqqlq/web/node_modules/jsdom/lib/jsdom/living/generated/HTMLCanvasElement.js:131:58)
    at getContext (file:///srv/bulk/leo-build-cache/tmp/leo-release-qualification-714vqqlq/web/node_modules/three/build/three.module.js:16360:18)
    at new WebGLRenderer (file:///srv/bulk/leo-build-cache/tmp/leo-release-qualification-714vqqlq/web/node_modules/three/build/three.module.js:16393:11)
    at createGlobeScene (/srv/bulk/leo-build-cache/tmp/leo-release-qualification-714vqqlq/web/src/SkyView.tsx:811:16)
    at /srv/bulk/leo-build-cache/tmp/leo-release-qualification-714vqqlq/web/src/SkyView.tsx:367:21
    at Object.react_stack_bottom_frame (/srv/bulk/leo-build-cache/tmp/leo-release-qualification-714vqqlq/web/node_modules/react-dom/cjs/react-dom-client.development.js:25989:20)
    at runWithFiberInDEV (/srv/bulk/leo-build-cache/tmp/leo-release-qualification-714vqqlq/web/node_modules/react-dom/cjs/react-dom-client.development.js:874:13)
    at commitHookEffectListMount (/srv/bulk/leo-build-cache/tmp/leo-release-qualification-714vqqlq/web/node_modules/react-dom/cjs/react-dom-client.development.js:13249:29) [90mundefined[39m
THREE.WebGLRenderer: THREE.WebGLRenderer: Error creating WebGL context.

stderr | src/SkyView.test.tsx > Sky interface > lists full-window predicted Doppler rates at the CH1 and CH8 centers
Error: Not implemented: HTMLCanvasElement.prototype.getContext (without installing the canvas npm package)
    at module.exports (/srv/bulk/leo-build-cache/tmp/leo-release-qualification-714vqqlq/web/node_modules/jsdom/lib/jsdom/browser/not-implemented.js:9:17)
    at HTMLCanvasElementImpl.getContext (/srv/bulk/leo-build-cache/tmp/leo-release-qualification-714vqqlq/web/node_modules/jsdom/lib/jsdom/living/nodes/HTMLCanvasElement-impl.js:42:5)
    at HTMLCanvasElement.getContext (/srv/bulk/leo-build-cache/tmp/leo-release-qualification-714vqqlq/web/node_modules/jsdom/lib/jsdom/living/generated/HTMLCanvasElement.js:131:58)
    at getContext (file:///srv/bulk/leo-build-cache/tmp/leo-release-qualification-714vqqlq/web/node_modules/three/build/three.module.js:16360:18)
    at new WebGLRenderer (file:///srv/bulk/leo-build-cache/tmp/leo-release-qualification-714vqqlq/web/node_modules/three/build/three.module.js:16389:11)
    at createGlobeScene (/srv/bulk/leo-build-cache/tmp/leo-release-qualification-714vqqlq/web/src/SkyView.tsx:811:16)
    at /srv/bulk/leo-build-cache/tmp/leo-release-qualification-714vqqlq/web/src/SkyView.tsx:367:21
    at Object.react_stack_bottom_frame (/srv/bulk/leo-build-cache/tmp/leo-release-qualification-714vqqlq/web/node_modules/react-dom/cjs/react-dom-client.development.js:25989:20)
    at runWithFiberInDEV (/srv/bulk/leo-build-cache/tmp/leo-release-qualification-714vqqlq/web/node_modules/react-dom/cjs/react-dom-client.development.js:874:13)
    at commitHookEffectListMount (/srv/bulk/leo-build-cache/tmp/leo-release-qualification-714vqqlq/web/node_modules/react-dom/cjs/react-dom-client.development.js:13249:29) [90mundefined[39m
Error: Not implemented: HTMLCanvasElement.prototype.getContext (without installing the canvas npm package)
    at module.exports (/srv/bulk/leo-build-cache/tmp/leo-release-qualification-714vqqlq/web/node_modules/jsdom/lib/jsdom/browser/not-implemented.js:9:17)
    at HTMLCanvasElementImpl.getContext (/srv/bulk/leo-build-cache/tmp/leo-release-qualification-714vqqlq/web/node_modules/jsdom/lib/jsdom/living/nodes/HTMLCanvasElement-impl.js:42:5)
    at HTMLCanvasElement.getContext (/srv/bulk/leo-build-cache/tmp/leo-release-qualification-714vqqlq/web/node_modules/jsdom/lib/jsdom/living/generated/HTMLCanvasElement.js:131:58)
    at getContext (file:///srv/bulk/leo-build-cache/tmp/leo-release-qualification-714vqqlq/web/node_modules/three/build/three.module.js:16360:18)
    at new WebGLRenderer (file:///srv/bulk/leo-build-cache/tmp/leo-release-qualification-714vqqlq/web/node_modules/three/build/three.module.js:16393:11)
    at createGlobeScene (/srv/bulk/leo-build-cache/tmp/leo-release-qualification-714vqqlq/web/src/SkyView.tsx:811:16)
    at /srv/bulk/leo-build-cache/tmp/leo-release-qualification-714vqqlq/web/src/SkyView.tsx:367:21
    at Object.react_stack_bottom_frame (/srv/bulk/leo-build-cache/tmp/leo-release-qualification-714vqqlq/web/node_modules/react-dom/cjs/react-dom-client.development.js:25989:20)
    at runWithFiberInDEV (/srv/bulk/leo-build-cache/tmp/leo-release-qualification-714vqqlq/web/node_modules/react-dom/cjs/react-dom-client.development.js:874:13)
    at commitHookEffectListMount (/srv/bulk/leo-build-cache/tmp/leo-release-qualification-714vqqlq/web/node_modules/react-dom/cjs/react-dom-client.development.js:13249:29) [90mundefined[39m
THREE.WebGLRenderer: THREE.WebGLRenderer: Error creating WebGL context.

stderr | src/SkyView.test.tsx > Sky interface > puts the zenith at the centre of the chart
Error: Not implemented: HTMLCanvasElement.prototype.getContext (without installing the canvas npm package)
    at module.exports (/srv/bulk/leo-build-cache/tmp/leo-release-qualification-714vqqlq/web/node_modules/jsdom/lib/jsdom/browser/not-implemented.js:9:17)
    at HTMLCanvasElementImpl.getContext (/srv/bulk/leo-build-cache/tmp/leo-release-qualification-714vqqlq/web/node_modules/jsdom/lib/jsdom/living/nodes/HTMLCanvasElement-impl.js:42:5)
    at HTMLCanvasElement.getContext (/srv/bulk/leo-build-cache/tmp/leo-release-qualification-714vqqlq/web/node_modules/jsdom/lib/jsdom/living/generated/HTMLCanvasElement.js:131:58)
    at getContext (file:///srv/bulk/leo-build-cache/tmp/leo-release-qualification-714vqqlq/web/node_modules/three/build/three.module.js:16360:18)
    at new WebGLRenderer (file:///srv/bulk/leo-build-cache/tmp/leo-release-qualification-714vqqlq/web/node_modules/three/build/three.module.js:16389:11)
    at createGlobeScene (/srv/bulk/leo-build-cache/tmp/leo-release-qualification-714vqqlq/web/src/SkyView.tsx:811:16)
    at /srv/bulk/leo-build-cache/tmp/leo-release-qualification-714vqqlq/web/src/SkyView.tsx:367:21
    at Object.react_stack_bottom_frame (/srv/bulk/leo-build-cache/tmp/leo-release-qualification-714vqqlq/web/node_modules/react-dom/cjs/react-dom-client.development.js:25989:20)
    at runWithFiberInDEV (/srv/bulk/leo-build-cache/tmp/leo-release-qualification-714vqqlq/web/node_modules/react-dom/cjs/react-dom-client.development.js:874:13)
    at commitHookEffectListMount (/srv/bulk/leo-build-cache/tmp/leo-release-qualification-714vqqlq/web/node_modules/react-dom/cjs/react-dom-client.development.js:13249:29) [90mundefined[39m
Error: Not implemented: HTMLCanvasElement.prototype.getContext (without installing the canvas npm package)
    at module.exports (/srv/bulk/leo-build-cache/tmp/leo-release-qualification-714vqqlq/web/node_modules/jsdom/lib/jsdom/browser/not-implemented.js:9:17)
    at HTMLCanvasElementImpl.getContext (/srv/bulk/leo-build-cache/tmp/leo-release-qualification-714vqqlq/web/node_modules/jsdom/lib/jsdom/living/nodes/HTMLCanvasElement-impl.js:42:5)
    at HTMLCanvasElement.getContext (/srv/bulk/leo-build-cache/tmp/leo-release-qualification-714vqqlq/web/node_modules/jsdom/lib/jsdom/living/generated/HTMLCanvasElement.js:131:58)
    at getContext (file:///srv/bulk/leo-build-cache/tmp/leo-release-qualification-714vqqlq/web/node_modules/three/build/three.module.js:16360:18)
    at new WebGLRenderer (file:///srv/bulk/leo-build-cache/tmp/leo-release-qualification-714vqqlq/web/node_modules/three/build/three.module.js:16393:11)
    at createGlobeScene (/srv/bulk/leo-build-cache/tmp/leo-release-qualification-714vqqlq/web/src/SkyView.tsx:811:16)
    at /srv/bulk/leo-build-cache/tmp/leo-release-qualification-714vqqlq/web/src/SkyView.tsx:367:21
    at Object.react_stack_bottom_frame (/srv/bulk/leo-build-cache/tmp/leo-release-qualification-714vqqlq/web/node_modules/react-dom/cjs/react-dom-client.development.js:25989:20)
    at runWithFiberInDEV (/srv/bulk/leo-build-cache/tmp/leo-release-qualification-714vqqlq/web/node_modules/react-dom/cjs/react-dom-client.development.js:874:13)
    at commitHookEffectListMount (/srv/bulk/leo-build-cache/tmp/leo-release-qualification-714vqqlq/web/node_modules/react-dom/cjs/react-dom-client.development.js:13249:29) [90mundefined[39m
THREE.WebGLRenderer: THREE.WebGLRenderer: Error creating WebGL context.

stderr | src/SkyView.test.tsx > Sky interface > draws full-window trajectories and shows orbit and Doppler after selection
Error: Not implemented: HTMLCanvasElement.prototype.getContext (without installing the canvas npm package)
    at module.exports (/srv/bulk/leo-build-cache/tmp/leo-release-qualification-714vqqlq/web/node_modules/jsdom/lib/jsdom/browser/not-implemented.js:9:17)
    at HTMLCanvasElementImpl.getContext (/srv/bulk/leo-build-cache/tmp/leo-release-qualification-714vqqlq/web/node_modules/jsdom/lib/jsdom/living/nodes/HTMLCanvasElement-impl.js:42:5)
    at HTMLCanvasElement.getContext (/srv/bulk/leo-build-cache/tmp/leo-release-qualification-714vqqlq/web/node_modules/jsdom/lib/jsdom/living/generated/HTMLCanvasElement.js:131:58)
    at getContext (file:///srv/bulk/leo-build-cache/tmp/leo-release-qualification-714vqqlq/web/node_modules/three/build/three.module.js:16360:18)
    at new WebGLRenderer (file:///srv/bulk/leo-build-cache/tmp/leo-release-qualification-714vqqlq/web/node_modules/three/build/three.module.js:16389:11)
    at createGlobeScene (/srv/bulk/leo-build-cache/tmp/leo-release-qualification-714vqqlq/web/src/SkyView.tsx:811:16)
    at /srv/bulk/leo-build-cache/tmp/leo-release-qualification-714vqqlq/web/src/SkyView.tsx:367:21
    at Object.react_stack_bottom_frame (/srv/bulk/leo-build-cache/tmp/leo-release-qualification-714vqqlq/web/node_modules/react-dom/cjs/react-dom-client.development.js:25989:20)
    at runWithFiberInDEV (/srv/bulk/leo-build-cache/tmp/leo-release-qualification-714vqqlq/web/node_modules/react-dom/cjs/react-dom-client.development.js:874:13)
    at commitHookEffectListMount (/srv/bulk/leo-build-cache/tmp/leo-release-qualification-714vqqlq/web/node_modules/react-dom/cjs/react-dom-client.development.js:13249:29) [90mundefined[39m
Error: Not implemented: HTMLCanvasElement.prototype.getContext (without installing the canvas npm package)
    at module.exports (/srv/bulk/leo-build-cache/tmp/leo-release-qualification-714vqqlq/web/node_modules/jsdom/lib/jsdom/browser/not-implemented.js:9:17)
    at HTMLCanvasElementImpl.getContext (/srv/bulk/leo-build-cache/tmp/leo-release-qualification-714vqqlq/web/node_modules/jsdom/lib/jsdom/living/nodes/HTMLCanvasElement-impl.js:42:5)
    at HTMLCanvasElement.getContext (/srv/bulk/leo-build-cache/tmp/leo-release-qualification-714vqqlq/web/node_modules/jsdom/lib/jsdom/living/generated/HTMLCanvasElement.js:131:58)
    at getContext (file:///srv/bulk/leo-build-cache/tmp/leo-release-qualification-714vqqlq/web/node_modules/three/build/three.module.js:16360:18)
    at new WebGLRenderer (file:///srv/bulk/leo-build-cache/tmp/leo-release-qualification-714vqqlq/web/node_modules/three/build/three.module.js:16393:11)
    at createGlobeScene (/srv/bulk/leo-build-cache/tmp/leo-release-qualification-714vqqlq/web/src/SkyView.tsx:811:16)
    at /srv/bulk/leo-build-cache/tmp/leo-release-qualification-714vqqlq/web/src/SkyView.tsx:367:21
    at Object.react_stack_bottom_frame (/srv/bulk/leo-build-cache/tmp/leo-release-qualification-714vqqlq/web/node_modules/react-dom/cjs/react-dom-client.development.js:25989:20)
    at runWithFiberInDEV (/srv/bulk/leo-build-cache/tmp/leo-release-qualification-714vqqlq/web/node_modules/react-dom/cjs/react-dom-client.development.js:874:13)
    at commitHookEffectListMount (/srv/bulk/leo-build-cache/tmp/leo-release-qualification-714vqqlq/web/node_modules/react-dom/cjs/react-dom-client.development.js:13249:29) [90mundefined[39m
THREE.WebGLRenderer: THREE.WebGLRenderer: Error creating WebGL context.

stderr | src/SkyView.test.tsx > Sky interface > compares the latest unique TLE entries with the record used by the view
Error: Not implemented: HTMLCanvasElement.prototype.getContext (without installing the canvas npm package)
    at module.exports (/srv/bulk/leo-build-cache/tmp/leo-release-qualification-714vqqlq/web/node_modules/jsdom/lib/jsdom/browser/not-implemented.js:9:17)
    at HTMLCanvasElementImpl.getContext (/srv/bulk/leo-build-cache/tmp/leo-release-qualification-714vqqlq/web/node_modules/jsdom/lib/jsdom/living/nodes/HTMLCanvasElement-impl.js:42:5)
    at HTMLCanvasElement.getContext (/srv/bulk/leo-build-cache/tmp/leo-release-qualification-714vqqlq/web/node_modules/jsdom/lib/jsdom/living/generated/HTMLCanvasElement.js:131:58)
    at getContext (file:///srv/bulk/leo-build-cache/tmp/leo-release-qualification-714vqqlq/web/node_modules/three/build/three.module.js:16360:18)
    at new WebGLRenderer (file:///srv/bulk/leo-build-cache/tmp/leo-release-qualification-714vqqlq/web/node_modules/three/build/three.module.js:16389:11)
    at createGlobeScene (/srv/bulk/leo-build-cache/tmp/leo-release-qualification-714vqqlq/web/src/SkyView.tsx:811:16)
    at /srv/bulk/leo-build-cache/tmp/leo-release-qualification-714vqqlq/web/src/SkyView.tsx:367:21
    at Object.react_stack_bottom_frame (/srv/bulk/leo-build-cache/tmp/leo-release-qualification-714vqqlq/web/node_modules/react-dom/cjs/react-dom-client.development.js:25989:20)
    at runWithFiberInDEV (/srv/bulk/leo-build-cache/tmp/leo-release-qualification-714vqqlq/web/node_modules/react-dom/cjs/react-dom-client.development.js:874:13)
    at commitHookEffectListMount (/srv/bulk/leo-build-cache/tmp/leo-release-qualification-714vqqlq/web/node_modules/react-dom/cjs/react-dom-client.development.js:13249:29) [90mundefined[39m
Error: Not implemented: HTMLCanvasElement.prototype.getContext (without installing the canvas npm package)
    at module.exports (/srv/bulk/leo-build-cache/tmp/leo-release-qualification-714vqqlq/web/node_modules/jsdom/lib/jsdom/browser/not-implemented.js:9:17)
    at HTMLCanvasElementImpl.getContext (/srv/bulk/leo-build-cache/tmp/leo-release-qualification-714vqqlq/web/node_modules/jsdom/lib/jsdom/living/nodes/HTMLCanvasElement-impl.js:42:5)
    at HTMLCanvasElement.getContext (/srv/bulk/leo-build-cache/tmp/leo-release-qualification-714vqqlq/web/node_modules/jsdom/lib/jsdom/living/generated/HTMLCanvasElement.js:131:58)
    at getContext (file:///srv/bulk/leo-build-cache/tmp/leo-release-qualification-714vqqlq/web/node_modules/three/build/three.module.js:16360:18)
    at new WebGLRenderer (file:///srv/bulk/leo-build-cache/tmp/leo-release-qualification-714vqqlq/web/node_modules/three/build/three.module.js:16393:11)
    at createGlobeScene (/srv/bulk/leo-build-cache/tmp/leo-release-qualification-714vqqlq/web/src/SkyView.tsx:811:16)
    at /srv/bulk/leo-build-cache/tmp/leo-release-qualification-714vqqlq/web/src/SkyView.tsx:367:21
    at Object.react_stack_bottom_frame (/srv/bulk/leo-build-cache/tmp/leo-release-qualification-714vqqlq/web/node_modules/react-dom/cjs/react-dom-client.development.js:25989:20)
    at runWithFiberInDEV (/srv/bulk/leo-build-cache/tmp/leo-release-qualification-714vqqlq/web/node_modules/react-dom/cjs/react-dom-client.development.js:874:13)
    at commitHookEffectListMount (/srv/bulk/leo-build-cache/tmp/leo-release-qualification-714vqqlq/web/node_modules/react-dom/cjs/react-dom-client.development.js:13249:29) [90mundefined[39m
THREE.WebGLRenderer: THREE.WebGLRenderer: Error creating WebGL context.

 ✓ src/AdaptiveHopPanel.test.tsx (14 tests) 416ms
   ✓ adaptive actual-visit presentation > shows retained inventory, source time, shadow proposals and cooldown without claiming absence  321ms
stderr | src/SkyView.test.tsx > Sky interface > reports an unavailable archive rather than an empty sky
Error: Not implemented: HTMLCanvasElement.prototype.getContext (without installing the canvas npm package)
    at module.exports (/srv/bulk/leo-build-cache/tmp/leo-release-qualification-714vqqlq/web/node_modules/jsdom/lib/jsdom/browser/not-implemented.js:9:17)
    at HTMLCanvasElementImpl.getContext (/srv/bulk/leo-build-cache/tmp/leo-release-qualification-714vqqlq/web/node_modules/jsdom/lib/jsdom/living/nodes/HTMLCanvasElement-impl.js:42:5)
    at HTMLCanvasElement.getContext (/srv/bulk/leo-build-cache/tmp/leo-release-qualification-714vqqlq/web/node_modules/jsdom/lib/jsdom/living/generated/HTMLCanvasElement.js:131:58)
    at getContext (file:///srv/bulk/leo-build-cache/tmp/leo-release-qualification-714vqqlq/web/node_modules/three/build/three.module.js:16360:18)
    at new WebGLRenderer (file:///srv/bulk/leo-build-cache/tmp/leo-release-qualification-714vqqlq/web/node_modules/three/build/three.module.js:16389:11)
    at createGlobeScene (/srv/bulk/leo-build-cache/tmp/leo-release-qualification-714vqqlq/web/src/SkyView.tsx:811:16)
    at /srv/bulk/leo-build-cache/tmp/leo-release-qualification-714vqqlq/web/src/SkyView.tsx:367:21
    at Object.react_stack_bottom_frame (/srv/bulk/leo-build-cache/tmp/leo-release-qualification-714vqqlq/web/node_modules/react-dom/cjs/react-dom-client.development.js:25989:20)
    at runWithFiberInDEV (/srv/bulk/leo-build-cache/tmp/leo-release-qualification-714vqqlq/web/node_modules/react-dom/cjs/react-dom-client.development.js:874:13)
    at commitHookEffectListMount (/srv/bulk/leo-build-cache/tmp/leo-release-qualification-714vqqlq/web/node_modules/react-dom/cjs/react-dom-client.development.js:13249:29) [90mundefined[39m
Error: Not implemented: HTMLCanvasElement.prototype.getContext (without installing the canvas npm package)
    at module.exports (/srv/bulk/leo-build-cache/tmp/leo-release-qualification-714vqqlq/web/node_modules/jsdom/lib/jsdom/browser/not-implemented.js:9:17)
    at HTMLCanvasElementImpl.getContext (/srv/bulk/leo-build-cache/tmp/leo-release-qualification-714vqqlq/web/node_modules/jsdom/lib/jsdom/living/nodes/HTMLCanvasElement-impl.js:42:5)
    at HTMLCanvasElement.getContext (/srv/bulk/leo-build-cache/tmp/leo-release-qualification-714vqqlq/web/node_modules/jsdom/lib/jsdom/living/generated/HTMLCanvasElement.js:131:58)
    at getContext (file:///srv/bulk/leo-build-cache/tmp/leo-release-qualification-714vqqlq/web/node_modules/three/build/three.module.js:16360:18)
    at new WebGLRenderer (file:///srv/bulk/leo-build-cache/tmp/leo-release-qualification-714vqqlq/web/node_modules/three/build/three.module.js:16393:11)
    at createGlobeScene (/srv/bulk/leo-build-cache/tmp/leo-release-qualification-714vqqlq/web/src/SkyView.tsx:811:16)
    at /srv/bulk/leo-build-cache/tmp/leo-release-qualification-714vqqlq/web/src/SkyView.tsx:367:21
    at Object.react_stack_bottom_frame (/srv/bulk/leo-build-cache/tmp/leo-release-qualification-714vqqlq/web/node_modules/react-dom/cjs/react-dom-client.development.js:25989:20)
    at runWithFiberInDEV (/srv/bulk/leo-build-cache/tmp/leo-release-qualification-714vqqlq/web/node_modules/react-dom/cjs/react-dom-client.development.js:874:13)
    at commitHookEffectListMount (/srv/bulk/leo-build-cache/tmp/leo-release-qualification-714vqqlq/web/node_modules/react-dom/cjs/react-dom-client.development.js:13249:29) [90mundefined[39m
THREE.WebGLRenderer: THREE.WebGLRenderer: Error creating WebGL context.

stderr | src/SkyView.test.tsx > Sky interface > says so when no snapshot has been collected
Error: Not implemented: HTMLCanvasElement.prototype.getContext (without installing the canvas npm package)
    at module.exports (/srv/bulk/leo-build-cache/tmp/leo-release-qualification-714vqqlq/web/node_modules/jsdom/lib/jsdom/browser/not-implemented.js:9:17)
    at HTMLCanvasElementImpl.getContext (/srv/bulk/leo-build-cache/tmp/leo-release-qualification-714vqqlq/web/node_modules/jsdom/lib/jsdom/living/nodes/HTMLCanvasElement-impl.js:42:5)
    at HTMLCanvasElement.getContext (/srv/bulk/leo-build-cache/tmp/leo-release-qualification-714vqqlq/web/node_modules/jsdom/lib/jsdom/living/generated/HTMLCanvasElement.js:131:58)
    at getContext (file:///srv/bulk/leo-build-cache/tmp/leo-release-qualification-714vqqlq/web/node_modules/three/build/three.module.js:16360:18)
    at new WebGLRenderer (file:///srv/bulk/leo-build-cache/tmp/leo-release-qualification-714vqqlq/web/node_modules/three/build/three.module.js:16389:11)
    at createGlobeScene (/srv/bulk/leo-build-cache/tmp/leo-release-qualification-714vqqlq/web/src/SkyView.tsx:811:16)
    at /srv/bulk/leo-build-cache/tmp/leo-release-qualification-714vqqlq/web/src/SkyView.tsx:367:21
    at Object.react_stack_bottom_frame (/srv/bulk/leo-build-cache/tmp/leo-release-qualification-714vqqlq/web/node_modules/react-dom/cjs/react-dom-client.development.js:25989:20)
    at runWithFiberInDEV (/srv/bulk/leo-build-cache/tmp/leo-release-qualification-714vqqlq/web/node_modules/react-dom/cjs/react-dom-client.development.js:874:13)
    at commitHookEffectListMount (/srv/bulk/leo-build-cache/tmp/leo-release-qualification-714vqqlq/web/node_modules/react-dom/cjs/react-dom-client.development.js:13249:29) [90mundefined[39m
Error: Not implemented: HTMLCanvasElement.prototype.getContext (without installing the canvas npm package)
    at module.exports (/srv/bulk/leo-build-cache/tmp/leo-release-qualification-714vqqlq/web/node_modules/jsdom/lib/jsdom/browser/not-implemented.js:9:17)
    at HTMLCanvasElementImpl.getContext (/srv/bulk/leo-build-cache/tmp/leo-release-qualification-714vqqlq/web/node_modules/jsdom/lib/jsdom/living/nodes/HTMLCanvasElement-impl.js:42:5)
    at HTMLCanvasElement.getContext (/srv/bulk/leo-build-cache/tmp/leo-release-qualification-714vqqlq/web/node_modules/jsdom/lib/jsdom/living/generated/HTMLCanvasElement.js:131:58)
    at getContext (file:///srv/bulk/leo-build-cache/tmp/leo-release-qualification-714vqqlq/web/node_modules/three/build/three.module.js:16360:18)
    at new WebGLRenderer (file:///srv/bulk/leo-build-cache/tmp/leo-release-qualification-714vqqlq/web/node_modules/three/build/three.module.js:16393:11)
    at createGlobeScene (/srv/bulk/leo-build-cache/tmp/leo-release-qualification-714vqqlq/web/src/SkyView.tsx:811:16)
    at /srv/bulk/leo-build-cache/tmp/leo-release-qualification-714vqqlq/web/src/SkyView.tsx:367:21
    at Object.react_stack_bottom_frame (/srv/bulk/leo-build-cache/tmp/leo-release-qualification-714vqqlq/web/node_modules/react-dom/cjs/react-dom-client.development.js:25989:20)
    at runWithFiberInDEV (/srv/bulk/leo-build-cache/tmp/leo-release-qualification-714vqqlq/web/node_modules/react-dom/cjs/react-dom-client.development.js:874:13)
    at commitHookEffectListMount (/srv/bulk/leo-build-cache/tmp/leo-release-qualification-714vqqlq/web/node_modules/react-dom/cjs/react-dom-client.development.js:13249:29) [90mundefined[39m
THREE.WebGLRenderer: THREE.WebGLRenderer: Error creating WebGL context.

stderr | src/SkyView.test.tsx > Sky provenance > names the snapshot the view used, not the newest in the archive
Error: Not implemented: HTMLCanvasElement.prototype.getContext (without installing the canvas npm package)
    at module.exports (/srv/bulk/leo-build-cache/tmp/leo-release-qualification-714vqqlq/web/node_modules/jsdom/lib/jsdom/browser/not-implemented.js:9:17)
    at HTMLCanvasElementImpl.getContext (/srv/bulk/leo-build-cache/tmp/leo-release-qualification-714vqqlq/web/node_modules/jsdom/lib/jsdom/living/nodes/HTMLCanvasElement-impl.js:42:5)
    at HTMLCanvasElement.getContext (/srv/bulk/leo-build-cache/tmp/leo-release-qualification-714vqqlq/web/node_modules/jsdom/lib/jsdom/living/generated/HTMLCanvasElement.js:131:58)
    at getContext (file:///srv/bulk/leo-build-cache/tmp/leo-release-qualification-714vqqlq/web/node_modules/three/build/three.module.js:16360:18)
    at new WebGLRenderer (file:///srv/bulk/leo-build-cache/tmp/leo-release-qualification-714vqqlq/web/node_modules/three/build/three.module.js:16389:11)
    at createGlobeScene (/srv/bulk/leo-build-cache/tmp/leo-release-qualification-714vqqlq/web/src/SkyView.tsx:811:16)
    at /srv/bulk/leo-build-cache/tmp/leo-release-qualification-714vqqlq/web/src/SkyView.tsx:367:21
    at Object.react_stack_bottom_frame (/srv/bulk/leo-build-cache/tmp/leo-release-qualification-714vqqlq/web/node_modules/react-dom/cjs/react-dom-client.development.js:25989:20)
    at runWithFiberInDEV (/srv/bulk/leo-build-cache/tmp/leo-release-qualification-714vqqlq/web/node_modules/react-dom/cjs/react-dom-client.development.js:874:13)
    at commitHookEffectListMount (/srv/bulk/leo-build-cache/tmp/leo-release-qualification-714vqqlq/web/node_modules/react-dom/cjs/react-dom-client.development.js:13249:29) [90mundefined[39m
Error: Not implemented: HTMLCanvasElement.prototype.getContext (without installing the canvas npm package)
    at module.exports (/srv/bulk/leo-build-cache/tmp/leo-release-qualification-714vqqlq/web/node_modules/jsdom/lib/jsdom/browser/not-implemented.js:9:17)
    at HTMLCanvasElementImpl.getContext (/srv/bulk/leo-build-cache/tmp/leo-release-qualification-714vqqlq/web/node_modules/jsdom/lib/jsdom/living/nodes/HTMLCanvasElement-impl.js:42:5)
    at HTMLCanvasElement.getContext (/srv/bulk/leo-build-cache/tmp/leo-release-qualification-714vqqlq/web/node_modules/jsdom/lib/jsdom/living/generated/HTMLCanvasElement.js:131:58)
    at getContext (file:///srv/bulk/leo-build-cache/tmp/leo-release-qualification-714vqqlq/web/node_modules/three/build/three.module.js:16360:18)
    at new WebGLRenderer (file:///srv/bulk/leo-build-cache/tmp/leo-release-qualification-714vqqlq/web/node_modules/three/build/three.module.js:16393:11)
    at createGlobeScene (/srv/bulk/leo-build-cache/tmp/leo-release-qualification-714vqqlq/web/src/SkyView.tsx:811:16)
    at /srv/bulk/leo-build-cache/tmp/leo-release-qualification-714vqqlq/web/src/SkyView.tsx:367:21
    at Object.react_stack_bottom_frame (/srv/bulk/leo-build-cache/tmp/leo-release-qualification-714vqqlq/web/node_modules/react-dom/cjs/react-dom-client.development.js:25989:20)
    at runWithFiberInDEV (/srv/bulk/leo-build-cache/tmp/leo-release-qualification-714vqqlq/web/node_modules/react-dom/cjs/react-dom-client.development.js:874:13)
    at commitHookEffectListMount (/srv/bulk/leo-build-cache/tmp/leo-release-qualification-714vqqlq/web/node_modules/react-dom/cjs/react-dom-client.development.js:13249:29) [90mundefined[39m
THREE.WebGLRenderer: THREE.WebGLRenderer: Error creating WebGL context.

stderr | src/SkyView.test.tsx > Sky provenance > reports the object count of the snapshot it drew from
Error: Not implemented: HTMLCanvasElement.prototype.getContext (without installing the canvas npm package)
    at module.exports (/srv/bulk/leo-build-cache/tmp/leo-release-qualification-714vqqlq/web/node_modules/jsdom/lib/jsdom/browser/not-implemented.js:9:17)
    at HTMLCanvasElementImpl.getContext (/srv/bulk/leo-build-cache/tmp/leo-release-qualification-714vqqlq/web/node_modules/jsdom/lib/jsdom/living/nodes/HTMLCanvasElement-impl.js:42:5)
    at HTMLCanvasElement.getContext (/srv/bulk/leo-build-cache/tmp/leo-release-qualification-714vqqlq/web/node_modules/jsdom/lib/jsdom/living/generated/HTMLCanvasElement.js:131:58)
    at getContext (file:///srv/bulk/leo-build-cache/tmp/leo-release-qualification-714vqqlq/web/node_modules/three/build/three.module.js:16360:18)
    at new WebGLRenderer (file:///srv/bulk/leo-build-cache/tmp/leo-release-qualification-714vqqlq/web/node_modules/three/build/three.module.js:16389:11)
    at createGlobeScene (/srv/bulk/leo-build-cache/tmp/leo-release-qualification-714vqqlq/web/src/SkyView.tsx:811:16)
    at /srv/bulk/leo-build-cache/tmp/leo-release-qualification-714vqqlq/web/src/SkyView.tsx:367:21
    at Object.react_stack_bottom_frame (/srv/bulk/leo-build-cache/tmp/leo-release-qualification-714vqqlq/web/node_modules/react-dom/cjs/react-dom-client.development.js:25989:20)
    at runWithFiberInDEV (/srv/bulk/leo-build-cache/tmp/leo-release-qualification-714vqqlq/web/node_modules/react-dom/cjs/react-dom-client.development.js:874:13)
    at commitHookEffectListMount (/srv/bulk/leo-build-cache/tmp/leo-release-qualification-714vqqlq/web/node_modules/react-dom/cjs/react-dom-client.development.js:13249:29) [90mundefined[39m
Error: Not implemented: HTMLCanvasElement.prototype.getContext (without installing the canvas npm package)
    at module.exports (/srv/bulk/leo-build-cache/tmp/leo-release-qualification-714vqqlq/web/node_modules/jsdom/lib/jsdom/browser/not-implemented.js:9:17)
    at HTMLCanvasElementImpl.getContext (/srv/bulk/leo-build-cache/tmp/leo-release-qualification-714vqqlq/web/node_modules/jsdom/lib/jsdom/living/nodes/HTMLCanvasElement-impl.js:42:5)
    at HTMLCanvasElement.getContext (/srv/bulk/leo-build-cache/tmp/leo-release-qualification-714vqqlq/web/node_modules/jsdom/lib/jsdom/living/generated/HTMLCanvasElement.js:131:58)
    at getContext (file:///srv/bulk/leo-build-cache/tmp/leo-release-qualification-714vqqlq/web/node_modules/three/build/three.module.js:16360:18)
    at new WebGLRenderer (file:///srv/bulk/leo-build-cache/tmp/leo-release-qualification-714vqqlq/web/node_modules/three/build/three.module.js:16393:11)
    at createGlobeScene (/srv/bulk/leo-build-cache/tmp/leo-release-qualification-714vqqlq/web/src/SkyView.tsx:811:16)
    at /srv/bulk/leo-build-cache/tmp/leo-release-qualification-714vqqlq/web/src/SkyView.tsx:367:21
    at Object.react_stack_bottom_frame (/srv/bulk/leo-build-cache/tmp/leo-release-qualification-714vqqlq/web/node_modules/react-dom/cjs/react-dom-client.development.js:25989:20)
    at runWithFiberInDEV (/srv/bulk/leo-build-cache/tmp/leo-release-qualification-714vqqlq/web/node_modules/react-dom/cjs/react-dom-client.development.js:874:13)
    at commitHookEffectListMount (/srv/bulk/leo-build-cache/tmp/leo-release-qualification-714vqqlq/web/node_modules/react-dom/cjs/react-dom-client.development.js:13249:29) [90mundefined[39m
THREE.WebGLRenderer: THREE.WebGLRenderer: Error creating WebGL context.

 ✓ src/SkyView.test.tsx (18 tests) 448ms
 ✓ src/StandardAnalysis.test.tsx (26 tests) 603ms
 ✓ src/App.test.tsx (14 tests) 1766ms
   ✓ Observation Console > selects adaptive recordings independently from fixed scanner analysis  340ms

 Test Files  12 passed (12)
      Tests  151 passed (151)
   Start at  16:46:54
   Duration  2.75s (transform 966ms, setup 1.22s, collect 1.98s, tests 4.15s, environment 3.04s, prepare 1.01s)

vite v7.3.6 building client environment for production...
transforming...
✓ 53 modules transformed.
rendering chunks...
computing gzip size...
../web-dist/index.html                    0.59 kB │ gzip:   0.36 kB
../web-dist/assets/index-BnUF98sI.css    50.28 kB │ gzip:   9.97 kB
../web-dist/assets/sky-api-C1Hz7_9U.js    1.03 kB │ gzip:   0.51 kB
../web-dist/assets/TleView-BLOoWlP2.js    3.51 kB │ gzip:   1.46 kB
../web-dist/assets/index-C0nXaIiz.js    369.65 kB │ gzip: 104.42 kB
../web-dist/assets/SkyView-DShkvMjN.js  532.21 kB │ gzip: 134.89 kB

(!) Some chunks are larger than 500 kB after minification. Consider:
- Using dynamic import() to code-split the application
- Use build.rollupOptions.output.manualChunks to improve chunking: https://rollupjs.org/configuration-options/#output-manualchunks
- Adjust chunk size limit for this warning via build.chunkSizeWarningLimit.
✓ built in 1.14s
