[
  {
    "dataset_id": "DS8",
    "state": "not_run_missing_inputs",
    "required_records": 8,
    "missing_units": [
      "DS8-008"
    ]
  },
  {
    "dataset_id": "DS9",
    "state": "scored",
    "required_records": 8,
    "included_records": 8,
    "qualified": true,
    "converged": true,
    "boundary_hit": false,
    "horizontal_error_m": 1212.9552990203795,
    "below_1km": false,
    "estimate": {
      "latitude_deg": 37.85145048477444,
      "longitude_deg": -122.47227701470914
    },
    "training_log_score": -92851.50525057835,
    "held_log_score": -60721.13684736062,
    "training_observations": 12587,
    "held_observations": 8484,
    "rf_rms_hz": 571.9867834924715,
    "pose_bindings": [
      {
        "path": "reports/2026_09_28_ds9_post_ds8/pose/scan-fw-98cb28475c2059b9.json",
        "sha256": "sha256:ccb894439d99f71aea9bbbb0986540bf5c733cd5635a67d7d17fe800bc2295d0"
      },
      {
        "path": "reports/2026_09_28_ds9_post_ds8/pose/scan-fw-779025cb04154412.json",
        "sha256": "sha256:95f5f4fb23dac2f3915ca85d4710272d2f14585698ffbcb41df482b5cca069c8"
      },
      {
        "path": "reports/2026_09_28_ds9_post_ds8/pose/scan-fw-c69d8adb846ccee8.json",
        "sha256": "sha256:fdbfc9f9745c5c8fd2081fd5f402a2548628960a865498a1ace4488dba1ba6a3"
      },
      {
        "path": "reports/2026_09_28_ds9_post_ds8/pose/scan-fw-2ab18976d4eb3bf8.json",
        "sha256": "sha256:ae727ea1666034d2e513cd38e57a89fd8f4d61ab921a8b4caf7327578c8bc2d2"
      },
      {
        "path": "reports/2026_09_28_ds9_post_ds8/pose/scan-fw-237e4e5d4ce58dd7.json",
        "sha256": "sha256:15b0e3ed2614937189b3f2040fead0758a5cca76e4f82f056216bcae57138ac0"
      },
      {
        "path": "reports/2026_09_28_ds9_post_ds8/pose/scan-fw-7b332587ba122e45.json",
        "sha256": "sha256:f62ab34c79e2fd058b470736a062267a29698dc7d1bb3e99d3c13fee80102cf6"
      },
      {
        "path": "reports/2026_09_28_ds9_post_ds8/pose/scan-fw-bf15d314e729e447.json",
        "sha256": "sha256:b82e36339cd3bf44d255f7f119b72109854ab818546717c2261db4a29cad3aad"
      },
      {
        "path": "reports/2026_09_28_ds9_post_ds8/pose/scan-fw-0121767995aabdb0.json",
        "sha256": "sha256:e335b74802223eef2cdfb063300a201ddc147c998b61a20950410c70418bc83c"
      }
    ],
    "fit_seal_sha256": "c06042c8be1b5b15f5d1eaa968bf52d9e317726d0339486bc0ad839fa8b3ec21"
  }
]
