[
  {
    "dataset": "DS9",
    "comparison": "all24",
    "tracks": 491,
    "held_observations": 8484,
    "held_delta": 1.2169605050740415,
    "gross_loss": 84.68084930956319,
    "gross_gain": 85.89780981463723,
    "positive_tracks": 233,
    "map_changed_tracks": 3,
    "same_map_held_delta": 2.480290733250449,
    "changed_map_held_delta": -1.2633302281764003,
    "top_decile_count": 50,
    "training_ranked_gross_loss_share": 0.5940822027507875,
    "held_ranked_gross_loss_share": 0.6454792798091026,
    "training_ranked_held_delta": -47.85386726397681,
    "direction_ranked_positive_gradient_share": 0.5438562134966722,
    "position_gradient_sum": [
      17.76208350555286,
      24.538667043064542
    ]
  },
  {
    "dataset": "DS9",
    "comparison": "transfer",
    "tracks": 491,
    "held_observations": 8484,
    "held_delta": 1.1437690269077478,
    "gross_loss": 108.68346035166913,
    "gross_gain": 109.82722937857687,
    "positive_tracks": 233,
    "map_changed_tracks": 4,
    "same_map_held_delta": 2.6882219580400637,
    "changed_map_held_delta": -1.5444529311323123,
    "top_decile_count": 50,
    "training_ranked_gross_loss_share": 0.5893671894005299,
    "held_ranked_gross_loss_share": 0.6500506827461127,
    "training_ranked_held_delta": -60.80544951099192,
    "direction_ranked_positive_gradient_share": 0.5464711714021953,
    "position_gradient_sum": [
      21.06850413331155,
      33.360114184505555
    ]
  }
]
