{"arm_observations": 9728, "kind": "projection_complete", "server_observations": 10066}
Traceback (most recent call last):
  File "/home/mouse9911/gits/leo-tracker-reduxredux/reports/2026_09_30_arm_fast_tracks/server-baseline/export_baseline.py", line 433, in <module>
    raise SystemExit(main())
                     ~~~~^^
  File "/home/mouse9911/gits/leo-tracker-reduxredux/reports/2026_09_30_arm_fast_tracks/server-baseline/export_baseline.py", line 360, in main
    write_json(args.output / "server-tracks.json", trajectory)
    ~~~~~~~~~~^^^^^^^^^^^^^^^^^^^^^^^^^^^^^^^^^^^^^^^^^^^^^^^^
  File "/home/mouse9911/gits/leo-tracker-reduxredux/reports/2026_09_30_arm_fast_tracks/server-baseline/export_baseline.py", line 65, in write_json
    temporary.write_text(json.dumps(json_value(value), indent=2, sort_keys=True, allow_nan=False) + "\n")
                         ~~~~~~~~~~^^^^^^^^^^^^^^^^^^^^^^^^^^^^^^^^^^^^^^^^^^^^^^^^^^^^^^^^^^^^^^
  File "/home/mouse9911/.local/share/uv/python/cpython-3.13.15-linux-x86_64-gnu/lib/python3.13/json/__init__.py", line 242, in dumps
    **kw).encode(obj)
          ~~~~~~^^^^^
  File "/home/mouse9911/.local/share/uv/python/cpython-3.13.15-linux-x86_64-gnu/lib/python3.13/json/encoder.py", line 202, in encode
    chunks = self.iterencode(o, _one_shot=True)
  File "/home/mouse9911/.local/share/uv/python/cpython-3.13.15-linux-x86_64-gnu/lib/python3.13/json/encoder.py", line 263, in iterencode
    return _iterencode(o, 0)
  File "/home/mouse9911/.local/share/uv/python/cpython-3.13.15-linux-x86_64-gnu/lib/python3.13/json/encoder.py", line 182, in default
    raise TypeError(f'Object of type {o.__class__.__name__} '
                    f'is not JSON serializable')
TypeError: Object of type PhysicalEpisodeGraphV1 is not JSON serializable
