{
  "groups": [
    {
      "dataset_id": "DS7",
      "requested_records": 8,
      "validated_records": 8,
      "ready": true,
      "sample_rates_hz": {
        "2500000": 2,
        "5000000": 2,
        "7500000": 4
      },
      "start_span_hours": 10.249456448056112,
      "tracks": 470,
      "training_observations": 11853,
      "held_observations": 7983,
      "session_ids": [
        "scan-fw-5f7bf896e4552887",
        "scan-fw-9fb9f600946a202e",
        "scan-fw-c03dcf6c28e82a97",
        "scan-fw-c644746d01db758f",
        "scan-fw-a267faf8e5ca613c",
        "scan-fw-30cb794dc996d187",
        "scan-fw-cefd970b797cdcee",
        "scan-fw-254147e6f142d7d7"
      ]
    },
    {
      "dataset_id": "DS8",
      "requested_records": 8,
      "validated_records": 8,
      "ready": true,
      "sample_rates_hz": {
        "2500000": 1,
        "5000000": 3,
        "7500000": 3,
        "10000000": 1
      },
      "start_span_hours": 8.014098476209444,
      "tracks": 483,
      "training_observations": 13807,
      "held_observations": 9340,
      "session_ids": [
        "scan-fw-aadcd44b66085469",
        "scan-fw-4ad7afd9a4944b11",
        "scan-fw-d0640560d2bb0674",
        "scan-fw-4cde9b2367652c52",
        "scan-fw-edf1b92b8b96d41f",
        "scan-fw-08645dc6e7e77c73",
        "scan-fw-a229f5cb2f4f975c",
        "scan-fw-5f1241d380ff155f"
      ]
    },
    {
      "dataset_id": "DS9",
      "requested_records": 8,
      "validated_records": 8,
      "ready": true,
      "sample_rates_hz": {
        "2500000": 1,
        "5000000": 1,
        "7500000": 3,
        "10000000": 3
      },
      "start_span_hours": 12.607706804981389,
      "tracks": 478,
      "training_observations": 13507,
      "held_observations": 9255,
      "session_ids": [
        "scan-fw-98cb28475c2059b9",
        "scan-fw-87e7f715a99a1104",
        "scan-fw-9072108e122dc75a",
        "scan-fw-4115b692366be4b4",
        "scan-fw-9ef543e384adcc7e",
        "scan-fw-bb05a7bda30bd9b9",
        "scan-fw-2b071cfa7b4c0dab",
        "scan-fw-7255cd27e650417c"
      ]
    }
  ],
  "resources": {
    "verified_bindings": 353,
    "job_wall_sum_s": 2020.12,
    "max_job_wall_s": 144.26,
    "max_rss_kib": 886004
  }
}
