{
  "dataset_id": "DS8",
  "arm": "receiver_slope",
  "state": "returned",
  "x": [
    -0.7181208274822435,
    0.6313133907669831,
    -0.49838021507176067,
    -0.7921167651474336,
    -0.4613391098880258,
    -1.3179207633769894,
    -0.717025531935612,
    -1.0744607815922649,
    -0.06255888922033831,
    -0.529318335197878,
    2.848204253420067,
    2.7822847766977787
  ],
  "success": true,
  "message": "CONVERGENCE: RELATIVE REDUCTION OF F <= FACTR*EPSMCH",
  "boundary_hit": false,
  "gradient": [
    -0.0001222873353299292,
    0.0005833661223810793,
    0.0008819988034609594,
    -1.391815971985011e-05,
    -3.513669531685082e-05,
    -0.00048437232010201114,
    0.002205212228581388,
    -0.0008591372837116751,
    0.0008552620481481199,
    0.0009094301815366634,
    0.0022812531910005873,
    0.0002547812225373036
  ],
  "training_log_score": -100567.10154737793,
  "evaluations": 8,
  "iterations": 6,
  "training_nondecreasing": true,
  "qualified": true,
  "original_qualified": false,
  "original_x": [
    -0.7180666746463498,
    0.6313186414451937,
    -0.49837898637473754,
    -0.792117567330023,
    -0.46133897045900935,
    -1.3179164258533822,
    -0.7170186937154817,
    -1.0744615091346537,
    -0.06255281438632242,
    -0.5293146505741194,
    2.848190233939982,
    2.78228420471146
  ],
  "position_displacement_m": 0.05440679421729108,
  "estimate": {
    "latitude_deg": 37.861927533978744,
    "longitude_deg": -122.49255458037116
  },
  "held_log_score": -62000.56148661277
}
