{
  "summaries": [
    {
      "dataset": "DS7",
      "method": "acquisition_broad",
      "frames": 56,
      "windows": 4,
      "gain_vs_acquisition": -0.005937142779763302,
      "gain_vs_broad_null": 0.23594403571097475,
      "gain_vs_noise": 54.61612209213328,
      "scrambled_vs_noise": -33.65317752054015,
      "positive_windows_vs_acquisition": 2,
      "reliable_pairs": 112,
      "all_pairs": 112,
      "reliable_failures_over_5hz": 100,
      "max_reliable_shift_error_hz": 121.74939099852241,
      "max_all_shift_error_hz": 121.74939099852241,
      "translated_max_error": 8.526512829121202e-13,
      "prerequisite_passed": false
    },
    {
      "dataset": "DS7",
      "method": "acquisition_broad_null",
      "frames": 56,
      "windows": 4,
      "gain_vs_acquisition": -0.05144247603851739,
      "gain_vs_broad_null": 0.19043870245222064,
      "gain_vs_noise": 54.57061675887453,
      "scrambled_vs_noise": -24.729313799558437,
      "positive_windows_vs_acquisition": 2,
      "reliable_pairs": 94,
      "all_pairs": 112,
      "reliable_failures_over_5hz": 85,
      "max_reliable_shift_error_hz": 121.74939099852241,
      "max_all_shift_error_hz": 121.74939099852241,
      "translated_max_error": 8.526512829121202e-13,
      "prerequisite_passed": false
    },
    {
      "dataset": "DS8",
      "method": "acquisition_broad",
      "frames": 56,
      "windows": 4,
      "gain_vs_acquisition": 1.9751901379430932,
      "gain_vs_broad_null": 0.037044963067117714,
      "gain_vs_noise": 52.89723787297646,
      "scrambled_vs_noise": -34.89431206183748,
      "positive_windows_vs_acquisition": 3,
      "reliable_pairs": 112,
      "all_pairs": 112,
      "reliable_failures_over_5hz": 96,
      "max_reliable_shift_error_hz": 151.8043731185919,
      "max_all_shift_error_hz": 151.8043731185919,
      "translated_max_error": 1.2789769243681803e-12,
      "prerequisite_passed": false
    },
    {
      "dataset": "DS8",
      "method": "acquisition_broad_null",
      "frames": 56,
      "windows": 4,
      "gain_vs_acquisition": 1.951021919948614,
      "gain_vs_broad_null": 0.012876745072637696,
      "gain_vs_noise": 52.873069654981975,
      "scrambled_vs_noise": -26.722195872332165,
      "positive_windows_vs_acquisition": 3,
      "reliable_pairs": 104,
      "all_pairs": 112,
      "reliable_failures_over_5hz": 90,
      "max_reliable_shift_error_hz": 144.95720423787776,
      "max_all_shift_error_hz": 151.8043731185919,
      "translated_max_error": 1.2505552149377763e-12,
      "prerequisite_passed": false
    },
    {
      "dataset": "DS9",
      "method": "acquisition_broad",
      "frames": 56,
      "windows": 4,
      "gain_vs_acquisition": 1.7661308687644388,
      "gain_vs_broad_null": -0.33774991490696793,
      "gain_vs_noise": 60.585619162191534,
      "scrambled_vs_noise": -37.71814666383773,
      "positive_windows_vs_acquisition": 3,
      "reliable_pairs": 94,
      "all_pairs": 112,
      "reliable_failures_over_5hz": 77,
      "max_reliable_shift_error_hz": 932.347344112012,
      "max_all_shift_error_hz": 932.347344112012,
      "translated_max_error": 3.751665644813329e-12,
      "prerequisite_passed": false
    },
    {
      "dataset": "DS9",
      "method": "acquisition_broad_null",
      "frames": 56,
      "windows": 4,
      "gain_vs_acquisition": 1.9579883311964286,
      "gain_vs_broad_null": -0.14589245247497826,
      "gain_vs_noise": 60.77747662462352,
      "scrambled_vs_noise": -34.33115677025971,
      "positive_windows_vs_acquisition": 3,
      "reliable_pairs": 44,
      "all_pairs": 112,
      "reliable_failures_over_5hz": 32,
      "max_reliable_shift_error_hz": 45.193205432522575,
      "max_all_shift_error_hz": 932.347344112012,
      "translated_max_error": 3.751665644813329e-12,
      "prerequisite_passed": false
    }
  ],
  "audit": {
    "predictions_checked": 672,
    "max_absolute_error": 5.684341886080802e-14,
    "ast_identical_final_sources": 2
  }
}
