{
  "rows": [
    {
      "reference": 12,
      "channel": 3,
      "receiver": 1,
      "duration_s": 48.824338,
      "reference_points": 86,
      "rolling": {
        "track": 233,
        "coverage_count": 64,
        "coverage": 0.7441860465116279,
        "purity": 1.0,
        "matching_time_range_s": [
          51.446959068,
          85.720245592
        ],
        "complete": false
      },
      "hybrid": {
        "track": 39,
        "coverage_count": 69,
        "coverage": 0.8023255813953488,
        "purity": 1.0,
        "matching_time_range_s": [
          42.264237822,
          85.720245592
        ],
        "complete": true
      },
      "reverse_diagnostic": {
        "track": 275,
        "coverage_count": 69,
        "coverage": 0.8023255813953488,
        "purity": 1.0,
        "matching_time_range_s": [
          42.264237822,
          85.720245592
        ],
        "complete": true
      },
      "input_support": {
        "reference_track_index": 12,
        "input_available_source_coverage": 0.8604651162790697,
        "input_available_source_count": 74,
        "cfo_consistent_input_ceiling_count": 69,
        "cfo_consistent_input_ceiling_coverage": 0.8023255813953488,
        "data_limited_for_primary_coverage": false
      }
    },
    {
      "reference": 48,
      "channel": 4,
      "receiver": 1,
      "duration_s": 32.2881992,
      "reference_points": 54,
      "rolling": {
        "track": 282,
        "coverage_count": 43,
        "coverage": 0.7962962962962963,
        "purity": 0.9148936170212766,
        "matching_time_range_s": [
          202.737219229,
          231.858964391
        ],
        "complete": false
      },
      "hybrid": {
        "track": 60,
        "coverage_count": 48,
        "coverage": 0.8888888888888888,
        "purity": 0.9230769230769231,
        "matching_time_range_s": [
          199.589719822,
          231.858964391
        ],
        "complete": true
      },
      "reverse_diagnostic": {
        "track": 301,
        "coverage_count": 46,
        "coverage": 0.8518518518518519,
        "purity": 0.92,
        "matching_time_range_s": [
          199.589719822,
          230.074978547
        ],
        "complete": true
      },
      "input_support": {
        "reference_track_index": 48,
        "input_available_source_coverage": 0.9444444444444444,
        "input_available_source_count": 51,
        "cfo_consistent_input_ceiling_count": 48,
        "cfo_consistent_input_ceiling_coverage": 0.8888888888888888,
        "data_limited_for_primary_coverage": false
      }
    },
    {
      "reference": 51,
      "channel": 4,
      "receiver": 0,
      "duration_s": 40.5324788,
      "reference_points": 59,
      "rolling": {
        "track": 156,
        "coverage_count": 45,
        "coverage": 0.7627118644067796,
        "purity": 0.9,
        "matching_time_range_s": [
          228.953309124,
          261.448359924
        ],
        "complete": false
      },
      "hybrid": {
        "track": 49,
        "coverage_count": 59,
        "coverage": 1.0,
        "purity": 0.921875,
        "matching_time_range_s": [
          220.934562929,
          261.448359924
        ],
        "complete": true
      },
      "reverse_diagnostic": {
        "track": 206,
        "coverage_count": 4,
        "coverage": 0.06779661016949153,
        "purity": 1.0,
        "matching_time_range_s": [
          220.934562929,
          222.798845944
        ],
        "complete": false
      },
      "input_support": {
        "reference_track_index": 51,
        "input_available_source_coverage": 1.0,
        "input_available_source_count": 59,
        "cfo_consistent_input_ceiling_count": 59,
        "cfo_consistent_input_ceiling_coverage": 1.0,
        "data_limited_for_primary_coverage": false
      }
    },
    {
      "reference": 52,
      "channel": 4,
      "receiver": 1,
      "duration_s": 42.7377756,
      "reference_points": 68,
      "rolling": {
        "track": 284,
        "coverage_count": 46,
        "coverage": 0.6764705882352942,
        "purity": 0.9583333333333334,
        "matching_time_range_s": [
          236.009558865,
          265.396333444
        ],
        "complete": false
      },
      "hybrid": {
        "track": 55,
        "coverage_count": 68,
        "coverage": 1.0,
        "purity": 0.9714285714285714,
        "matching_time_range_s": [
          222.677511943,
          265.396333444
        ],
        "complete": true
      },
      "reverse_diagnostic": {
        "track": 288,
        "coverage_count": 68,
        "coverage": 1.0,
        "purity": 0.9714285714285714,
        "matching_time_range_s": [
          222.677511943,
          265.396333444
        ],
        "complete": true
      },
      "input_support": {
        "reference_track_index": 52,
        "input_available_source_coverage": 1.0,
        "input_available_source_count": 68,
        "cfo_consistent_input_ceiling_count": 68,
        "cfo_consistent_input_ceiling_coverage": 1.0,
        "data_limited_for_primary_coverage": false
      }
    }
  ],
  "diagnostic": "Same rolling binary/config on time-reversed detections, restored to original coordinates; offline diagnostic, not a streaming implementation",
  "binary_sha256": "b1041c0b1495d380fa8744cc95add64873e1cac558644b862b654044b85d5d45",
  "input_sha256": "f02644a28ee65bec4bc7fb3c0fc96155781f5bbf94496d3db0bd897a4a4862cc",
  "reverse_total_represented_excluding_ref10": 44
}
