Sep 13 00:45:54 gauss systemd[1]: Stopping leo-acquisition.service - LEO Tracker Pluto+ acquisition and scanner supervisor...
Sep 13 00:45:54 gauss env[641731]: Scanner-only run stopped: cancelled; 0 scanner run(s) started.
Sep 13 00:45:54 gauss systemd[1]: leo-acquisition.service: Deactivated successfully.
Sep 13 00:45:54 gauss systemd[1]: Stopped leo-acquisition.service - LEO Tracker Pluto+ acquisition and scanner supervisor.
Sep 13 00:45:54 gauss systemd[1]: leo-acquisition.service: Consumed 1.885s CPU time over 26.538s wall clock time, 207.7M memory peak.
Sep 13 00:45:54 gauss systemd[1]: Started leo-acquisition.service - LEO Tracker Pluto+ acquisition and scanner supervisor.
Sep 13 00:45:55 gauss env[642133]: /var/lib/leo/.config/matplotlib is not a writable directory
Sep 13 00:45:55 gauss env[642133]: Matplotlib created a temporary cache directory at /tmp/matplotlib-57r_p9kf because there was an issue with the default path ({configdir}); it is highly recommended to set the MPLCONFIGDIR environment variable to a writable directory, in particular to speed up the import of Matplotlib and to better support multiprocessing.
Sep 13 00:45:56 gauss env[642133]: InvalidStateError: acquisition operation key was reused with different intent
Sep 13 00:45:56 gauss systemd[1]: leo-acquisition.service: Main process exited, code=exited, status=70/SOFTWARE
Sep 13 00:45:56 gauss systemd[1]: leo-acquisition.service: Failed with result 'exit-code'.
Sep 13 00:45:56 gauss systemd[1]: leo-acquisition.service: Consumed 1.627s CPU time over 1.652s wall clock time, 205.1M memory peak.
Sep 13 00:46:01 gauss systemd[1]: leo-acquisition.service: Scheduled restart job, restart counter is at 1.
Sep 13 00:46:01 gauss systemd[1]: Started leo-acquisition.service - LEO Tracker Pluto+ acquisition and scanner supervisor.
Sep 13 00:46:02 gauss env[642205]: /var/lib/leo/.config/matplotlib is not a writable directory
Sep 13 00:46:02 gauss env[642205]: Matplotlib created a temporary cache directory at /tmp/matplotlib-okyzqj2y because there was an issue with the default path ({configdir}); it is highly recommended to set the MPLCONFIGDIR environment variable to a writable directory, in particular to speed up the import of Matplotlib and to better support multiprocessing.
Sep 13 00:46:02 gauss env[642205]: InvalidStateError: acquisition operation key was reused with different intent
Sep 13 00:46:03 gauss systemd[1]: leo-acquisition.service: Main process exited, code=exited, status=70/SOFTWARE
Sep 13 00:46:03 gauss systemd[1]: leo-acquisition.service: Failed with result 'exit-code'.
Sep 13 00:46:03 gauss systemd[1]: leo-acquisition.service: Consumed 1.578s CPU time over 6.618s wall clock time, 205.1M memory peak.
Sep 13 00:46:08 gauss systemd[1]: leo-acquisition.service: Scheduled restart job, restart counter is at 2.
Sep 13 00:46:08 gauss systemd[1]: Started leo-acquisition.service - LEO Tracker Pluto+ acquisition and scanner supervisor.
Sep 13 00:46:08 gauss env[642284]: /var/lib/leo/.config/matplotlib is not a writable directory
Sep 13 00:46:08 gauss env[642284]: Matplotlib created a temporary cache directory at /tmp/matplotlib-js8bdl2j because there was an issue with the default path ({configdir}); it is highly recommended to set the MPLCONFIGDIR environment variable to a writable directory, in particular to speed up the import of Matplotlib and to better support multiprocessing.
Sep 13 00:46:09 gauss env[642284]: InvalidStateError: acquisition operation key was reused with different intent
Sep 13 00:46:09 gauss systemd[1]: leo-acquisition.service: Main process exited, code=exited, status=70/SOFTWARE
Sep 13 00:46:09 gauss systemd[1]: leo-acquisition.service: Failed with result 'exit-code'.
Sep 13 00:46:09 gauss systemd[1]: leo-acquisition.service: Consumed 1.585s CPU time over 6.753s wall clock time, 205.2M memory peak.
