{
  "dataset_id": "DS7",
  "arm": "receiver_slope",
  "state": "returned",
  "x": [
    1.8975576293427592,
    -1.9048079860257225,
    -0.3059461417908706,
    -0.072059565137731,
    0.17296869369980925,
    0.017487333134341896,
    -0.20811597546422914,
    -0.9766877538770199,
    -0.40021172889423234,
    0.3162836473471914,
    1.1085496904187555,
    0.5630625260391733
  ],
  "success": true,
  "message": "CONVERGENCE: RELATIVE REDUCTION OF F <= FACTR*EPSMCH",
  "boundary_hit": false,
  "gradient": [
    0.0004914168221192838,
    -0.00025840873203897274,
    -1.2541183529890532e-05,
    4.899058507845666e-05,
    -3.6885483734039326e-05,
    7.569415375119348e-05,
    -0.0003713674616676599,
    2.0488091116099838e-05,
    0.0003104587877658105,
    -1.1818460578183476e-05,
    0.00011329111244506862,
    -0.001223655195984108
  ],
  "training_log_score": -95003.54709448552,
  "evaluations": 11,
  "iterations": 8,
  "training_nondecreasing": true,
  "qualified": true,
  "original_qualified": false,
  "original_x": [
    1.8976250480939338,
    -1.904810201837458,
    -0.30594597014249475,
    -0.07205184701660769,
    0.17298092606899038,
    0.01749379310219704,
    -0.2081114107972951,
    -0.9766768744484398,
    -0.40021262420593745,
    0.31628764920253977,
    1.1085711874177284,
    0.5630884004849579
  ],
  "position_displacement_m": 0.0674551542255897,
  "estimate": {
    "latitude_deg": 37.839119661531306,
    "longitude_deg": -122.46276133201526
  },
  "held_log_score": -59774.740764965165
}
