{
  "rows": [
    {
      "dataset_id": "DS7",
      "records": 8,
      "historical_joint_error_m": 2541.4795101469135,
      "coordinate_origin_error_m": 809.029031551158,
      "control": {
        "state": "returned",
        "qualified": true,
        "horizontal_error_m": 2541.4797208721325,
        "below_1km": false,
        "estimate": {
          "latitude_deg": 37.838863754215815,
          "longitude_deg": -122.45984892447473
        },
        "training_log_score": -95020.4624931156,
        "held_log_score": -59779.203818076225,
        "held_observations": 8622,
        "tracks": 486,
        "boundary_hit": false,
        "max_abs_gradient": 0.0012465750193939584,
        "successful_starts": 3,
        "qualified_starts": 2,
        "max_start_position_separation_km": 1.0087316844998653e-05
      },
      "receiver_slope": {
        "state": "returned",
        "qualified": false,
        "horizontal_error_m": 2301.6532583722633,
        "below_1km": false,
        "estimate": {
          "latitude_deg": 37.83911964160405,
          "longitude_deg": -122.46276056409839
        },
        "training_log_score": -95003.54709488014,
        "held_log_score": -59774.7410379358,
        "held_observations": 8622,
        "tracks": 486,
        "boundary_hit": false,
        "max_abs_gradient": 0.019526148516234798,
        "successful_starts": 3,
        "qualified_starts": 0,
        "max_start_position_separation_km": 0.0007012833849457449,
        "receiver_slopes_native_hz_s": [
          1.1085711874177284,
          0.5630884004849579
        ]
      },
      "paired": {
        "geographic_delta_m": -239.8264624998692,
        "held_log_score_delta": 4.46278014042764,
        "positive_held_records": 4,
        "held_deltas_by_record": [
          -1.623613998217479,
          2.7581642750128594,
          -6.123610635543628,
          -12.048135996523342,
          2.4514850351115456,
          -1.6964740873354458,
          11.22589518096538,
          9.519070366957749
        ],
        "equal_record_mean_delta_nats_per_observation": 0.0009051818437600808,
        "both_qualified": false
      },
      "polished": {
        "control": {
          "state": "returned",
          "qualified": true,
          "horizontal_error_m": 2541.4796476995484,
          "below_1km": false,
          "estimate": {
            "latitude_deg": 37.83886375582832,
            "longitude_deg": -122.4598489243881
          },
          "training_log_score": -95020.46249311547,
          "held_log_score": -59779.20390555364,
          "max_abs_gradient": 0.0004941287798239102,
          "held_observations": 8622,
          "tracks": 486,
          "original_qualified": true,
          "position_displacement_m": 0.00017946354398564037,
          "training_score_change": 1.3096723705530167e-10
        },
        "receiver_slope": {
          "state": "returned",
          "qualified": true,
          "horizontal_error_m": 2301.593042283817,
          "below_1km": false,
          "estimate": {
            "latitude_deg": 37.839119661531306,
            "longitude_deg": -122.46276133201526
          },
          "training_log_score": -95003.54709448552,
          "held_log_score": -59774.740764965165,
          "max_abs_gradient": 0.001223655195984108,
          "held_observations": 8622,
          "tracks": 486,
          "original_qualified": false,
          "position_displacement_m": 0.0674551542255897,
          "training_score_change": 3.946188371628523e-07,
          "receiver_slopes_native_hz_s": [
            1.1085496904187555,
            0.5630625260391733
          ]
        }
      },
      "polished_paired": {
        "geographic_delta_m": -239.88660541573154,
        "held_log_score_delta": 4.463140588471106,
        "positive_held_records": 4,
        "held_deltas_by_record": [
          -1.6262354291402517,
          2.758322396767653,
          -6.121401620061988,
          -12.048071749033625,
          2.451409081273596,
          -1.6968282497200562,
          11.226227318459678,
          9.5197188399261
        ],
        "equal_record_mean_delta_nats_per_observation": 0.0009051882527516908,
        "both_qualified": true
      },
      "curvature": {
        "dataset_id": "DS7",
        "point_source": "reports/2026_09_28_pooled_receiver_slope/polished/DS7/receiver_slope/result.json",
        "state": "checked",
        "visibility_stable": true,
        "normalized_raw_asymmetry": [
          4.291515555770556e-05,
          1.0730907576664044e-05
        ],
        "normalized_step_sensitivity": 6.0823978521483666e-05,
        "two_step_stable": true,
        "positive_profiled_information": true,
        "comparisons": [
          {
            "state": "positive",
            "fixed_slope_information": [
              [
                99.94442337177904,
                0.5948581246557261
              ],
              [
                0.5948581246557261,
                183.11015329955256
              ]
            ],
            "free_slope_information": [
              [
                80.32191201235284,
                2.688385337451866
              ],
              [
                2.688385337451866,
                182.68070104759667
              ]
            ],
            "retention_eigenvalues": [
              0.8022982603518378,
              0.9988822461645239
            ]
          },
          {
            "state": "positive",
            "fixed_slope_information": [
              [
                99.94422384240033,
                0.6011104431321712
              ],
              [
                0.6011104431321712,
                183.08714971677648
              ]
            ],
            "free_slope_information": [
              [
                80.32319190118352,
                2.6930504202669283
              ],
              [
                2.6930504202669283,
                182.65811154078898
              ]
            ],
            "retention_eigenvalues": [
              0.8023128531179337,
              0.9988826056504687
            ]
          }
        ],
        "interior_identifiability_check_passed": true,
        "minimum_timing_knot_distance_s": 0.017487333134341896,
        "scope": "Local curvature; not calibrated geographic uncertainty or global uniqueness."
      }
    },
    {
      "dataset_id": "DS8",
      "records": 8,
      "historical_joint_error_m": 1423.7069328587072,
      "coordinate_origin_error_m": 809.029031551158,
      "control": {
        "state": "returned",
        "qualified": true,
        "horizontal_error_m": 1423.706930263617,
        "below_1km": false,
        "estimate": {
          "latitude_deg": 37.861848245874114,
          "longitude_deg": -122.48644862042663
        },
        "training_log_score": -100715.2599402519,
        "held_log_score": -62052.62996186123,
        "held_observations": 8959,
        "tracks": 485,
        "boundary_hit": false,
        "max_abs_gradient": 0.0004031725724473745,
        "successful_starts": 3,
        "qualified_starts": 1,
        "max_start_position_separation_km": 6.804842617200468e-05
      },
      "receiver_slope": {
        "state": "returned",
        "qualified": false,
        "horizontal_error_m": 1550.7180653095386,
        "below_1km": false,
        "estimate": {
          "latitude_deg": 37.8619275811992,
          "longitude_deg": -122.49255396355647
        },
        "training_log_score": -100567.10154771619,
        "held_log_score": -62000.56254735616,
        "held_observations": 8959,
        "tracks": 485,
        "boundary_hit": false,
        "max_abs_gradient": 0.011338712277471075,
        "successful_starts": 3,
        "qualified_starts": 0,
        "max_start_position_separation_km": 0.0005454165663143504,
        "receiver_slopes_native_hz_s": [
          2.848190233939982,
          2.78228420471146
        ]
      },
      "paired": {
        "geographic_delta_m": 127.01113504592149,
        "held_log_score_delta": 52.06741450507161,
        "positive_held_records": 5,
        "held_deltas_by_record": [
          -91.22421499788106,
          27.809656049616933,
          48.44091964167728,
          -68.14899525302462,
          38.87663607586728,
          -38.33783020294595,
          49.34933520965569,
          85.30190798210606
        ],
        "equal_record_mean_delta_nats_per_observation": 0.009122835432653542,
        "both_qualified": false
      },
      "polished": {
        "control": {
          "state": "returned",
          "qualified": true,
          "horizontal_error_m": 1423.7069369711237,
          "below_1km": false,
          "estimate": {
            "latitude_deg": 37.86184824593576,
            "longitude_deg": -122.48644862038893
          },
          "training_log_score": -100715.25994025142,
          "held_log_score": -62052.62996060637,
          "max_abs_gradient": 0.00036524137622961916,
          "held_observations": 8959,
          "tracks": 485,
          "original_qualified": true,
          "position_displacement_m": 7.612065287028531e-06,
          "training_score_change": 4.802132025361061e-10
        },
        "receiver_slope": {
          "state": "returned",
          "qualified": true,
          "horizontal_error_m": 1550.7340657374875,
          "below_1km": false,
          "estimate": {
            "latitude_deg": 37.861927533978744,
            "longitude_deg": -122.49255458037116
          },
          "training_log_score": -100567.10154737793,
          "held_log_score": -62000.56148661277,
          "max_abs_gradient": 0.0022812531910005873,
          "held_observations": 8959,
          "tracks": 485,
          "original_qualified": false,
          "position_displacement_m": 0.05440679421729108,
          "training_score_change": 3.3825926948338747e-07,
          "receiver_slopes_native_hz_s": [
            2.848204253420067,
            2.7822847766977787
          ]
        }
      },
      "polished_paired": {
        "geographic_delta_m": 127.02712876636383,
        "held_log_score_delta": 52.06847399359776,
        "positive_held_records": 5,
        "held_deltas_by_record": [
          -91.22191657885378,
          27.812279815754664,
          48.44163854580984,
          -68.14869358468968,
          38.87382968150996,
          -38.33676840557655,
          49.3482341426261,
          85.29987037701721
        ],
        "equal_record_mean_delta_nats_per_observation": 0.009123000788969765,
        "both_qualified": true
      },
      "curvature": {
        "dataset_id": "DS8",
        "point_source": "reports/2026_09_28_pooled_receiver_slope/polished/DS8/receiver_slope/result.json",
        "state": "checked",
        "visibility_stable": true,
        "normalized_raw_asymmetry": [
          5.2131334734487645e-05,
          1.2726064550569042e-05
        ],
        "normalized_step_sensitivity": 0.026939863447716286,
        "two_step_stable": true,
        "positive_profiled_information": true,
        "comparisons": [
          {
            "state": "positive",
            "fixed_slope_information": [
              [
                210.8095023204109,
                28.81823389513896
              ],
              [
                28.81823389513896,
                288.7664164982311
              ]
            ],
            "free_slope_information": [
              [
                156.09028012915024,
                24.005844831934134
              ],
              [
                24.005844831934134,
                288.32958530040804
              ]
            ],
            "retention_eigenvalues": [
              0.7399760849261596,
              0.9999523488030453
            ]
          },
          {
            "state": "positive",
            "fixed_slope_information": [
              [
                210.78201821399122,
                28.82151509045169
              ],
              [
                28.82151509045169,
                288.82498662060937
              ]
            ],
            "free_slope_information": [
              [
                156.10457866093606,
                23.96936041277438
              ],
              [
                23.96936041277438,
                288.3802357326734
              ]
            ],
            "retention_eigenvalues": [
              0.7401550387993352,
              0.9999503671902337
            ]
          }
        ],
        "interior_identifiability_check_passed": true,
        "minimum_timing_knot_distance_s": 0.0016197849282393317,
        "scope": "Local curvature; not calibrated geographic uncertainty or global uniqueness."
      }
    },
    {
      "dataset_id": "DS9",
      "records": 8,
      "historical_joint_error_m": 1212.9552990203795,
      "coordinate_origin_error_m": 809.029031551158,
      "control": {
        "state": "returned",
        "qualified": false,
        "horizontal_error_m": 1212.9785676278905,
        "below_1km": false,
        "estimate": {
          "latitude_deg": 37.85145087763227,
          "longitude_deg": -122.47227685497232
        },
        "training_log_score": -92851.50525031252,
        "held_log_score": -60721.14058053088,
        "held_observations": 8484,
        "tracks": 491,
        "boundary_hit": false,
        "max_abs_gradient": 0.010266622028225925,
        "successful_starts": 3,
        "qualified_starts": 1,
        "max_start_position_separation_km": 0.00010441989434066723
      },
      "receiver_slope": {
        "state": "returned",
        "qualified": false,
        "horizontal_error_m": 1750.3733652678009,
        "below_1km": false,
        "estimate": {
          "latitude_deg": 37.854335236330925,
          "longitude_deg": -122.46697338582246
        },
        "training_log_score": -92702.37243300035,
        "held_log_score": -60615.35401354094,
        "held_observations": 8484,
        "tracks": 491,
        "boundary_hit": false,
        "max_abs_gradient": 0.05667998134404684,
        "successful_starts": 3,
        "qualified_starts": 0,
        "max_start_position_separation_km": 0.0005555438701404343,
        "receiver_slopes_native_hz_s": [
          -1.8736214209905417,
          -4.042152692117783
        ]
      },
      "paired": {
        "geographic_delta_m": 537.3947976399104,
        "held_log_score_delta": 105.78656698993473,
        "positive_held_records": 5,
        "held_deltas_by_record": [
          34.37907262794488,
          56.815477041947815,
          9.082275469288106,
          72.783831832945,
          -1.7026427978989886,
          6.9470388035933865,
          -25.484816355485236,
          -47.03366963240023
        ],
        "equal_record_mean_delta_nats_per_observation": 0.01249261947246204,
        "both_qualified": false
      },
      "polished": {
        "control": {
          "state": "returned",
          "qualified": true,
          "horizontal_error_m": 1212.9784255751115,
          "below_1km": false,
          "estimate": {
            "latitude_deg": 37.85145094318359,
            "longitude_deg": -122.47227687530395
          },
          "training_log_score": -92851.50525015993,
          "held_log_score": -60721.13947851085,
          "max_abs_gradient": 0.001948053904527569,
          "held_observations": 8484,
          "tracks": 491,
          "original_qualified": false,
          "position_displacement_m": 0.007504362705597516,
          "training_score_change": 1.525913830846548e-07
        },
        "receiver_slope": {
          "state": "returned",
          "qualified": true,
          "horizontal_error_m": 1750.419614289911,
          "below_1km": false,
          "estimate": {
            "latitude_deg": 37.854334107469974,
            "longitude_deg": -122.46697231799932
          },
          "training_log_score": -92702.37242985154,
          "held_log_score": -60615.350055497714,
          "max_abs_gradient": 0.003841939413380402,
          "held_observations": 8484,
          "tracks": 491,
          "original_qualified": false,
          "position_displacement_m": 0.1566685663227475,
          "training_score_change": 3.148801624774933e-06,
          "receiver_slopes_native_hz_s": [
            -1.873543181287737,
            -4.041940668195903
          ]
        }
      },
      "polished_paired": {
        "geographic_delta_m": 537.4411887147994,
        "held_log_score_delta": 105.78942301313327,
        "positive_held_records": 5,
        "held_deltas_by_record": [
          34.37990662566699,
          56.819077932557775,
          9.085124265277045,
          72.78697834626473,
          -1.70305931990697,
          6.94345157277894,
          -25.48979100665383,
          -47.03226540285141
        ],
        "equal_record_mean_delta_nats_per_observation": 0.012492988403318608,
        "both_qualified": true
      },
      "curvature": {
        "dataset_id": "DS9",
        "point_source": "reports/2026_09_28_pooled_receiver_slope/polished/DS9/receiver_slope/result.json",
        "state": "checked",
        "visibility_stable": true,
        "normalized_raw_asymmetry": [
          0.00012305513234482936,
          3.0769160771389e-05
        ],
        "normalized_step_sensitivity": 0.00018277314030923359,
        "two_step_stable": true,
        "positive_profiled_information": true,
        "comparisons": [
          {
            "state": "positive",
            "fixed_slope_information": [
              [
                55.7302194819776,
                -5.009273385818005
              ],
              [
                -5.009273385818005,
                155.85261098460361
              ]
            ],
            "free_slope_information": [
              [
                43.11150307205048,
                -9.600610339146478
              ],
              [
                -9.600610339146478,
                151.06117282242354
              ]
            ],
            "retention_eigenvalues": [
              0.7553627134592906,
              0.9814125241604696
            ]
          },
          {
            "state": "positive",
            "fixed_slope_information": [
              [
                55.738833893127804,
                -5.001343133118503
              ],
              [
                -5.001343133118503,
                155.86915185559332
              ]
            ],
            "free_slope_information": [
              [
                43.11683500474689,
                -9.593673182599716
              ],
              [
                -9.593673182599716,
                151.07693253812943
              ]
            ],
            "retention_eigenvalues": [
              0.7553500254017419,
              0.9814107472842433
            ]
          }
        ],
        "interior_identifiability_check_passed": true,
        "minimum_timing_knot_distance_s": 0.04929614957053752,
        "scope": "Local curvature; not calibrated geographic uncertainty or global uniqueness."
      }
    }
  ],
  "bootstrap": [
    {
      "unit_id": "DS8-008",
      "horizontal_error_m": 1388.827777042678,
      "estimate": {
        "latitude_deg": 37.85207606753111,
        "longitude_deg": -122.47040630744836
      },
      "qualified": true,
      "held_log_score": -8213.491336446777
    },
    {
      "unit_id": "DS8-first8",
      "horizontal_error_m": 1423.7069328587072,
      "estimate": {
        "latitude_deg": 37.86184824595499,
        "longitude_deg": -122.48644861872539
      },
      "qualified": true,
      "held_log_score": -62052.62992788562
    }
  ],
  "ds8_completed_individual_panel": {
    "returned_records": 8,
    "qualified_records": 8,
    "below_1km_qualified": 1,
    "median_all_returned_error_m": 3366.102517012985,
    "scope": "Follow-up completion; original seven-returned panel ledger remains unchanged."
  },
  "audit": {
    "bindings": 208,
    "geographic_checks": 20,
    "start_checks": 18,
    "polishing_checks": 6
  }
}
