{
  "dataset_id": "DS9",
  "arm": "control",
  "state": "returned",
  "x": [
    1.0621468245900563,
    -0.5336311226998844,
    0.09956526045831272,
    0.5318237946717146,
    0.5276491917064937,
    -0.16625657008942246,
    -1.1136510849430483,
    -0.49356862545737695,
    -1.1401551030167971,
    -1.0564655632974793
  ],
  "success": true,
  "message": "CONVERGENCE: RELATIVE REDUCTION OF F <= FACTR*EPSMCH",
  "boundary_hit": false,
  "gradient": [
    -0.00022456472740195466,
    0.001948053904527569,
    -0.0009488726473136921,
    0.0005234352588558977,
    -0.00015368760037404172,
    -0.001538433751857582,
    -0.0008458265511990248,
    0.0008188315607817742,
    0.0002341390827140799,
    0.0011541758297255456
  ],
  "training_log_score": -92851.50525015993,
  "evaluations": 5,
  "iterations": 3,
  "training_nondecreasing": true,
  "qualified": true,
  "original_qualified": false,
  "original_x": [
    1.0621486095921142,
    -0.5336384116797356,
    0.09955971382555923,
    0.5318274989841695,
    0.5276521312238978,
    -0.16625606186932762,
    -1.1136558886972372,
    -0.49357795750832617,
    -1.1401580379890077,
    -1.0564598798866855
  ],
  "position_displacement_m": 0.007504362705597516,
  "estimate": {
    "latitude_deg": 37.85145094318359,
    "longitude_deg": -122.47227687530395
  },
  "held_log_score": -60721.13947851085
}
