{
  "dataset_id": "DS7",
  "arm": "control",
  "state": "returned",
  "x": [
    2.1532505231440964,
    -1.9332634206695498,
    -0.3025869356404,
    -0.06154213942246459,
    0.19449071163896184,
    0.032839131325608825,
    -0.187220154354778,
    -0.9558979127009611,
    -0.3943075265509074,
    0.3333758569271814
  ],
  "success": true,
  "message": "CONVERGENCE: RELATIVE REDUCTION OF F <= FACTR*EPSMCH",
  "boundary_hit": false,
  "gradient": [
    8.349110649952252e-05,
    0.0004941287798239102,
    1.4998212407135725e-05,
    -2.4976846649593654e-05,
    -0.0001538207468456676,
    -8.744902907054097e-05,
    -0.0003303878286260442,
    -5.7792103101306225e-05,
    -0.00010240192895594191,
    -4.0193809141442216e-05
  ],
  "training_log_score": -95020.46249311547,
  "evaluations": 3,
  "iterations": 1,
  "training_nondecreasing": true,
  "qualified": true,
  "original_qualified": true,
  "original_x": [
    2.153250515538414,
    -1.9332635999718566,
    -0.30258694605442743,
    -0.06154209451550004,
    0.19449089414083012,
    0.03283917849505952,
    -0.18722058123465266,
    -0.9558978714744415,
    -0.3943073809092221,
    0.33337591199838995
  ],
  "position_displacement_m": 0.00017946354398564037,
  "estimate": {
    "latitude_deg": 37.83886375582832,
    "longitude_deg": -122.4598489243881
  },
  "held_log_score": -59779.20390555364
}
