[
  {
    "family": "iid",
    "scale": 100,
    "decay_s": 0,
    "id": "iid_s100_t0",
    "train": -100715.2599402514,
    "held": -62052.62996060636
  },
  {
    "family": "iid",
    "scale": 300,
    "decay_s": 0,
    "id": "iid_s300_t0",
    "train": -103005.944733261,
    "held": -63070.85709697085
  },
  {
    "family": "iid",
    "scale": 1000,
    "decay_s": 0,
    "id": "iid_s1000_t0",
    "train": -115899.60313184364,
    "held": -71285.14760660782
  },
  {
    "family": "mvt",
    "scale": 100,
    "decay_s": 0,
    "id": "mvt_s100_t0",
    "train": -97838.91794054628,
    "held": -59446.027203743426
  },
  {
    "family": "mvt",
    "scale": 300,
    "decay_s": 0,
    "id": "mvt_s300_t0",
    "train": -99418.42829433897,
    "held": -59816.57914211687
  },
  {
    "family": "mvt",
    "scale": 1000,
    "decay_s": 0,
    "id": "mvt_s1000_t0",
    "train": -107726.13302727968,
    "held": -63203.420105061676
  },
  {
    "family": "mvt",
    "scale": 100,
    "decay_s": 1,
    "id": "mvt_s100_t1",
    "train": -94365.04728513982,
    "held": -55003.04607637153
  },
  {
    "family": "mvt",
    "scale": 300,
    "decay_s": 1,
    "id": "mvt_s300_t1",
    "train": -96174.95629394164,
    "held": -55532.915881521454
  },
  {
    "family": "mvt",
    "scale": 1000,
    "decay_s": 1,
    "id": "mvt_s1000_t1",
    "train": -105152.39007023453,
    "held": -59639.820756383764
  },
  {
    "family": "mvt",
    "scale": 100,
    "decay_s": 10,
    "id": "mvt_s100_t10",
    "train": -91352.00288142997,
    "held": -53111.27759700359
  },
  {
    "family": "mvt",
    "scale": 300,
    "decay_s": 10,
    "id": "mvt_s300_t10",
    "train": -92570.78352414783,
    "held": -53434.451771924505
  },
  {
    "family": "mvt",
    "scale": 1000,
    "decay_s": 10,
    "id": "mvt_s1000_t10",
    "train": -100947.59970501013,
    "held": -56946.856408950815
  },
  {
    "family": "mvt",
    "scale": 100,
    "decay_s": 60,
    "id": "mvt_s100_t60",
    "train": -92659.4134666158,
    "held": -53646.290533341584
  },
  {
    "family": "mvt",
    "scale": 300,
    "decay_s": 60,
    "id": "mvt_s300_t60",
    "train": -92958.02453939026,
    "held": -53889.72641257226
  },
  {
    "family": "mvt",
    "scale": 1000,
    "decay_s": 60,
    "id": "mvt_s1000_t60",
    "train": -99713.6186426886,
    "held": -56755.79015203639
  }
]
