[
  {
    "family": "iid",
    "scale": 100,
    "decay_s": 0,
    "id": "iid_s100_t0",
    "train": -92851.50525015991,
    "held": -60721.13947851084
  },
  {
    "family": "iid",
    "scale": 300,
    "decay_s": 0,
    "id": "iid_s300_t0",
    "train": -94141.41211151452,
    "held": -60748.094103625444
  },
  {
    "family": "iid",
    "scale": 1000,
    "decay_s": 0,
    "id": "iid_s1000_t0",
    "train": -104869.02450984571,
    "held": -67796.37841814596
  },
  {
    "family": "mvt",
    "scale": 100,
    "decay_s": 0,
    "id": "mvt_s100_t0",
    "train": -88796.34995324277,
    "held": -57150.40473607027
  },
  {
    "family": "mvt",
    "scale": 300,
    "decay_s": 0,
    "id": "mvt_s300_t0",
    "train": -90536.9209380037,
    "held": -57529.34688970745
  },
  {
    "family": "mvt",
    "scale": 1000,
    "decay_s": 0,
    "id": "mvt_s1000_t0",
    "train": -98106.30931477607,
    "held": -60743.50750110318
  },
  {
    "family": "mvt",
    "scale": 100,
    "decay_s": 1,
    "id": "mvt_s100_t1",
    "train": -85780.8006487878,
    "held": -52882.376036088805
  },
  {
    "family": "mvt",
    "scale": 300,
    "decay_s": 1,
    "id": "mvt_s300_t1",
    "train": -87659.48580398122,
    "held": -53383.51603278048
  },
  {
    "family": "mvt",
    "scale": 1000,
    "decay_s": 1,
    "id": "mvt_s1000_t1",
    "train": -95763.3044256091,
    "held": -57235.80714117456
  },
  {
    "family": "mvt",
    "scale": 100,
    "decay_s": 10,
    "id": "mvt_s100_t10",
    "train": -82733.81057788867,
    "held": -50669.62929758015
  },
  {
    "family": "mvt",
    "scale": 300,
    "decay_s": 10,
    "id": "mvt_s300_t10",
    "train": -84058.47592043407,
    "held": -50980.62993467604
  },
  {
    "family": "mvt",
    "scale": 1000,
    "decay_s": 10,
    "id": "mvt_s1000_t10",
    "train": -91731.50975128943,
    "held": -54376.7910676316
  },
  {
    "family": "mvt",
    "scale": 100,
    "decay_s": 60,
    "id": "mvt_s100_t60",
    "train": -84054.59084410187,
    "held": -51253.773916379025
  },
  {
    "family": "mvt",
    "scale": 300,
    "decay_s": 60,
    "id": "mvt_s300_t60",
    "train": -84487.19382106798,
    "held": -51467.68207624178
  },
  {
    "family": "mvt",
    "scale": 1000,
    "decay_s": 60,
    "id": "mvt_s1000_t60",
    "train": -90708.51743392691,
    "held": -54220.89463445089
  }
]
