{
  "dataset_id": "DS9",
  "point_source": "reports/2026_09_28_pooled_receiver_slope/polished/DS9/receiver_slope/result.json",
  "state": "checked",
  "visibility_stable": true,
  "normalized_raw_asymmetry": [
    0.00012305513234482936,
    3.0769160771389e-05
  ],
  "normalized_step_sensitivity": 0.00018277314030923359,
  "two_step_stable": true,
  "positive_profiled_information": true,
  "comparisons": [
    {
      "state": "positive",
      "fixed_slope_information": [
        [
          55.7302194819776,
          -5.009273385818005
        ],
        [
          -5.009273385818005,
          155.85261098460361
        ]
      ],
      "free_slope_information": [
        [
          43.11150307205048,
          -9.600610339146478
        ],
        [
          -9.600610339146478,
          151.06117282242354
        ]
      ],
      "retention_eigenvalues": [
        0.7553627134592906,
        0.9814125241604696
      ]
    },
    {
      "state": "positive",
      "fixed_slope_information": [
        [
          55.738833893127804,
          -5.001343133118503
        ],
        [
          -5.001343133118503,
          155.86915185559332
        ]
      ],
      "free_slope_information": [
        [
          43.11683500474689,
          -9.593673182599716
        ],
        [
          -9.593673182599716,
          151.07693253812943
        ]
      ],
      "retention_eigenvalues": [
        0.7553500254017419,
        0.9814107472842433
      ]
    }
  ],
  "interior_identifiability_check_passed": true,
  "minimum_timing_knot_distance_s": 0.04929614957053752,
  "scope": "Local curvature; not calibrated geographic uncertainty or global uniqueness."
}
