[
  {
    "dataset": "DS7",
    "comparison": "all24",
    "tracks": 486,
    "held_observations": 8622,
    "held_delta": -135.09827078921558,
    "gross_loss": 650.2026702720515,
    "gross_gain": 515.1043994828359,
    "positive_tracks": 225,
    "map_changed_tracks": 8,
    "same_map_held_delta": -127.4583849860244,
    "changed_map_held_delta": -7.639885803191092,
    "top_decile_count": 49,
    "training_ranked_gross_loss_share": 0.525603932079689,
    "held_ranked_gross_loss_share": 0.5882326222554679,
    "training_ranked_held_delta": -341.7490801437038,
    "direction_ranked_positive_gradient_share": 0.5475404643070336,
    "position_gradient_sum": [
      138.58898894062227,
      -278.6677991979092
    ]
  },
  {
    "dataset": "DS7",
    "comparison": "transfer",
    "tracks": 486,
    "held_observations": 8622,
    "held_delta": -381.477657700079,
    "gross_loss": 1099.2129057779077,
    "gross_gain": 717.7352480778287,
    "positive_tracks": 215,
    "map_changed_tracks": 10,
    "same_map_held_delta": -342.92846861672933,
    "changed_map_held_delta": -38.549189083349674,
    "top_decile_count": 49,
    "training_ranked_gross_loss_share": 0.5124661920345145,
    "held_ranked_gross_loss_share": 0.5662887676869685,
    "training_ranked_held_delta": -563.309452059198,
    "direction_ranked_positive_gradient_share": 0.5203412623361573,
    "position_gradient_sum": [
      193.38823448899848,
      -458.43572520288063
    ]
  }
]
