validated no-follow cache tree: /var/lib/leo/.cache
verified staged release source revision=2bb4c3b1ec806b7c9181ff577a1c87387331f604 tree=388618ca7fe31b6d79f2042fd57f3023948e051e at /opt/leo-tracker/releases/.staging-2bb4c3b1ec806b7c9181ff577a1c87387331f604
Using CPython 3.14.4 interpreter at: /usr/bin/python3.14
Creating virtual environment at: .venv
   Building leo-tracker @ file:///opt/leo-tracker/releases/2bb4c3b1ec806b7c9181ff577a1c87387331f604
warning: Failed to hardlink files; falling back to full copy. This may lead to degraded performance.
         If the cache and target directories are on different filesystems, hardlinking may not be supported.
         If this is intentional, set `export UV_LINK_MODE=copy` or use `--link-mode=copy` to suppress this warning.
      Built leo-tracker @ file:///opt/leo-tracker/releases/2bb4c3b1ec806b7c9181ff577a1c87387331f604
Prepared 1 package in 1.72s
Installed 65 packages in 524ms
 + alembic==1.19.1
 + annotated-doc==0.0.5
 + annotated-types==0.8.0
 + anyio==4.14.2
 + certifi==2026.7.22
 + click==8.4.2
 + contourpy==1.3.3
 + cycler==0.12.1
 + fastapi==0.141.1
 + fonttools==4.63.0
 + greenlet==3.5.5
 + h11==0.16.0
 + httpcore==1.0.9
 + httptools==0.8.0
 + httpx==0.28.1
 + idna==3.19
 + iniconfig==2.3.0
 + kiwisolver==1.5.0
 + leo-tracker==0.1.0 (from file:///opt/leo-tracker/releases/2bb4c3b1ec806b7c9181ff577a1c87387331f604)
 + librt==0.15.0
 + libusb1==3.4.0
 + mako==1.4.1
 + markdown-it-py==4.2.0
 + markupsafe==3.0.3
 + matplotlib==3.11.1
 + mdurl==0.1.2
 + mypy==1.20.2
 + mypy-extensions==1.1.0
 + numpy==2.4.6
 + packaging==26.3
 + pathspec==1.1.1
 + pexpect==4.9.0
 + pillow==12.3.0
 + pluggy==1.6.0
 + pluto-plus-utils==0.1.0 (from git+https://github.com/misko/pluto-plus-utils@7c3829887f3526710bbc1a002fb9d4cf4e554bf6)
 + psycopg==3.3.4
 + psycopg-binary==3.3.4
 + ptyprocess==0.7.0
 + pyadi-iio==0.0.21
 + pydantic==2.13.4
 + pydantic-core==2.46.4
 + pygments==2.21.0
 + pylibiio==0.25
 + pyparsing==3.3.2
 + pytest==9.1.1
 + python-dateutil==2.9.0.post0
 + python-dotenv==1.2.3
 + pyyaml==6.0.3
 + rich==14.3.4
 + ruff==0.16.3
 + setuptools==81.0.0
 + sgp4==2.27
 + shellingham==1.5.4
 + six==1.17.0
 + sqlalchemy==2.0.52
 + starlette==1.6.0
 + typer==0.27.1
 + types-pyyaml==6.0.12.20260815
 + typing-extensions==4.16.0
 + typing-inspection==0.4.4
 + uvicorn==0.52.3
 + uvloop==0.22.1
 + watchfiles==1.2.0
 + websockets==17.0.1
 + zstandard==0.25.0
-- cmake version: 4.2.3
-- The C compiler identification is GNU 15.2.0
-- Detecting C compiler ABI info
-- Detecting C compiler ABI info - done
-- Check for working C compiler: /usr/bin/cc - skipped
-- Detecting C compile features
-- Detecting C compile features - done
-- Performing Test HAS_WPEDANTIC
-- Performing Test HAS_WPEDANTIC - Success
-- Performing Test HAS_WSHADOW
-- Performing Test HAS_WSHADOW - Success
-- Looking for strdup
-- Looking for strdup - found
-- Looking for strndup
-- Looking for strndup - found
-- Looking for strerror_r
-- Looking for strerror_r - found
-- Looking for strtok_r
-- Looking for strtok_r - found
-- Looking for newlocale
-- Looking for newlocale - found
-- Looking for in6addr_any
-- Looking for in6addr_any - found
-- Found PkgConfig: /usr/bin/pkg-config (found version "2.5.1")
-- Checking for module 'libusb-1.0'
--   Found libusb-1.0, version 1.0.29
-- Looking for libusb_get_version
-- Looking for libusb_get_version - found
-- Found Git: /usr/bin/git (found version "2.53.0")
-- Performing Test WITH_NETWORK_EVENTFD
-- Performing Test WITH_NETWORK_EVENTFD - Success
-- Building without DNS-SD (ZeroConf) support
-- Found LibXml2: /usr/lib/x86_64-linux-gnu/libxml2.so (found version "2.15.2")
-- bin=/opt/leo-tracker/releases/2bb4c3b1ec806b7c9181ff577a1c87387331f604/.venv/bin/python lib= inc=
-- Found Python: /opt/leo-tracker/releases/2bb4c3b1ec806b7c9181ff577a1c87387331f604/.venv/bin/python (found version "3.14.4") found components: Interpreter
-- Python_EXECUTABLE /opt/leo-tracker/releases/2bb4c3b1ec806b7c9181ff577a1c87387331f604/.venv/bin/python
-- Features enabled : xml network ipv6 local local-mmap hwmon usb utils man-utils python-bindings
-- Features disabled: zstd dns-sd avahi bonjour serial examples iiod udev-rule c++-bindings doc man c#-bindings
-- LOG_LEVEL set to "Info"
-- Configuring done (0.8s)
-- Generating done (0.0s)
-- Build files have been written to: /tmp/pluto-plus-libiio.otezS0/build
[ 18%] Building C object tests/CMakeFiles/test_spf_hop_protocol.dir/__/iiod/spf-hop-protocol.c.o
[ 18%] Building C object tests/CMakeFiles/test_thread_pool_affinity.dir/test_thread_pool_affinity.c.o
[ 18%] Building C object tests/CMakeFiles/test_spf_hop_protocol.dir/test_spf_hop_protocol.c.o
[ 18%] Building C object tests/CMakeFiles/test_spf_hop_session.dir/test_spf_hop_session.c.o
[ 18%] Building C object tests/CMakeFiles/test_iiod_command_batch.dir/test_iiod_command_batch.c.o
[ 18%] Building C object CMakeFiles/iio.dir/backend.c.o
[ 18%] Building C object tests/CMakeFiles/test_iiod_command_batch.dir/__/iiod-command-batch.c.o
[ 18%] Building C object CMakeFiles/iio.dir/context.c.o
[ 18%] Building C object tests/CMakeFiles/test_spf_hop_session.dir/__/iiod/spf-hop-protocol.c.o
[ 18%] Building C object CMakeFiles/iio.dir/device.c.o
[ 18%] Building C object tests/CMakeFiles/test_spf_hop_session.dir/__/iiod/spf-hop-session.c.o
[ 18%] Building C object CMakeFiles/iio.dir/utilities.c.o
[ 20%] Building C object CMakeFiles/iio.dir/channel.c.o
[ 21%] Building C object tests/CMakeFiles/test_spf_hop_scheduler.dir/test_spf_hop_scheduler.c.o
[ 23%] Building C object tests/CMakeFiles/test_thread_pool_affinity.dir/__/iiod/thread-pool.c.o
[ 25%] Building C object CMakeFiles/iio.dir/scan.c.o
[ 26%] Building C object tests/CMakeFiles/test_spf_hop_scheduler.dir/__/iiod/spf-hop-scheduler.c.o
[ 28%] Building C object tests/CMakeFiles/test_spf_hop_scheduler.dir/__/iiod/spf-hop-protocol.c.o
[ 29%] Building C object CMakeFiles/iio.dir/sort.c.o
[ 34%] Building C object CMakeFiles/iio.dir/usb.c.o
[ 34%] Building C object CMakeFiles/iio.dir/local.c.o
[ 34%] Building C object CMakeFiles/iio.dir/buffer.c.o
[ 35%] Building C object CMakeFiles/iio.dir/deps/libini/libini.c.o
[ 37%] Building C object CMakeFiles/iio.dir/network.c.o
[ 39%] Building C object CMakeFiles/iio.dir/network-unix.c.o
[ 40%] Building C object CMakeFiles/iio.dir/xml.c.o
[ 42%] Linking C executable test_iiod_command_batch
[ 43%] Building C object CMakeFiles/iio.dir/lock.c.o
[ 45%] Linking C executable test_thread_pool_affinity
[ 46%] Building C object CMakeFiles/iio.dir/iiod-command-batch.c.o
[ 48%] Building C object CMakeFiles/iio.dir/iiod-client.c.o
/tmp/pluto-plus-libiio.otezS0/src/xml.c: In function ‘cleanup_libxml2_stuff’:
/tmp/pluto-plus-libiio.otezS0/src/xml.c:523:9: warning: ‘xmlMemoryDump’ is deprecated: See https://gnome.pages.gitlab.gnome.org/libxml2/html/deprecated.html [-Wdeprecated-declarations]
  523 |         xmlMemoryDump();
      |         ^~~~~~~~~~~~~
In file included from /usr/include/libxml2/libxml/tree.h:33,
                 from /usr/include/libxml2/libxml/parser.h:20,
                 from /usr/include/libxml2/libxml/tree.h:20,
                 from /tmp/pluto-plus-libiio.otezS0/src/xml.c:13:
/usr/include/libxml2/libxml/xmlmemory.h:176:9: note: declared here
  176 |         xmlMemoryDump   (void);
      |         ^~~~~~~~~~~~~
[ 48%] Built target test_iiod_command_batch
[ 48%] Built target test_thread_pool_affinity
/opt/leo-tracker/releases/2bb4c3b1ec806b7c9181ff577a1c87387331f604/.venv/lib/python3.14/site-packages/setuptools/dist.py:765: SetuptoolsDeprecationWarning: License classifiers are deprecated.
!!

        ********************************************************************************
        Please consider removing the following classifiers in favor of a SPDX license expression:

        License :: OSI Approved :: GNU Lesser General Public License v2 or later (LGPLv2+)

        See https://packaging.python.org/en/latest/guides/writing-pyproject-toml/#license for details.
        ********************************************************************************

!!
  self._finalize_license_expression()
[ 50%] Linking C executable test_spf_hop_protocol
[ 51%] Linking C executable test_spf_hop_session
[ 51%] Built target test_spf_hop_protocol
[ 51%] Built target libiio-py
[ 51%] Built target test_spf_hop_session
[ 53%] Linking C executable test_spf_hop_scheduler
[ 53%] Built target test_spf_hop_scheduler
[ 54%] Linking C shared library libiio.so
[ 54%] Built target iio
[ 70%] Building C object tests/CMakeFiles/test_direct_async_transport.dir/__/utilities.c.o
[ 70%] Building C object tests/CMakeFiles/test_direct_async_transport.dir/__/iiod-command-batch.c.o
[ 70%] Building C object tests/CMakeFiles/test_buffer_block_lease.dir/test_buffer_block_lease.c.o
[ 70%] Building C object tests/CMakeFiles/test_buffer_metadata_e2e.dir/test_buffer_metadata_e2e.c.o
[ 70%] Building C object tests/CMakeFiles/iio_tests_helper.dir/gen_code.c.o
[ 70%] Building C object tests/CMakeFiles/test_direct_async_transport.dir/test_direct_async_transport.c.o
[ 70%] Building C object tests/CMakeFiles/test_direct_async_transport.dir/__/iiod-client.c.o
[ 70%] Building C object tests/CMakeFiles/iio_tests_helper.dir/iio_common.c.o
[ 70%] Building C object tests/CMakeFiles/test_direct_async_transport.dir/__/lock.c.o
[ 70%] Building C object tests/CMakeFiles/test_metadata_batch_core.dir/test_metadata_batch_core.c.o
[ 71%] Linking C executable test_buffer_block_lease
[ 71%] Built target test_buffer_block_lease
[ 73%] Linking C executable test_metadata_batch_core
[ 75%] Linking C executable test_buffer_metadata_e2e
[ 76%] Linking C static library libiio_tests_helper.a
[ 76%] Built target test_metadata_batch_core
[ 76%] Built target iio_tests_helper
[ 76%] Built target test_buffer_metadata_e2e
[ 87%] Building C object tests/CMakeFiles/iio_reg.dir/iio_reg.c.o
[ 87%] Building C object tests/CMakeFiles/iio_attr.dir/iio_attr.c.o
[ 87%] Building C object tests/CMakeFiles/iio_writedev.dir/iio_writedev.c.o
[ 87%] Building C object tests/CMakeFiles/iio_genxml.dir/iio_genxml.c.o
[ 87%] Building C object tests/CMakeFiles/iio_info.dir/iio_info.c.o
[ 87%] Building C object tests/CMakeFiles/iio_readdev.dir/iio_readdev.c.o
[ 87%] Building C object tests/CMakeFiles/iio_stresstest.dir/iio_stresstest.c.o
[ 89%] Linking C executable iio_genxml
[ 90%] Linking C executable iio_reg
[ 92%] Built target iio_reg
[ 92%] Built target iio_genxml
[ 92%] Linking C executable iio_info
[ 93%] Linking C executable test_direct_async_transport
[ 95%] Linking C executable iio_readdev
[ 96%] Linking C executable iio_writedev
[ 96%] Built target test_direct_async_transport
[ 96%] Built target iio_info
[ 96%] Built target iio_readdev
[ 96%] Built target iio_writedev
[ 98%] Linking C executable iio_stresstest
[100%] Linking C executable iio_attr
[100%] Built target iio_stresstest
[100%] Built target iio_attr
-- Install configuration: "Release"
-- Installing: /opt/leo-tracker/releases/2bb4c3b1ec806b7c9181ff577a1c87387331f604/.venv/lib/pkgconfig/libiio.pc
-- Installing: /opt/leo-tracker/releases/2bb4c3b1ec806b7c9181ff577a1c87387331f604/.venv/lib/libiio.so.0.25
-- Installing: /opt/leo-tracker/releases/2bb4c3b1ec806b7c9181ff577a1c87387331f604/.venv/lib/libiio.so.0
-- Installing: /opt/leo-tracker/releases/2bb4c3b1ec806b7c9181ff577a1c87387331f604/.venv/lib/libiio.so
-- Installing: /opt/leo-tracker/releases/2bb4c3b1ec806b7c9181ff577a1c87387331f604/.venv/include/iio.h
-- Installing: /opt/leo-tracker/releases/2bb4c3b1ec806b7c9181ff577a1c87387331f604/.venv/bin/iio_genxml
-- Set non-toolchain portion of runtime path of "/opt/leo-tracker/releases/2bb4c3b1ec806b7c9181ff577a1c87387331f604/.venv/bin/iio_genxml" to ""
-- Installing: /opt/leo-tracker/releases/2bb4c3b1ec806b7c9181ff577a1c87387331f604/.venv/bin/iio_info
-- Set non-toolchain portion of runtime path of "/opt/leo-tracker/releases/2bb4c3b1ec806b7c9181ff577a1c87387331f604/.venv/bin/iio_info" to ""
-- Installing: /opt/leo-tracker/releases/2bb4c3b1ec806b7c9181ff577a1c87387331f604/.venv/bin/iio_attr
-- Set non-toolchain portion of runtime path of "/opt/leo-tracker/releases/2bb4c3b1ec806b7c9181ff577a1c87387331f604/.venv/bin/iio_attr" to ""
-- Installing: /opt/leo-tracker/releases/2bb4c3b1ec806b7c9181ff577a1c87387331f604/.venv/bin/iio_readdev
-- Set non-toolchain portion of runtime path of "/opt/leo-tracker/releases/2bb4c3b1ec806b7c9181ff577a1c87387331f604/.venv/bin/iio_readdev" to ""
-- Installing: /opt/leo-tracker/releases/2bb4c3b1ec806b7c9181ff577a1c87387331f604/.venv/bin/iio_reg
-- Set non-toolchain portion of runtime path of "/opt/leo-tracker/releases/2bb4c3b1ec806b7c9181ff577a1c87387331f604/.venv/bin/iio_reg" to ""
-- Installing: /opt/leo-tracker/releases/2bb4c3b1ec806b7c9181ff577a1c87387331f604/.venv/bin/iio_writedev
-- Set non-toolchain portion of runtime path of "/opt/leo-tracker/releases/2bb4c3b1ec806b7c9181ff577a1c87387331f604/.venv/bin/iio_writedev" to ""
-- Installing: /opt/leo-tracker/releases/2bb4c3b1ec806b7c9181ff577a1c87387331f604/.venv/bin/test_spf_hop_protocol
-- Installing: /opt/leo-tracker/releases/2bb4c3b1ec806b7c9181ff577a1c87387331f604/.venv/bin/test_spf_hop_session
-- Installing: /opt/leo-tracker/releases/2bb4c3b1ec806b7c9181ff577a1c87387331f604/.venv/bin/test_spf_hop_scheduler
-- Installing: /opt/leo-tracker/releases/2bb4c3b1ec806b7c9181ff577a1c87387331f604/.venv/bin/iio_stresstest
-- Set non-toolchain portion of runtime path of "/opt/leo-tracker/releases/2bb4c3b1ec806b7c9181ff577a1c87387331f604/.venv/bin/iio_stresstest" to ""
/opt/leo-tracker/releases/2bb4c3b1ec806b7c9181ff577a1c87387331f604/.venv/lib/python3.14/site-packages/setuptools/dist.py:765: SetuptoolsDeprecationWarning: License classifiers are deprecated.
!!

        ********************************************************************************
        Please consider removing the following classifiers in favor of a SPDX license expression:

        License :: OSI Approved :: GNU Lesser General Public License v2 or later (LGPLv2+)

        See https://packaging.python.org/en/latest/guides/writing-pyproject-toml/#license for details.
        ********************************************************************************

!!
  self._finalize_license_expression()
running install
/opt/leo-tracker/releases/2bb4c3b1ec806b7c9181ff577a1c87387331f604/.venv/lib/python3.14/site-packages/setuptools/_distutils/cmd.py:90: SetuptoolsDeprecationWarning: setup.py install is deprecated.
!!

        ********************************************************************************
        Please avoid running ``setup.py`` directly.
        Instead, use pypa/build, pypa/installer or other
        standards-based tools.

        This deprecation is overdue, please update your project and remove deprecated
        calls to avoid build errors in the future.

        See https://blog.ganssle.io/articles/2021/10/setup-py-deprecated.html for details.
        ********************************************************************************

!!
  self.initialize_options()
running build
running build_py
copying iio.py -> build/lib
running install_lib
copying build/lib/iio.py -> /opt/leo-tracker/releases/2bb4c3b1ec806b7c9181ff577a1c87387331f604/.venv/lib/python3.14/site-packages
byte-compiling /opt/leo-tracker/releases/2bb4c3b1ec806b7c9181ff577a1c87387331f604/.venv/lib/python3.14/site-packages/iio.py to iio.cpython-314.pyc
running install_egg_info
running egg_info
creating pylibiio.egg-info
writing pylibiio.egg-info/PKG-INFO
writing dependency_links to pylibiio.egg-info/dependency_links.txt
writing top-level names to pylibiio.egg-info/top_level.txt
writing manifest file 'pylibiio.egg-info/SOURCES.txt'
reading manifest file 'pylibiio.egg-info/SOURCES.txt'
writing manifest file 'pylibiio.egg-info/SOURCES.txt'
Copying pylibiio.egg-info to /opt/leo-tracker/releases/2bb4c3b1ec806b7c9181ff577a1c87387331f604/.venv/lib/python3.14/site-packages/pylibiio-0.25-py3.14.egg-info
running install_scripts
PASS: metadata_abi=3 0.25 (f6c450e) /opt/leo-tracker/releases/2bb4c3b1ec806b7c9181ff577a1c87387331f604/.venv/lib/libiio.so.0.25 backends=('local', 'xml', 'ip', 'usb') receipt=/opt/leo-tracker/releases/2bb4c3b1ec806b7c9181ff577a1c87387331f604/.venv/share/pluto-plus-utils/metadata-runtime.json

Installed immutable metadata-ABI-3 libiio into /opt/leo-tracker/releases/2bb4c3b1ec806b7c9181ff577a1c87387331f604/.venv.
Run: uv run pluto environment
npm WARN deprecated whatwg-encoding@3.1.1: Use @exodus/bytes instead for a more spec-conformant and faster implementation

added 172 packages, and audited 173 packages in 1s

27 packages are looking for funding
  run `npm fund` for details

2 moderate severity vulnerabilities

To address all issues (including breaking changes), run:
  npm audit fix --force

Run `npm audit` for details.

> leo-tracker-web@0.1.0 build
> tsc -b && vite build

vite v7.3.6 building client environment for production...
transforming...
✓ 54 modules transformed.
rendering chunks...
computing gzip size...
dist/index.html                    0.59 kB │ gzip:   0.35 kB
dist/assets/index-BnUF98sI.css    50.28 kB │ gzip:   9.97 kB
dist/assets/sky-api-C1Hz7_9U.js    1.03 kB │ gzip:   0.51 kB
dist/assets/TleView-4RxgpoCr.js    3.51 kB │ gzip:   1.46 kB
dist/assets/index-TcdOXKry.js    374.02 kB │ gzip: 105.51 kB
dist/assets/SkyView-BgJEvwY9.js  532.21 kB │ gzip: 134.89 kB

(!) Some chunks are larger than 500 kB after minification. Consider:
- Using dynamic import() to code-split the application
- Use build.rollupOptions.output.manualChunks to improve chunking: https://rollupjs.org/configuration-options/#output-manualchunks
- Adjust chunk size limit for this warning via build.chunkSizeWarningLimit.
✓ built in 1.02s
verified staged release source revision=2bb4c3b1ec806b7c9181ff577a1c87387331f604 tree=388618ca7fe31b6d79f2042fd57f3023948e051e at /opt/leo-tracker/releases/2bb4c3b1ec806b7c9181ff577a1c87387331f604
validated published release runtime: /opt/leo-tracker/releases/2bb4c3b1ec806b7c9181ff577a1c87387331f604
validated release publication metadata: /opt/leo-tracker/release-metadata/.2bb4c3b1ec806b7c9181ff577a1c87387331f604.wLSfcHs1.tmp
staged immutable release: /opt/leo-tracker/releases/2bb4c3b1ec806b7c9181ff577a1c87387331f604
