{
  "scans": 48,
  "configuration_sha256": "sha256:d1524c45e6e702008221d941240e7a0ac26f13feac87fef73e83f04c9c0a80f6",
  "failed_coarse": 678,
  "recovered_coarse": 570,
  "added_finals": 12,
  "qualification": "baseline stage replay plus fresh integrated recovery; not a cold search",
  "position_tolerance_km": 0.001,
  "objective_tolerance": 0.001,
  "arms": {
    "fitted-c": {
      "baseline": {
        "mean_km": 8.561909784254135,
        "median_km": 1.633508695872834,
        "p95_km": 6.76259349535316,
        "max_km": 312.4088469844919
      },
      "actual": {
        "mean_km": 1.885733124640226,
        "median_km": 1.5179635610625883,
        "p95_km": 4.186129335779212,
        "max_km": 7.314257424317837
      },
      "improved": 2,
      "regressed": 0,
      "unchanged": 46,
      "frequency_and_score": [
        {
          "label": "S14",
          "baseline": {
            "selection_score": 48403.70019210316,
            "posterior_rms_hz": 127.84204217881185
          },
          "actual": {
            "selection_score": 39297.31502804685,
            "posterior_rms_hz": 85.40156654762704
          }
        },
        {
          "label": "S27",
          "baseline": {
            "selection_score": 39461.452259644095,
            "posterior_rms_hz": 120.3877987587144
          },
          "actual": {
            "selection_score": 36497.66215443453,
            "posterior_rms_hz": 86.27091001576312
          }
        }
      ]
    },
    "zero-c": {
      "baseline": {
        "mean_km": 9.223793307111228,
        "median_km": 1.6548122067880886,
        "p95_km": 8.937749557480029,
        "max_km": 312.3743802339939
      },
      "actual": {
        "mean_km": 2.2453778254156718,
        "median_km": 1.6308867694793345,
        "p95_km": 6.108765209680656,
        "max_km": 9.869727928886356
      },
      "improved": 2,
      "regressed": 0,
      "unchanged": 46,
      "frequency_and_score": [
        {
          "label": "S14",
          "baseline": {
            "selection_score": 49129.80763241264,
            "posterior_rms_hz": 153.8003614049011
          },
          "actual": {
            "selection_score": 41321.52676491872,
            "posterior_rms_hz": 145.87200925940036
          }
        },
        {
          "label": "S27",
          "baseline": {
            "selection_score": 39469.35875089748,
            "posterior_rms_hz": 120.66350867024573
          },
          "actual": {
            "selection_score": 36497.77158923633,
            "posterior_rms_hz": 86.3007602999725
          }
        }
      ]
    }
  }
}
