{
  "rows": [
    {
      "dataset": "DS7",
      "method": "ordinary",
      "state": "returned",
      "windows": 4,
      "frames": 56,
      "equal_window_held_gain": -0.0005829067322125486,
      "positive_windows": 0,
      "boundary_frames": 0,
      "in_bounds_injection_boundaries": 0,
      "max_abs_in_bounds_shift_error_hz": 2.1685764295398258e-11,
      "prerequisite_passed": false
    },
    {
      "dataset": "DS7",
      "method": "robust",
      "state": "returned",
      "windows": 4,
      "frames": 56,
      "equal_window_held_gain": -0.0008650089233031323,
      "positive_windows": 0,
      "boundary_frames": 0,
      "in_bounds_injection_boundaries": 0,
      "max_abs_in_bounds_shift_error_hz": 7.071050309031477,
      "prerequisite_passed": false
    },
    {
      "dataset": "DS8",
      "method": "ordinary",
      "state": "returned",
      "windows": 4,
      "frames": 56,
      "equal_window_held_gain": 0.0029015002338147605,
      "positive_windows": 2,
      "boundary_frames": 0,
      "in_bounds_injection_boundaries": 0,
      "max_abs_in_bounds_shift_error_hz": 1.588773557159584e-11,
      "prerequisite_passed": true
    },
    {
      "dataset": "DS8",
      "method": "robust",
      "state": "returned",
      "windows": 4,
      "frames": 56,
      "equal_window_held_gain": 0.00273166784128049,
      "positive_windows": 2,
      "boundary_frames": 0,
      "in_bounds_injection_boundaries": 0,
      "max_abs_in_bounds_shift_error_hz": 7.286154454938924,
      "prerequisite_passed": false
    },
    {
      "dataset": "DS9",
      "method": "ordinary",
      "state": "returned",
      "windows": 4,
      "frames": 56,
      "equal_window_held_gain": 0.002173224465155302,
      "positive_windows": 3,
      "boundary_frames": 0,
      "in_bounds_injection_boundaries": 3,
      "max_abs_in_bounds_shift_error_hz": 3591.44763797854,
      "prerequisite_passed": false
    },
    {
      "dataset": "DS9",
      "method": "robust",
      "state": "returned",
      "windows": 4,
      "frames": 56,
      "equal_window_held_gain": 0.0005853415042539052,
      "positive_windows": 1,
      "boundary_frames": 3,
      "in_bounds_injection_boundaries": 3,
      "max_abs_in_bounds_shift_error_hz": 3938.2659006123386,
      "prerequisite_passed": false
    }
  ],
  "replayed_frames": 168
}
