{
  "groups": [
    {
      "dataset_id": "DS7",
      "requested_records": 15,
      "validated_records": 15,
      "ready": true,
      "sample_rates_hz": {
        "5000000": 8,
        "7500000": 4,
        "10000000": 3
      },
      "start_span_hours": 9.188100770353334,
      "tracks": 877,
      "training_observations": 26350,
      "held_observations": 17737,
      "session_ids": [
        "scan-fw-37939cd7af96ffad",
        "scan-fw-e5806d27e568368e",
        "scan-fw-ff047e7c6fe56c8a",
        "scan-fw-582f1d7247752715",
        "scan-fw-af130a07aa4ae809",
        "scan-fw-53b91e4383b99797",
        "scan-fw-02511088637aaaea",
        "scan-fw-49205c424bbbefdc",
        "scan-fw-a177aad6836951de",
        "scan-fw-35896b80c5b357ab",
        "scan-fw-4aa194987d208183",
        "scan-fw-b54fb2b735148a71",
        "scan-fw-9e2df39a87ca02d5",
        "scan-fw-cbbd87fc332c5f6e",
        "scan-fw-19441e44ae5e633c"
      ]
    },
    {
      "dataset_id": "DS8",
      "requested_records": 15,
      "validated_records": 15,
      "ready": true,
      "sample_rates_hz": {
        "2500000": 6,
        "5000000": 3,
        "7500000": 2,
        "10000000": 4
      },
      "start_span_hours": 6.835242932450278,
      "tracks": 871,
      "training_observations": 22570,
      "held_observations": 14775,
      "session_ids": [
        "scan-fw-71a8c5d5a671e03d",
        "scan-fw-63de40ca07eb3de9",
        "scan-fw-4458a753c0831235",
        "scan-fw-efe97bd2f5f0c682",
        "scan-fw-8c65a34d8462df47",
        "scan-fw-5b388ec120c4851e",
        "scan-fw-3be1961a3182fab5",
        "scan-fw-b461f8ee9bdaa2a6",
        "scan-fw-7121c83a8ce344d7",
        "scan-fw-ceca0a53d9870a35",
        "scan-fw-2f4162179a3b6e76",
        "scan-fw-51a283b9582589f1",
        "scan-fw-0cc7a5f02795e353",
        "scan-fw-a6f67beccf056a46",
        "scan-fw-4e4ec41074459d49"
      ]
    },
    {
      "dataset_id": "DS9",
      "requested_records": 15,
      "validated_records": 15,
      "ready": true,
      "sample_rates_hz": {
        "2500000": 3,
        "5000000": 1,
        "7500000": 4,
        "10000000": 7
      },
      "start_span_hours": 11.547603131117222,
      "tracks": 917,
      "training_observations": 26030,
      "held_observations": 17510,
      "session_ids": [
        "scan-fw-3cfdaa6d75762cad",
        "scan-fw-8ce91116dd492196",
        "scan-fw-7f3239096d8c77b2",
        "scan-fw-ad45b9a69e2655bc",
        "scan-fw-ab85cdd40f05b311",
        "scan-fw-e2b6b79c61866f97",
        "scan-fw-fad62f2672600b46",
        "scan-fw-4e1ee6318427beb7",
        "scan-fw-011cda7401582938",
        "scan-fw-ca35f3507031add4",
        "scan-fw-11479dddefb66a45",
        "scan-fw-f363c7f29141d0b1",
        "scan-fw-4ecd3e5776f2dc23",
        "scan-fw-0243a38abaa8fba4",
        "scan-fw-6376718c921309b1"
      ]
    }
  ],
  "resources": {
    "verified_bindings": 672,
    "job_wall_sum_s": 3079.14,
    "max_job_wall_s": 128.73,
    "max_rss_kib": 891688
  }
}
